Component: ARM Compiler 5.06 update 6 (build 750) Tool: armlink [4d35ed]

==============================================================================

Section Cross References

    interrupts_hc32l17x.o(i.EnableNvic) refers to interrupts_hc32l17x.o(i.__NVIC_SetPriority) for __NVIC_SetPriority
    system_hc32l17x.o(i.$Sub$$main) refers to system_hc32l17x.o(i.SystemInit) for SystemInit
    system_hc32l17x.o(i.$Sub$$main) refers to main.o(i.main) for $Super$$main
    system_hc32l17x.o(i.SystemCoreClockUpdate) refers to sysctrl.o(i.Sysctrl_GetHClkFreq) for Sysctrl_GetHClkFreq
    system_hc32l17x.o(i.SystemCoreClockUpdate) refers to system_hc32l17x.o(.data) for SystemCoreClock
    system_hc32l17x.o(i.SystemInit) refers to system_hc32l17x.o(i.SystemCoreClockUpdate) for SystemCoreClockUpdate
    system_hc32l17x.o(i.SystemInit) refers to system_hc32l17x.o(i._InitHidePin) for _InitHidePin
    startup_hc32l17x.o(RESET) refers to startup_hc32l17x.o(STACK) for __initial_sp
    startup_hc32l17x.o(RESET) refers to startup_hc32l17x.o(.text) for Reset_Handler
    startup_hc32l17x.o(RESET) refers to interrupts_hc32l17x.o(i.HardFault_Handler) for HardFault_Handler
    startup_hc32l17x.o(RESET) refers to interrupts_hc32l17x.o(i.SysTick_Handler) for SysTick_Handler
    startup_hc32l17x.o(RESET) refers to interrupts_hc32l17x.o(i.PORTA_IRQHandler) for PORTA_IRQHandler
    startup_hc32l17x.o(RESET) refers to interrupts_hc32l17x.o(i.PORTB_IRQHandler) for PORTB_IRQHandler
    startup_hc32l17x.o(RESET) refers to interrupts_hc32l17x.o(i.PORTC_E_IRQHandler) for PORTC_E_IRQHandler
    startup_hc32l17x.o(RESET) refers to interrupts_hc32l17x.o(i.PORTD_F_IRQHandler) for PORTD_F_IRQHandler
    startup_hc32l17x.o(RESET) refers to interrupts_hc32l17x.o(i.DMAC_IRQHandler) for DMAC_IRQHandler
    startup_hc32l17x.o(RESET) refers to interrupts_hc32l17x.o(i.TIM3_IRQHandler) for TIM3_IRQHandler
    startup_hc32l17x.o(RESET) refers to interrupts_hc32l17x.o(i.UART0_2_IRQHandler) for UART0_2_IRQHandler
    startup_hc32l17x.o(RESET) refers to interrupts_hc32l17x.o(i.UART1_3_IRQHandler) for UART1_3_IRQHandler
    startup_hc32l17x.o(RESET) refers to interrupts_hc32l17x.o(i.LPUART0_IRQHandler) for LPUART0_IRQHandler
    startup_hc32l17x.o(RESET) refers to interrupts_hc32l17x.o(i.LPUART1_IRQHandler) for LPUART1_IRQHandler
    startup_hc32l17x.o(RESET) refers to interrupts_hc32l17x.o(i.SPI0_IRQHandler) for SPI0_IRQHandler
    startup_hc32l17x.o(RESET) refers to interrupts_hc32l17x.o(i.SPI1_IRQHandler) for SPI1_IRQHandler
    startup_hc32l17x.o(RESET) refers to interrupts_hc32l17x.o(i.I2C0_IRQHandler) for I2C0_IRQHandler
    startup_hc32l17x.o(RESET) refers to interrupts_hc32l17x.o(i.I2C1_IRQHandler) for I2C1_IRQHandler
    startup_hc32l17x.o(RESET) refers to interrupts_hc32l17x.o(i.TIM0_IRQHandler) for TIM0_IRQHandler
    startup_hc32l17x.o(RESET) refers to interrupts_hc32l17x.o(i.TIM1_IRQHandler) for TIM1_IRQHandler
    startup_hc32l17x.o(RESET) refers to interrupts_hc32l17x.o(i.TIM2_IRQHandler) for TIM2_IRQHandler
    startup_hc32l17x.o(RESET) refers to interrupts_hc32l17x.o(i.LPTIM0_1_IRQHandler) for LPTIM0_1_IRQHandler
    startup_hc32l17x.o(RESET) refers to interrupts_hc32l17x.o(i.TIM4_IRQHandler) for TIM4_IRQHandler
    startup_hc32l17x.o(RESET) refers to interrupts_hc32l17x.o(i.TIM5_IRQHandler) for TIM5_IRQHandler
    startup_hc32l17x.o(RESET) refers to interrupts_hc32l17x.o(i.TIM6_IRQHandler) for TIM6_IRQHandler
    startup_hc32l17x.o(RESET) refers to interrupts_hc32l17x.o(i.PCA_IRQHandler) for PCA_IRQHandler
    startup_hc32l17x.o(RESET) refers to interrupts_hc32l17x.o(i.WDT_IRQHandler) for WDT_IRQHandler
    startup_hc32l17x.o(RESET) refers to interrupts_hc32l17x.o(i.RTC_IRQHandler) for RTC_IRQHandler
    startup_hc32l17x.o(RESET) refers to interrupts_hc32l17x.o(i.ADC_DAC_IRQHandler) for ADC_DAC_IRQHandler
    startup_hc32l17x.o(RESET) refers to interrupts_hc32l17x.o(i.PCNT_IRQHandler) for PCNT_IRQHandler
    startup_hc32l17x.o(RESET) refers to interrupts_hc32l17x.o(i.VC0_IRQHandler) for VC0_IRQHandler
    startup_hc32l17x.o(RESET) refers to interrupts_hc32l17x.o(i.VC1_2_IRQHandler) for VC1_2_IRQHandler
    startup_hc32l17x.o(RESET) refers to interrupts_hc32l17x.o(i.LVD_IRQHandler) for LVD_IRQHandler
    startup_hc32l17x.o(RESET) refers to interrupts_hc32l17x.o(i.LCD_IRQHandler) for LCD_IRQHandler
    startup_hc32l17x.o(RESET) refers to interrupts_hc32l17x.o(i.FLASH_RAM_IRQHandler) for FLASH_RAM_IRQHandler
    startup_hc32l17x.o(RESET) refers to interrupts_hc32l17x.o(i.CLKTRIM_IRQHandler) for CLKTRIM_IRQHandler
    startup_hc32l17x.o(.text) refers to system_hc32l17x.o(i.SystemInit) for SystemInit
    startup_hc32l17x.o(.text) refers to entry.o(.ARM.Collect$$$$00000000) for __main
    adc.o(i.Adc_CfgSqrChannel) refers to adc.o(i.__ARM_common_switch8) for __ARM_common_switch8
    adc.o(i.Adc_Init) refers to ddl.o(i.delay10us) for delay10us
    adt.o(i.Adt_Disable3Cfg) refers to adt.o(i.Adt_ClearBrakePort) for Adt_ClearBrakePort
[...]
    Removing spi.o(.revsh_text), (4 bytes).
    Removing spi.o(i.Spi_ClearStatus), (8 bytes).
    Removing spi.o(i.Spi_FuncDisable), (12 bytes).
    Removing spi.o(i.Spi_FuncEnable), (12 bytes).
    Removing spi.o(i.Spi_GetStatus), (18 bytes).
    Removing spi.o(i.Spi_Init), (36 bytes).
    Removing spi.o(i.Spi_IrqDisable), (14 bytes).
    Removing spi.o(i.Spi_IrqEnable), (14 bytes).
    Removing spi.o(i.Spi_RWByte), (34 bytes).
    Removing spi.o(i.Spi_ReceiveBuf), (64 bytes).
    Removing spi.o(i.Spi_ReceiveData), (8 bytes).
    Removing spi.o(i.Spi_SendBuf), (76 bytes).
    Removing spi.o(i.Spi_SendData), (8 bytes).
    Removing spi.o(i.Spi_SetCS), (4 bytes).
    Removing spi.o(i.Spi_Slave_DummyWriteData), (16 bytes).
    Removing sysctrl.o(.rev16_text), (4 bytes).
    Removing sysctrl.o(.revsh_text), (4 bytes).
    Removing sysctrl.o(i.Sysctrl_ClkDeInit), (72 bytes).
    Removing sysctrl.o(i.Sysctrl_ClkInit), (106 bytes).
    Removing sysctrl.o(i.Sysctrl_ClkSourceEnable), (364 bytes).
    Removing sysctrl.o(i.Sysctrl_GetPeripheralGate), (60 bytes).
    Removing sysctrl.o(i.Sysctrl_SetFunc), (28 bytes).
    Removing sysctrl.o(i.Sysctrl_SetHCLKDiv), (40 bytes).
    Removing sysctrl.o(i.Sysctrl_SetPCLKDiv), (40 bytes).
    Removing sysctrl.o(i.Sysctrl_SetPLLFreq), (276 bytes).
    Removing sysctrl.o(i.Sysctrl_SetPLLStableTime), (36 bytes).
    Removing sysctrl.o(i.Sysctrl_SetRCHTrim), (40 bytes).
    Removing sysctrl.o(i.Sysctrl_SetRCLStableTime), (36 bytes).
    Removing sysctrl.o(i.Sysctrl_SetRCLTrim), (40 bytes).
    Removing sysctrl.o(i.Sysctrl_SetRTCAdjustClkFreq), (40 bytes).
    Removing sysctrl.o(i.Sysctrl_SetXTHFreq), (32 bytes).
    Removing sysctrl.o(i.Sysctrl_SetXTHStableTime), (32 bytes).
    Removing sysctrl.o(i.Sysctrl_SetXTLStableTime), (32 bytes).
    Removing sysctrl.o(i.Sysctrl_SysClkSwitch), (44 bytes).
    Removing sysctrl.o(i.Sysctrl_XTHDriverCfg), (28 bytes).
    Removing sysctrl.o(i.Sysctrl_XTLDriverCfg), (52 bytes).
    Removing sysctrl.o(i._SysctrlUnlock), (24 bytes).
    Removing timer3.o(.rev16_text), (4 bytes).
    Removing timer3.o(.revsh_text), (4 bytes).
    Removing timer3.o(i.Tim3_ClearAllIntFlag), (16 bytes).
    Removing timer3.o(i.Tim3_ClearIntFlag), (20 bytes).
    Removing timer3.o(i.Tim3_GetIntFlag), (24 bytes).
    Removing timer3.o(i.Tim3_M0_ARRSet), (28 bytes).
    Removing timer3.o(i.Tim3_M0_Cnt16Get), (16 bytes).
    Removing timer3.o(i.Tim3_M0_Cnt16Set), (28 bytes).
    Removing timer3.o(i.Tim3_M0_Cnt32Get), (12 bytes).
    Removing timer3.o(i.Tim3_M0_Cnt32Set), (20 bytes).
    Removing timer3.o(i.Tim3_M0_EnTOG), (32 bytes).
    Removing timer3.o(i.Tim3_M0_Enable_Output), (36 bytes).
    Removing timer3.o(i.Tim3_M0_Run), (24 bytes).
    Removing timer3.o(i.Tim3_M0_Stop), (20 bytes).
    Removing timer3.o(i.Tim3_M1_Cnt16Get), (16 bytes).
    Removing timer3.o(i.Tim3_M1_Cnt16Set), (28 bytes).
    Removing timer3.o(i.Tim3_M1_Input_Cfg), (172 bytes).
    Removing timer3.o(i.Tim3_M1_PWC_CapValueGet), (16 bytes).
    Removing timer3.o(i.Tim3_M1_PWC_Edge_Sel), (152 bytes).
    Removing timer3.o(i.Tim3_M1_Run), (24 bytes).
    Removing timer3.o(i.Tim3_M1_Stop), (20 bytes).
    Removing timer3.o(i.Tim3_M23_ARRSet), (48 bytes).
    Removing timer3.o(i.Tim3_M23_BrakeInput_Cfg), (280 bytes).
    Removing timer3.o(i.Tim3_M23_CCR_Get), (96 bytes).
    Removing timer3.o(i.Tim3_M23_CCR_Set), (168 bytes).
    Removing timer3.o(i.Tim3_M23_Cnt16Get), (16 bytes).
    Removing timer3.o(i.Tim3_M23_Cnt16Set), (28 bytes).
    Removing timer3.o(i.Tim3_M23_DT_Cfg), (56 bytes).
    Removing timer3.o(i.Tim3_M23_ETRInput_Cfg), (60 bytes).
    Removing timer3.o(i.Tim3_M23_EnDMA), (216 bytes).
    Removing timer3.o(i.Tim3_M23_EnPWM_Output), (56 bytes).
    Removing timer3.o(i.Tim3_M23_EnSwBk), (24 bytes).
    Removing timer3.o(i.Tim3_M23_EnSwTrig), (24 bytes).
    Removing timer3.o(i.Tim3_M23_EnSwTrigCapCmpA), (76 bytes).
    Removing timer3.o(i.Tim3_M23_EnSwTrigCapCmpB), (76 bytes).
    Removing timer3.o(i.Tim3_M23_EnSwUev), (24 bytes).
    Removing timer3.o(i.Tim3_M23_GateFuncSel), (84 bytes).
    Removing timer3.o(i.Tim3_M23_MasterSlave_Set), (104 bytes).
    Removing timer3.o(i.Tim3_M23_OCRefClr), (60 bytes).
    Removing timer3.o(i.Tim3_M23_PortInput_Cfg), (544 bytes).
    Removing timer3.o(i.Tim3_M23_PortOutput_Cfg), (692 bytes).
    Removing timer3.o(i.Tim3_M23_Run), (24 bytes).
    Removing timer3.o(i.Tim3_M23_SetValidPeriod), (28 bytes).
    Removing timer3.o(i.Tim3_M23_Stop), (20 bytes).
    Removing timer3.o(i.Tim3_M23_TrigADC_Cfg), (188 bytes).
    Removing timer3.o(i.Tim3_Mode0_DisableIrq), (24 bytes).
    Removing timer3.o(i.Tim3_Mode0_EnableIrq), (24 bytes).
    Removing timer3.o(i.Tim3_Mode0_Init), (172 bytes).
    Removing timer3.o(i.Tim3_Mode1_DisableIrq), (60 bytes).
    Removing timer3.o(i.Tim3_Mode1_EnableIrq), (64 bytes).
    Removing timer3.o(i.Tim3_Mode1_Init), (104 bytes).
    Removing timer3.o(i.Tim3_Mode23_DisableIrq), (188 bytes).
    Removing timer3.o(i.Tim3_Mode23_EnableIrq), (204 bytes).
    Removing timer3.o(i.Tim3_Mode23_Init), (192 bytes).
    Removing trim.o(.rev16_text), (4 bytes).
    Removing trim.o(.revsh_text), (4 bytes).
    Removing trim.o(i.Trim_CalCntGet), (12 bytes).
    Removing trim.o(i.Trim_ClearIntFlag), (20 bytes).
    Removing trim.o(i.Trim_DisableIrq), (20 bytes).
    Removing trim.o(i.Trim_EnableIrq), (20 bytes).
    Removing trim.o(i.Trim_GetIntFlag), (24 bytes).
    Removing trim.o(i.Trim_Init), (40 bytes).
    Removing trim.o(i.Trim_RefCntGet), (12 bytes).
    Removing trim.o(i.Trim_Run), (20 bytes).
    Removing trim.o(i.Trim_Stop), (20 bytes).
    Removing trng.o(.rev16_text), (4 bytes).
    Removing trng.o(.revsh_text), (4 bytes).
    Removing trng.o(i.Trng_Generate), (168 bytes).
    Removing trng.o(i.Trng_GetData0), (12 bytes).
    Removing trng.o(i.Trng_GetData1), (12 bytes).
    Removing trng.o(i.Trng_Init), (168 bytes).
    Removing uart.o(.rev16_text), (4 bytes).
    Removing uart.o(.revsh_text), (4 bytes).
    Removing uart.o(i.Uart_ClrIsr), (8 bytes).
    Removing uart.o(i.Uart_DisableFunc), (20 bytes).
    Removing uart.o(i.Uart_DisableIrq), (20 bytes).
    Removing uart.o(i.Uart_GetIsr), (8 bytes).
    Removing uart.o(i.Uart_GetRb8), (10 bytes).
    Removing uart.o(i.Uart_GetStatus), (24 bytes).
    Removing uart.o(i.Uart_HdModeDisable), (12 bytes).
    Removing uart.o(i.Uart_HdModeEnable), (14 bytes).
    Removing uart.o(i.Uart_ReceiveData), (8 bytes).
    Removing uart.o(i.Uart_SendDataPoll), (58 bytes).
    Removing uart.o(i.Uart_SetMultiMode), (34 bytes).
    Removing uart.o(i.Uart_SetSaddr), (8 bytes).
    Removing uart.o(i.Uart_SetTb8), (20 bytes).
    Removing vc.o(.rev16_text), (4 bytes).
    Removing vc.o(.revsh_text), (4 bytes).
    Removing vc.o(i.Vc_CfgItType), (140 bytes).
    Removing vc.o(i.Vc_ClearItStatus), (20 bytes).
    Removing vc.o(i.Vc_Cmd), (72 bytes).
    Removing vc.o(i.Vc_DacInit), (96 bytes).
    Removing vc.o(i.Vc_GetItStatus), (24 bytes).
    Removing vc.o(i.Vc_Init), (484 bytes).
    Removing vc.o(i.Vc_ItCfg), (72 bytes).
    Removing wdt.o(.rev16_text), (4 bytes).
    Removing wdt.o(.revsh_text), (4 bytes).
    Removing wdt.o(i.Wdt_Feed), (16 bytes).
    Removing wdt.o(i.Wdt_GetIrqStatus), (24 bytes).
    Removing wdt.o(i.Wdt_Init), (44 bytes).
    Removing wdt.o(i.Wdt_IrqClr), (16 bytes).
    Removing wdt.o(i.Wdt_ReadWdtValue), (16 bytes).
    Removing wdt.o(i.Wdt_ReadwdtStatus), (24 bytes).
    Removing wdt.o(i.Wdt_Start), (16 bytes).
    Removing wdt.o(i.Wdt_WriteWdtLoad), (24 bytes).
    Removing main.o(.rev16_text), (4 bytes).
    Removing main.o(.revsh_text), (4 bytes).
    Removing system_uart.o(.rev16_text), (4 bytes).
    Removing system_uart.o(.revsh_text), (4 bytes).
    Removing system_uart.o(i.system_uart0_config_off), (116 bytes).
    Removing cfs_port_device_flash.o(.rev16_text), (4 bytes).
    Removing cfs_port_device_flash.o(.revsh_text), (4 bytes).
    Removing cfs_port_device_flash.o(i.cfs_port_system_flash_read), (20 bytes).
    Removing cfs_port_device_flash.o(i.cfs_port_system_flash_write_double_word), (4 bytes).
    Removing retarget_io.o(i.__backspace), (8 bytes).
    Removing retarget_io.o(i.fgetc), (8 bytes).
    Removing dadd.o(.text), (356 bytes).
    Removing dmul.o(.text), (208 bytes).
    Removing ddiv.o(.text), (240 bytes).
    Removing dfixul.o(.text), (64 bytes).
    Removing cdrcmple.o(.text), (40 bytes).
    Removing depilogue.o(.text), (190 bytes).
    Removing depilogue.o(i.__ARM_clz), (46 bytes).

573 unused section(s) (total 29024 bytes) removed from the image.

==============================================================================

Image Symbol Table

    Local Symbols

    Symbol Name                              Value     Ov Type        Size  Object(Section)

    RESET                                    0x00000000   Section      192  startup_hc32l17x.o(RESET)
    ../clib/microlib/division.c              0x00000000   Number         0  uidiv.o ABSOLUTE
    ../clib/microlib/division.c              0x00000000   Number         0  idiv.o ABSOLUTE
    ../clib/microlib/division.c              0x00000000   Number         0  uldiv.o ABSOLUTE
    ../clib/microlib/init/entry.s            0x00000000   Number         0  entry9a.o ABSOLUTE
    ../clib/microlib/init/entry.s            0x00000000   Number         0  entry8b.o ABSOLUTE
    ../clib/microlib/init/entry.s            0x00000000   Number         0  entry8a.o ABSOLUTE
    ../clib/microlib/init/entry.s            0x00000000   Number         0  entry7a.o ABSOLUTE
    ../clib/microlib/init/entry.s            0x00000000   Number         0  entry5.o ABSOLUTE
    ../clib/microlib/init/entry.s            0x00000000   Number         0  entry2.o ABSOLUTE
    ../clib/microlib/init/entry.s            0x00000000   Number         0  entry11b.o ABSOLUTE
    ../clib/microlib/init/entry.s            0x00000000   Number         0  entry11a.o ABSOLUTE
    ../clib/microlib/init/entry.s            0x00000000   Number         0  entry10b.o ABSOLUTE
    ../clib/microlib/init/entry.s            0x00000000   Number         0  entry.o ABSOLUTE
    ../clib/microlib/init/entry.s            0x00000000   Number         0  entry10a.o ABSOLUTE
    ../clib/microlib/init/entry.s            0x00000000   Number         0  entry9b.o ABSOLUTE
    ../clib/microlib/init/entry.s            0x00000000   Number         0  entry7b.o ABSOLUTE
    ../clib/microlib/longlong.c              0x00000000   Number         0  llsshr.o ABSOLUTE
    ../clib/microlib/longlong.c              0x00000000   Number         0  llushr.o ABSOLUTE
    ../clib/microlib/longlong.c              0x00000000   Number         0  llshl.o ABSOLUTE
    ../clib/microlib/malloc/malloc.c         0x00000000   Number         0  malloca.o ABSOLUTE
    ../clib/microlib/malloc/malloc.c         0x00000000   Number         0  mallocr.o ABSOLUTE
    ../clib/microlib/malloc/malloc.c         0x00000000   Number         0  malloc.o ABSOLUTE
    ../clib/microlib/malloc/malloc.c         0x00000000   Number         0  mallocra.o ABSOLUTE
    ../clib/microlib/malloc/mvars.c          0x00000000   Number         0  mvars.o ABSOLUTE
    ../clib/microlib/printf/printf.c         0x00000000   Number         0  printf5.o ABSOLUTE
    ../clib/microlib/printf/printf.c         0x00000000   Number         0  printf6.o ABSOLUTE
    ../clib/microlib/printf/printf.c         0x00000000   Number         0  printfa.o ABSOLUTE
    ../clib/microlib/printf/printf.c         0x00000000   Number         0  printf7.o ABSOLUTE
    ../clib/microlib/printf/printf.c         0x00000000   Number         0  printf1.o ABSOLUTE
    ../clib/microlib/printf/printf.c         0x00000000   Number         0  printf2.o ABSOLUTE
    ../clib/microlib/printf/printf.c         0x00000000   Number         0  printfb.o ABSOLUTE
    ../clib/microlib/printf/printf.c         0x00000000   Number         0  printf3.o ABSOLUTE
    ../clib/microlib/printf/printf.c         0x00000000   Number         0  printf0.o ABSOLUTE
    ../clib/microlib/printf/printf.c         0x00000000   Number         0  printf4.o ABSOLUTE
    ../clib/microlib/printf/printf.c         0x00000000   Number         0  printf8.o ABSOLUTE
    ../clib/microlib/printf/stubs.s          0x00000000   Number         0  stubs.o ABSOLUTE
    ../clib/microlib/stdio/fputs.c           0x00000000   Number         0  fputs.o ABSOLUTE
    ../clib/microlib/stdio/fputs.c           0x00000000   Number         0  fputs_e.o ABSOLUTE
    ../clib/microlib/stdio/streams.c         0x00000000   Number         0  stderr.o ABSOLUTE
    ../clib/microlib/stdio/streams.c         0x00000000   Number         0  stdout.o ABSOLUTE
    ../clib/microlib/string/memcmp.c         0x00000000   Number         0  memcmp.o ABSOLUTE
    ../clib/microlib/string/memcpy.c         0x00000000   Number         0  memcpyb.o ABSOLUTE
    ../clib/microlib/string/memcpy.c         0x00000000   Number         0  memcpya.o ABSOLUTE
    ../clib/microlib/string/memset.c         0x00000000   Number         0  memseta.o ABSOLUTE
    ../clib/microlib/string/strcmp.c         0x00000000   Number         0  strcmp.o ABSOLUTE
    ../clib/microlib/string/strlen.c         0x00000000   Number         0  strlen.o ABSOLUTE
    ../clib/microlib/stubs.s                 0x00000000   Number         0  iusefp.o ABSOLUTE
    ../clib/microlib/unhosted.c              0x00000000   Number         0  uread4.o ABSOLUTE
    ../fplib/microlib/fpadd.c                0x00000000   Number         0  fadd.o ABSOLUTE
    ../fplib/microlib/fpadd.c                0x00000000   Number         0  dadd.o ABSOLUTE
    ../fplib/microlib/fpdiv.c                0x00000000   Number         0  ddiv.o ABSOLUTE
    ../fplib/microlib/fpdiv.c                0x00000000   Number         0  fdiv.o ABSOLUTE
    ../fplib/microlib/fpepilogue.c           0x00000000   Number         0  fepilogue.o ABSOLUTE
    ../fplib/microlib/fpepilogue.c           0x00000000   Number         0  depilogue.o ABSOLUTE
    ../fplib/microlib/fpfix.c                0x00000000   Number         0  dfixul.o ABSOLUTE
    ../fplib/microlib/fpfix.c                0x00000000   Number         0  ffixui.o ABSOLUTE
    ../fplib/microlib/fpflt.c                0x00000000   Number         0  ffltui.o ABSOLUTE
    ../fplib/microlib/fpmul.c                0x00000000   Number         0  dmul.o ABSOLUTE
    ..\..\cfs\cfs_demo.c                     0x00000000   Number         0  cfs_demo.o ABSOLUTE
    ..\..\cfs\cfs_port_device_flash.c        0x00000000   Number         0  cfs_port_device_flash.o ABSOLUTE
    ..\..\common\interrupts_hc32l17x.c       0x00000000   Number         0  interrupts_hc32l17x.o ABSOLUTE
    ..\..\common\startup_hc32l17x.s          0x00000000   Number         0  startup_hc32l17x.o ABSOLUTE
    ..\..\common\system_hc32l17x.c           0x00000000   Number         0  system_hc32l17x.o ABSOLUTE
    ..\..\driver\src\adc.c                   0x00000000   Number         0  adc.o ABSOLUTE
    ..\..\driver\src\adt.c                   0x00000000   Number         0  adt.o ABSOLUTE
    ..\..\driver\src\aes.c                   0x00000000   Number         0  aes.o ABSOLUTE
    ..\..\driver\src\bgr.c                   0x00000000   Number         0  bgr.o ABSOLUTE
    ..\..\driver\src\bt.c                    0x00000000   Number         0  bt.o ABSOLUTE
    ..\..\driver\src\crc.c                   0x00000000   Number         0  crc.o ABSOLUTE
    ..\..\driver\src\dac.c                   0x00000000   Number         0  dac.o ABSOLUTE
    ..\..\driver\src\ddl.c                   0x00000000   Number         0  ddl.o ABSOLUTE
    ..\..\driver\src\debug.c                 0x00000000   Number         0  debug.o ABSOLUTE
    ..\..\driver\src\dmac.c                  0x00000000   Number         0  dmac.o ABSOLUTE
    ..\..\driver\src\flash.c                 0x00000000   Number         0  flash.o ABSOLUTE
    ..\..\driver\src\gpio.c                  0x00000000   Number         0  gpio.o ABSOLUTE
    ..\..\driver\src\i2c.c                   0x00000000   Number         0  i2c.o ABSOLUTE
    ..\..\driver\src\lcd.c                   0x00000000   Number         0  lcd.o ABSOLUTE
    ..\..\driver\src\lpm.c                   0x00000000   Number         0  lpm.o ABSOLUTE
    ..\..\driver\src\lptim.c                 0x00000000   Number         0  lptim.o ABSOLUTE
    ..\..\driver\src\lpuart.c                0x00000000   Number         0  lpuart.o ABSOLUTE
    ..\..\driver\src\lvd.c                   0x00000000   Number         0  lvd.o ABSOLUTE
    ..\..\driver\src\opa.c                   0x00000000   Number         0  opa.o ABSOLUTE
    ..\..\driver\src\pca.c                   0x00000000   Number         0  pca.o ABSOLUTE
    ..\..\driver\src\pcnt.c                  0x00000000   Number         0  pcnt.o ABSOLUTE
    ..\..\driver\src\ram.c                   0x00000000   Number         0  ram.o ABSOLUTE
    ..\..\driver\src\reset.c                 0x00000000   Number         0  reset.o ABSOLUTE
    ..\..\driver\src\rtc.c                   0x00000000   Number         0  rtc.o ABSOLUTE
    ..\..\driver\src\spi.c                   0x00000000   Number         0  spi.o ABSOLUTE
    ..\..\driver\src\sysctrl.c               0x00000000   Number         0  sysctrl.o ABSOLUTE
    ..\..\driver\src\timer3.c                0x00000000   Number         0  timer3.o ABSOLUTE
    ..\..\driver\src\trim.c                  0x00000000   Number         0  trim.o ABSOLUTE
    ..\..\driver\src\trng.c                  0x00000000   Number         0  trng.o ABSOLUTE
    ..\..\driver\src\uart.c                  0x00000000   Number         0  uart.o ABSOLUTE
    ..\..\driver\src\vc.c                    0x00000000   Number         0  vc.o ABSOLUTE
    ..\..\driver\src\wdt.c                   0x00000000   Number         0  wdt.o ABSOLUTE
    ..\\..\\cfs\\cfs_port_device_flash.c     0x00000000   Number         0  cfs_port_device_flash.o ABSOLUTE
    ..\\..\\common\\interrupts_hc32l17x.c    0x00000000   Number         0  interrupts_hc32l17x.o ABSOLUTE
    ..\\..\\common\\system_hc32l17x.c        0x00000000   Number         0  system_hc32l17x.o ABSOLUTE
    ..\\..\\driver\\src\\adc.c               0x00000000   Number         0  adc.o ABSOLUTE
    ..\\..\\driver\\src\\adt.c               0x00000000   Number         0  adt.o ABSOLUTE
    ..\\..\\driver\\src\\aes.c               0x00000000   Number         0  aes.o ABSOLUTE
    ..\\..\\driver\\src\\bgr.c               0x00000000   Number         0  bgr.o ABSOLUTE
    ..\\..\\driver\\src\\bt.c                0x00000000   Number         0  bt.o ABSOLUTE
    ..\\..\\driver\\src\\crc.c               0x00000000   Number         0  crc.o ABSOLUTE
    ..\\..\\driver\\src\\dac.c               0x00000000   Number         0  dac.o ABSOLUTE
    ..\\..\\driver\\src\\ddl.c               0x00000000   Number         0  ddl.o ABSOLUTE
    ..\\..\\driver\\src\\debug.c             0x00000000   Number         0  debug.o ABSOLUTE
    ..\\..\\driver\\src\\dmac.c              0x00000000   Number         0  dmac.o ABSOLUTE
    ..\\..\\driver\\src\\flash.c             0x00000000   Number         0  flash.o ABSOLUTE
    ..\\..\\driver\\src\\gpio.c              0x00000000   Number         0  gpio.o ABSOLUTE
    ..\\..\\driver\\src\\i2c.c               0x00000000   Number         0  i2c.o ABSOLUTE
    ..\\..\\driver\\src\\lcd.c               0x00000000   Number         0  lcd.o ABSOLUTE
    ..\\..\\driver\\src\\lpm.c               0x00000000   Number         0  lpm.o ABSOLUTE
    ..\\..\\driver\\src\\lptim.c             0x00000000   Number         0  lptim.o ABSOLUTE
    ..\\..\\driver\\src\\lpuart.c            0x00000000   Number         0  lpuart.o ABSOLUTE
    ..\\..\\driver\\src\\lvd.c               0x00000000   Number         0  lvd.o ABSOLUTE
    ..\\..\\driver\\src\\opa.c               0x00000000   Number         0  opa.o ABSOLUTE
    ..\\..\\driver\\src\\pca.c               0x00000000   Number         0  pca.o ABSOLUTE
    ..\\..\\driver\\src\\pcnt.c              0x00000000   Number         0  pcnt.o ABSOLUTE
    ..\\..\\driver\\src\\ram.c               0x00000000   Number         0  ram.o ABSOLUTE
    ..\\..\\driver\\src\\reset.c             0x00000000   Number         0  reset.o ABSOLUTE
    ..\\..\\driver\\src\\rtc.c               0x00000000   Number         0  rtc.o ABSOLUTE
    ..\\..\\driver\\src\\spi.c               0x00000000   Number         0  spi.o ABSOLUTE
    ..\\..\\driver\\src\\sysctrl.c           0x00000000   Number         0  sysctrl.o ABSOLUTE
    ..\\..\\driver\\src\\timer3.c            0x00000000   Number         0  timer3.o ABSOLUTE
    ..\\..\\driver\\src\\trim.c              0x00000000   Number         0  trim.o ABSOLUTE
    ..\\..\\driver\\src\\trng.c              0x00000000   Number         0  trng.o ABSOLUTE
    ..\\..\\driver\\src\\uart.c              0x00000000   Number         0  uart.o ABSOLUTE
    ..\\..\\driver\\src\\vc.c                0x00000000   Number         0  vc.o ABSOLUTE
    ..\\..\\driver\\src\\wdt.c               0x00000000   Number         0  wdt.o ABSOLUTE
    ..\\source\\main.c                       0x00000000   Number         0  main.o ABSOLUTE
    ..\\user\\user_src\\system_uart.c        0x00000000   Number         0  system_uart.o ABSOLUTE
    ..\source\main.c                         0x00000000   Number         0  main.o ABSOLUTE
    ..\user\user_src\system_uart.c           0x00000000   Number         0  system_uart.o ABSOLUTE
    C:\GitRepository\CycleFlash\cycleflash\src\cfs_system_memory.c 0x00000000   Number         0  cfs_system_memory.o ABSOLUTE
    C:\GitRepository\CycleFlash\cycleflash\src\cfs_system_middle.c 0x00000000   Number         0  cfs_system_middle.o ABSOLUTE
    C:\GitRepository\CycleFlash\cycleflash\src\cfs_system_utils.c 0x00000000   Number         0  cfs_system_utils.o ABSOLUTE
    C:\GitRepository\CycleFlash\cycleflash\src\cycle_flash_system.c 0x00000000   Number         0  cycle_flash_system.o ABSOLUTE
    C:\Users\11983\AppData\Local\Arm\Packs\Keil\ARM_Compiler\1.6.1\Source\retarget_io.c 0x00000000   Number         0  retarget_io.o ABSOLUTE
    cdrcmple.s                               0x00000000   Number         0  cdrcmple.o ABSOLUTE
    dc.s                                     0x00000000   Number         0  dc.o ABSOLUTE
    handlers.s                               0x00000000   Number         0  handlers.o ABSOLUTE
    init.s                                   0x00000000   Number         0  init.o ABSOLUTE
    .ARM.Collect$$$$00000000                 0x000000c0   Section        0  entry.o(.ARM.Collect$$$$00000000)
    .ARM.Collect$$$$00000001                 0x000000c0   Section        4  entry2.o(.ARM.Collect$$$$00000001)
    .ARM.Collect$$$$00000004                 0x000000c4   Section        4  entry5.o(.ARM.Collect$$$$00000004)
    .ARM.Collect$$$$00000008                 0x000000c8   Section        0  entry7b.o(.ARM.Collect$$$$00000008)
    .ARM.Collect$$$$0000000A                 0x000000c8   Section        0  entry8b.o(.ARM.Collect$$$$0000000A)
    .ARM.Collect$$$$0000000B                 0x000000c8   Section        8  entry9a.o(.ARM.Collect$$$$0000000B)
    .ARM.Collect$$$$0000000D                 0x000000d0   Section        0  entry10a.o(.ARM.Collect$$$$0000000D)
    .ARM.Collect$$$$0000000F                 0x000000d0   Section        0  entry11a.o(.ARM.Collect$$$$0000000F)
    .ARM.Collect$$$$00002712                 0x000000d0   Section        4  entry2.o(.ARM.Collect$$$$00002712)
    __lit__00000000                          0x000000d0   Data           4  entry2.o(.ARM.Collect$$$$00002712)
    .text                                    0x000000d4   Section       60  startup_hc32l17x.o(.text)
    .text                                    0x00000110   Section        0  uidiv.o(.text)
    .text                                    0x0000013c   Section        0  idiv.o(.text)
    .text                                    0x00000164   Section        0  memcpya.o(.text)
    .text                                    0x00000188   Section        0  memseta.o(.text)
    .text                                    0x000001ac   Section        0  strlen.o(.text)
    .text                                    0x000001ba   Section        0  strcmp.o(.text)
    .text                                    0x000001d6   Section        0  memcmp.o(.text)
    .text                                    0x000001f0   Section        0  uread4.o(.text)
    .text                                    0x00000204   Section        0  fadd.o(.text)
    .text                                    0x000002b6   Section        0  fdiv.o(.text)
    .text                                    0x00000332   Section        0  ffltui.o(.text)
    .text                                    0x00000340   Section        0  ffixui.o(.text)
    .text                                    0x00000368   Section        0  uldiv.o(.text)
    .text                                    0x000003c8   Section        0  iusefp.o(.text)
    .text                                    0x000003c8   Section        0  fepilogue.o(.text)
    .text                                    0x0000044c   Section       36  init.o(.text)
    .text                                    0x00000470   Section        0  llshl.o(.text)
    .text                                    0x00000490   Section        0  llushr.o(.text)
    i.$Sub$$main                             0x000004b2   Section        0  system_hc32l17x.o(i.$Sub$$main)
    i.ADC_DAC_IRQHandler                     0x000004c0   Section        0  interrupts_hc32l17x.o(i.ADC_DAC_IRQHandler)
    i.CLKTRIM_IRQHandler                     0x000004cc   Section        0  interrupts_hc32l17x.o(i.CLKTRIM_IRQHandler)
    i.DMAC_IRQHandler                        0x000004d4   Section        0  interrupts_hc32l17x.o(i.DMAC_IRQHandler)
    i.FLASH_RAM_IRQHandler                   0x000004dc   Section        0  interrupts_hc32l17x.o(i.FLASH_RAM_IRQHandler)
    i.Flash_LockAll                          0x000004e8   Section        0  flash.o(i.Flash_LockAll)
    i.Flash_SectorErase                      0x00000510   Section        0  flash.o(i.Flash_SectorErase)
    i.Flash_UnlockAll                        0x000005c0   Section        0  flash.o(i.Flash_UnlockAll)
    i.Flash_WriteByte                        0x000005ec   Section        0  flash.o(i.Flash_WriteByte)
    i.Flash_WriteHalfWord                    0x0000069c   Section        0  flash.o(i.Flash_WriteHalfWord)
    i.Flash_WriteWord                        0x0000074c   Section        0  flash.o(i.Flash_WriteWord)
    i.Gpio_Init                              0x000007fc   Section        0  gpio.o(i.Gpio_Init)
    i.Gpio_SetAfMode                         0x00000898   Section        0  gpio.o(i.Gpio_SetAfMode)
    i.HardFault_Handler                      0x000008ac   Section        0  interrupts_hc32l17x.o(i.HardFault_Handler)
    i.I2C0_IRQHandler                        0x000008bc   Section        0  interrupts_hc32l17x.o(i.I2C0_IRQHandler)
    i.I2C1_IRQHandler                        0x000008c4   Section        0  interrupts_hc32l17x.o(i.I2C1_IRQHandler)
    i.LCD_IRQHandler                         0x000008cc   Section        0  interrupts_hc32l17x.o(i.LCD_IRQHandler)
    i.LPTIM0_1_IRQHandler                    0x000008d4   Section        0  interrupts_hc32l17x.o(i.LPTIM0_1_IRQHandler)
    i.LPUART0_IRQHandler                     0x000008e0   Section        0  interrupts_hc32l17x.o(i.LPUART0_IRQHandler)
    i.LPUART1_IRQHandler                     0x000008e8   Section        0  interrupts_hc32l17x.o(i.LPUART1_IRQHandler)
    i.LVD_IRQHandler                         0x000008f0   Section        0  interrupts_hc32l17x.o(i.LVD_IRQHandler)
    i.PCA_IRQHandler                         0x000008f8   Section        0  interrupts_hc32l17x.o(i.PCA_IRQHandler)
    i.PCNT_IRQHandler                        0x00000900   Section        0  interrupts_hc32l17x.o(i.PCNT_IRQHandler)
    i.PORTA_IRQHandler                       0x00000908   Section        0  interrupts_hc32l17x.o(i.PORTA_IRQHandler)
    i.PORTB_IRQHandler                       0x00000910   Section        0  interrupts_hc32l17x.o(i.PORTB_IRQHandler)
    i.PORTC_E_IRQHandler                     0x00000918   Section        0  interrupts_hc32l17x.o(i.PORTC_E_IRQHandler)
    i.PORTD_F_IRQHandler                     0x00000924   Section        0  interrupts_hc32l17x.o(i.PORTD_F_IRQHandler)
    i.RTC_IRQHandler                         0x00000930   Section        0  interrupts_hc32l17x.o(i.RTC_IRQHandler)
    i.SPI0_IRQHandler                        0x00000938   Section        0  interrupts_hc32l17x.o(i.SPI0_IRQHandler)
    i.SPI1_IRQHandler                        0x00000940   Section        0  interrupts_hc32l17x.o(i.SPI1_IRQHandler)
    i.SetBit                                 0x00000948   Section        0  ddl.o(i.SetBit)
    i.SysTick_Handler                        0x00000966   Section        0  interrupts_hc32l17x.o(i.SysTick_Handler)
    i.Sysctrl_GetHClkFreq                    0x00000970   Section        0  sysctrl.o(i.Sysctrl_GetHClkFreq)
    i.Sysctrl_GetPClkFreq                    0x00000ae4   Section        0  sysctrl.o(i.Sysctrl_GetPClkFreq)
    i.Sysctrl_SetPeripheralGate              0x00000b04   Section        0  sysctrl.o(i.Sysctrl_SetPeripheralGate)
    i.SystemCoreClockUpdate                  0x00000b54   Section        0  system_hc32l17x.o(i.SystemCoreClockUpdate)
    i.SystemInit                             0x00000b64   Section        0  system_hc32l17x.o(i.SystemInit)
    i.TIM0_IRQHandler                        0x00000ba4   Section        0  interrupts_hc32l17x.o(i.TIM0_IRQHandler)
    i.TIM1_IRQHandler                        0x00000bac   Section        0  interrupts_hc32l17x.o(i.TIM1_IRQHandler)
    i.TIM2_IRQHandler                        0x00000bb4   Section        0  interrupts_hc32l17x.o(i.TIM2_IRQHandler)
    i.TIM3_IRQHandler                        0x00000bbc   Section        0  interrupts_hc32l17x.o(i.TIM3_IRQHandler)
    i.TIM4_IRQHandler                        0x00000bc4   Section        0  interrupts_hc32l17x.o(i.TIM4_IRQHandler)
    i.TIM5_IRQHandler                        0x00000bcc   Section        0  interrupts_hc32l17x.o(i.TIM5_IRQHandler)
    i.TIM6_IRQHandler                        0x00000bd4   Section        0  interrupts_hc32l17x.o(i.TIM6_IRQHandler)
    i.UART0_2_IRQHandler                     0x00000bdc   Section        0  interrupts_hc32l17x.o(i.UART0_2_IRQHandler)
    i.UART1_3_IRQHandler                     0x00000be8   Section        0  interrupts_hc32l17x.o(i.UART1_3_IRQHandler)
    i.Uart_ClrStatus                         0x00000bf4   Section        0  uart.o(i.Uart_ClrStatus)
    i.Uart_EnableFunc                        0x00000c0a   Section        0  uart.o(i.Uart_EnableFunc)
    i.Uart_EnableIrq                         0x00000c1e   Section        0  uart.o(i.Uart_EnableIrq)
    i.Uart_Init                              0x00000c34   Section        0  uart.o(i.Uart_Init)
    i.Uart_SendDataIt                        0x00000cc8   Section        0  uart.o(i.Uart_SendDataIt)
    i.VC0_IRQHandler                         0x00000cda   Section        0  interrupts_hc32l17x.o(i.VC0_IRQHandler)
    i.VC1_2_IRQHandler                       0x00000ce2   Section        0  interrupts_hc32l17x.o(i.VC1_2_IRQHandler)
    i.WDT_IRQHandler                         0x00000cee   Section        0  interrupts_hc32l17x.o(i.WDT_IRQHandler)
    i._InitHidePin                           0x00000cf8   Section        0  system_hc32l17x.o(i._InitHidePin)
    _InitHidePin                             0x00000cf9   Thumb Code    60  system_hc32l17x.o(i._InitHidePin)
    i.__0sprintf$5                           0x00000d40   Section        0  printf5.o(i.__0sprintf$5)
    i.__ARM_common_switch8                   0x00000d68   Section        0  adc.o(i.__ARM_common_switch8)
    i.__aeabi_assert                         0x00000d84   Section        0  retarget_io.o(i.__aeabi_assert)
    i.__scatterload_copy                     0x00000e20   Section       14  handlers.o(i.__scatterload_copy)
    i.__scatterload_null                     0x00000e2e   Section        2  handlers.o(i.__scatterload_null)
    i.__scatterload_zeroinit                 0x00000e30   Section       14  handlers.o(i.__scatterload_zeroinit)
    i._checking_flash_block_is_null_values   0x00000e3e   Section        0  cfs_system_memory.o(i._checking_flash_block_is_null_values)
    _checking_flash_block_is_null_values     0x00000e3f   Thumb Code    50  cfs_system_memory.o(i._checking_flash_block_is_null_values)
    i._contrast_flash_data_block             0x00000e70   Section        0  cfs_system_memory.o(i._contrast_flash_data_block)
    _contrast_flash_data_block               0x00000e71   Thumb Code    78  cfs_system_memory.o(i._contrast_flash_data_block)
    i._erasing_flash_page                    0x00000ebe   Section        0  cfs_system_memory.o(i._erasing_flash_page)
    _erasing_flash_page                      0x00000ebf   Thumb Code    24  cfs_system_memory.o(i._erasing_flash_page)
    i._erasing_page_flash_data               0x00000ed6   Section        0  cfs_system_memory.o(i._erasing_page_flash_data)
    _erasing_page_flash_data                 0x00000ed7   Thumb Code    30  cfs_system_memory.o(i._erasing_page_flash_data)
    i._fixed_data_storage_id_search          0x00000ef4   Section        0  cfs_system_middle.o(i._fixed_data_storage_id_search)
    _fixed_data_storage_id_search            0x00000ef5   Thumb Code   298  cfs_system_middle.o(i._fixed_data_storage_id_search)
    i._printf_core                           0x00001024   Section        0  printf5.o(i._printf_core)
    _printf_core                             0x00001025   Thumb Code   688  printf5.o(i._printf_core)
    i._read_fixed_flash_id                   0x00001300   Section        0  cfs_system_middle.o(i._read_fixed_flash_id)
    _read_fixed_flash_id                     0x00001301   Thumb Code    48  cfs_system_middle.o(i._read_fixed_flash_id)
    i._sputc                                 0x00001330   Section        0  printf5.o(i._sputc)
    _sputc                                   0x00001331   Thumb Code    10  printf5.o(i._sputc)
    i._utils_crc16_xmodem_check              0x0000133c   Section        0  cfs_system_utils.o(i._utils_crc16_xmodem_check)
    _utils_crc16_xmodem_check                0x0000133d   Thumb Code    70  cfs_system_utils.o(i._utils_crc16_xmodem_check)
    i._write_flash_data                      0x00001388   Section        0  cfs_system_memory.o(i._write_flash_data)
    _write_flash_data                        0x00001389   Thumb Code   200  cfs_system_memory.o(i._write_flash_data)
    i._write_flash_data_block                0x00001450   Section        0  cfs_system_memory.o(i._write_flash_data_block)
    _write_flash_data_block                  0x00001451   Thumb Code   190  cfs_system_memory.o(i._write_flash_data_block)
    i.abort                                  0x0000150e   Section        0  retarget_io.o(i.abort)
    i.cfs_demo_erase_product_nv              0x00001514   Section        0  cfs_demo.o(i.cfs_demo_erase_product_nv)
    i.cfs_demo_init                          0x00001524   Section        0  cfs_demo.o(i.cfs_demo_init)
    i.cfs_demo_product_current_id_get        0x00001564   Section        0  cfs_demo.o(i.cfs_demo_product_current_id_get)
    i.cfs_demo_product_current_valid_id_get  0x00001574   Section        0  cfs_demo.o(i.cfs_demo_product_current_valid_id_get)
    i.cfs_demo_read_product_nv               0x00001584   Section        0  cfs_demo.o(i.cfs_demo_read_product_nv)
    i.cfs_demo_write_product_nv              0x000015b4   Section        0  cfs_demo.o(i.cfs_demo_write_product_nv)
    i.cfs_memory_add_write_flash_fixed_data  0x000015e0   Section        0  cfs_system_memory.o(i.cfs_memory_add_write_flash_fixed_data)
    i.cfs_memory_calculate_fixed_id_flash_address 0x000016fa   Section        0  cfs_system_memory.o(i.cfs_memory_calculate_fixed_id_flash_address)
    i.cfs_memory_compute_memory_fill_length  0x00001774   Section        0  cfs_system_memory.o(i.cfs_memory_compute_memory_fill_length)
    i.cfs_memory_fixe_valid_id_number        0x000017ec   Section        0  cfs_system_memory.o(i.cfs_memory_fixe_valid_id_number)
    i.cfs_memory_flash_data_clear            0x00001870   Section        0  cfs_system_memory.o(i.cfs_memory_flash_data_clear)
    i.cfs_memory_general_block_buffer_init   0x00001886   Section        0  cfs_system_memory.o(i.cfs_memory_general_block_buffer_init)
    i.cfs_memory_read_flash_fixed_data       0x00001888   Section        0  cfs_system_memory.o(i.cfs_memory_read_flash_fixed_data)
    i.cfs_memory_read_verify_flash_data_id   0x00001918   Section        0  cfs_system_memory.o(i.cfs_memory_read_verify_flash_data_id)
    i.cfs_middle_add_data_write              0x00001996   Section        0  cfs_system_middle.o(i.cfs_middle_add_data_write)
    i.cfs_middle_add_object_init             0x00001a18   Section        0  cfs_system_middle.o(i.cfs_middle_add_object_init)
    i.cfs_middle_check_address               0x00001b5c   Section        0  cfs_system_middle.o(i.cfs_middle_check_address)
    i.cfs_middle_data_read                   0x00001bc4   Section        0  cfs_system_middle.o(i.cfs_middle_data_read)
    i.cfs_middle_find_object                 0x00001c10   Section        0  cfs_system_middle.o(i.cfs_middle_find_object)
    i.cfs_middle_get_current_id              0x00001cd4   Section        0  cfs_system_middle.o(i.cfs_middle_get_current_id)
    i.cfs_middle_get_current_valid_id        0x00001ce2   Section        0  cfs_system_middle.o(i.cfs_middle_get_current_valid_id)
    i.cfs_middle_object_id_init              0x00001cf0   Section        0  cfs_system_middle.o(i.cfs_middle_object_id_init)
    i.cfs_nv_add_write                       0x00001da0   Section        0  cycle_flash_system.o(i.cfs_nv_add_write)
    i.cfs_nv_clear                           0x00001dd6   Section        0  cycle_flash_system.o(i.cfs_nv_clear)
    i.cfs_nv_get_current_id                  0x00001df2   Section        0  cycle_flash_system.o(i.cfs_nv_get_current_id)
    i.cfs_nv_get_current_valid_id            0x00001e0e   Section        0  cycle_flash_system.o(i.cfs_nv_get_current_valid_id)
    i.cfs_nv_object_init                     0x00001e28   Section        0  cycle_flash_system.o(i.cfs_nv_object_init)
    i.cfs_nv_read                            0x00001f68   Section        0  cycle_flash_system.o(i.cfs_nv_read)
    i.cfs_port_system_flash_erasing_page     0x00001fa4   Section        0  cfs_port_device_flash.o(i.cfs_port_system_flash_erasing_page)
    i.cfs_port_system_flash_lock_disable     0x00001fca   Section        0  cfs_port_device_flash.o(i.cfs_port_system_flash_lock_disable)
    i.cfs_port_system_flash_lock_enable      0x00001fce   Section        0  cfs_port_device_flash.o(i.cfs_port_system_flash_lock_enable)
    i.cfs_port_system_flash_write_byte       0x00001fd2   Section        0  cfs_port_device_flash.o(i.cfs_port_system_flash_write_byte)
    i.cfs_port_system_flash_write_half_word  0x00001ff8   Section        0  cfs_port_device_flash.o(i.cfs_port_system_flash_write_half_word)
    i.cfs_port_system_flash_write_word       0x00002030   Section        0  cfs_port_device_flash.o(i.cfs_port_system_flash_write_word)
    i.cfs_system_oc_flash_data_clear         0x00002068   Section        0  cfs_system_middle.o(i.cfs_system_oc_flash_data_clear)
    i.cfs_system_utils_check                 0x00002080   Section        0  cfs_system_utils.o(i.cfs_system_utils_check)
    i.ddl_memclr                             0x0000209a   Section        0  ddl.o(i.ddl_memclr)
    i.delay1ms                               0x000020bc   Section        0  ddl.o(i.delay1ms)
    i.fputc                                  0x00002114   Section        0  retarget_io.o(i.fputc)
    i.fputs                                  0x00002134   Section        0  fputs.o(i.fputs)
    i.main                                   0x0000214c   Section        0  main.o(i.main)
    i.malloc                                 0x000024e8   Section        0  malloc.o(i.malloc)
    i.stderr_putchar                         0x00002554   Section        0  retarget_io.o(i.stderr_putchar)
    stderr_putchar                           0x00002555   Thumb Code     4  retarget_io.o(i.stderr_putchar)
    i.system_ble_uart0_send_string           0x00002558   Section        0  system_uart.o(i.system_ble_uart0_send_string)
    i.system_uart0_config_init               0x00002580   Section        0  system_uart.o(i.system_uart0_config_init)
    i.system_uart0_port_init                 0x0000260c   Section        0  system_uart.o(i.system_uart0_port_init)
    .constdata                               0x00002654   Section       24  sysctrl.o(.constdata)
    .constdata                               0x0000266c   Section        8  uart.o(.constdata)
    .constdata                               0x00002674   Section       16  cfs_system_middle.o(.constdata)
    .conststring                             0x00002684   Section       78  cfs_system_middle.o(.conststring)
    .data                                    0x20000000   Section        4  system_hc32l17x.o(.data)
    .data                                    0x20000004   Section        1  sysctrl.o(.data)
    bDacPeriBac                              0x20000004   Data           1  sysctrl.o(.data)
    .data                                    0x20000008   Section      212  main.o(.data)
    .data                                    0x200000dc   Section        4  cfs_system_middle.o(.data)
    _this                                    0x200000dc   Data           4  cfs_system_middle.o(.data)
    .data                                    0x200000e0   Section        5  cfs_demo.o(.data)
    product_filesystem                       0x200000e0   Data           4  cfs_demo.o(.data)
    filesystem_success_init                  0x200000e4   Data           1  cfs_demo.o(.data)
    .data                                    0x200000e8   Section        4  stderr.o(.data)
    .data                                    0x200000ec   Section        4  mvars.o(.data)
    .data                                    0x200000f0   Section        4  mvars.o(.data)
    .bss                                     0x200000f4   Section      200  main.o(.bss)
    .bss                                     0x200001bc   Section       12  system_uart.o(.bss)
    HEAP                                     0x200001c8   Section     1024  startup_hc32l17x.o(HEAP)
    STACK                                    0x200005c8   Section     1024  startup_hc32l17x.o(STACK)

    Global Symbols

    Symbol Name                              Value     Ov Type        Size  Object(Section)

    BuildAttributes$$THM_ISAv3M$S$PE$A:L22$X:L11$S22$IEEE1$IW$USESV6$~STKCKD$USESV7$~SHL$OTIME$ROPI$EBA8$MICROLIB$REQ8$PRES8$EABIv2 0x00000000   Number         0  anon$$obj.o ABSOLUTE
    __ARM_use_no_argv                        0x00000000   Number         0  main.o ABSOLUTE
    __Vectors                                0x00000000   Data           0  startup_hc32l17x.o(RESET)
    _printf_a                                0x00000000   Number         0  stubs.o ABSOLUTE
    _printf_c                                0x00000000   Number         0  stubs.o ABSOLUTE
    _printf_charcount                        0x00000000   Number         0  stubs.o ABSOLUTE
    _printf_d                                0x00000000   Number         0  stubs.o ABSOLUTE
    _printf_e                                0x00000000   Number         0  stubs.o ABSOLUTE
    _printf_f                                0x00000000   Number         0  stubs.o ABSOLUTE
    _printf_flags                            0x00000000   Number         0  stubs.o ABSOLUTE
    _printf_fp_dec                           0x00000000   Number         0  stubs.o ABSOLUTE
    _printf_fp_hex                           0x00000000   Number         0  stubs.o ABSOLUTE
    _printf_g                                0x00000000   Number         0  stubs.o ABSOLUTE
    _printf_i                                0x00000000   Number         0  stubs.o ABSOLUTE
    _printf_int_dec                          0x00000000   Number         0  stubs.o ABSOLUTE
    _printf_l                                0x00000000   Number         0  stubs.o ABSOLUTE
    _printf_lc                               0x00000000   Number         0  stubs.o ABSOLUTE
    _printf_ll                               0x00000000   Number         0  stubs.o ABSOLUTE
    _printf_lld                              0x00000000   Number         0  stubs.o ABSOLUTE
    _printf_lli                              0x00000000   Number         0  stubs.o ABSOLUTE
    _printf_llo                              0x00000000   Number         0  stubs.o ABSOLUTE
    _printf_llu                              0x00000000   Number         0  stubs.o ABSOLUTE
    _printf_llx                              0x00000000   Number         0  stubs.o ABSOLUTE
    _printf_longlong_dec                     0x00000000   Number         0  stubs.o ABSOLUTE
    _printf_longlong_hex                     0x00000000   Number         0  stubs.o ABSOLUTE
    _printf_longlong_oct                     0x00000000   Number         0  stubs.o ABSOLUTE
    _printf_ls                               0x00000000   Number         0  stubs.o ABSOLUTE
    _printf_mbtowc                           0x00000000   Number         0  stubs.o ABSOLUTE
    _printf_n                                0x00000000   Number         0  stubs.o ABSOLUTE
    _printf_o                                0x00000000   Number         0  stubs.o ABSOLUTE
    _printf_p                                0x00000000   Number         0  stubs.o ABSOLUTE
    _printf_percent                          0x00000000   Number         0  stubs.o ABSOLUTE
    _printf_pre_padding                      0x00000000   Number         0  stubs.o ABSOLUTE
    _printf_return_value                     0x00000000   Number         0  stubs.o ABSOLUTE
    _printf_s                                0x00000000   Number         0  stubs.o ABSOLUTE
    _printf_sizespec                         0x00000000   Number         0  stubs.o ABSOLUTE
    _printf_str                              0x00000000   Number         0  stubs.o ABSOLUTE
    _printf_truncate_signed                  0x00000000   Number         0  stubs.o ABSOLUTE
    _printf_truncate_unsigned                0x00000000   Number         0  stubs.o ABSOLUTE
    _printf_u                                0x00000000   Number         0  stubs.o ABSOLUTE
    _printf_wc                               0x00000000   Number         0  stubs.o ABSOLUTE
    _printf_wctomb                           0x00000000   Number         0  stubs.o ABSOLUTE
    _printf_widthprec                        0x00000000   Number         0  stubs.o ABSOLUTE
    _printf_x                                0x00000000   Number         0  stubs.o ABSOLUTE
    Adc_IRQHandler                            - Undefined Weak Reference
    ClkTrim_IRQHandler                        - Undefined Weak Reference
    Dac_IRQHandler                            - Undefined Weak Reference
    Dmac_IRQHandler                           - Undefined Weak Reference
    Flash_IRQHandler                          - Undefined Weak Reference
    I2c0_IRQHandler                           - Undefined Weak Reference
    I2c1_IRQHandler                           - Undefined Weak Reference
    Lcd_IRQHandler                            - Undefined Weak Reference
    LpTim0_IRQHandler                         - Undefined Weak Reference
    LpTim1_IRQHandler                         - Undefined Weak Reference
    LpUart0_IRQHandler                        - Undefined Weak Reference
    LpUart1_IRQHandler                        - Undefined Weak Reference
    Lvd_IRQHandler                            - Undefined Weak Reference
    Pca_IRQHandler                            - Undefined Weak Reference
    Pcnt_IRQHandler                           - Undefined Weak Reference
    PortA_IRQHandler                          - Undefined Weak Reference
    PortB_IRQHandler                          - Undefined Weak Reference
    PortC_IRQHandler                          - Undefined Weak Reference
    PortD_IRQHandler                          - Undefined Weak Reference
    PortE_IRQHandler                          - Undefined Weak Reference
    PortF_IRQHandler                          - Undefined Weak Reference
    Ram_IRQHandler                            - Undefined Weak Reference
    Rtc_IRQHandler                            - Undefined Weak Reference
    Spi0_IRQHandler                           - Undefined Weak Reference
    Spi1_IRQHandler                           - Undefined Weak Reference
    SysTick_IRQHandler                        - Undefined Weak Reference
    Tim0_IRQHandler                           - Undefined Weak Reference
    Tim1_IRQHandler                           - Undefined Weak Reference
    Tim2_IRQHandler                           - Undefined Weak Reference
    Tim3_IRQHandler                           - Undefined Weak Reference
    Tim4_IRQHandler                           - Undefined Weak Reference
    Tim5_IRQHandler                           - Undefined Weak Reference
    Tim6_IRQHandler                           - Undefined Weak Reference
    Uart0_IRQHandler                          - Undefined Weak Reference
    Uart1_IRQHandler                          - Undefined Weak Reference
    Uart2_IRQHandler                          - Undefined Weak Reference
    Uart3_IRQHandler                          - Undefined Weak Reference
    Vc0_IRQHandler                            - Undefined Weak Reference
    Vc1_IRQHandler                            - Undefined Weak Reference
    Vc2_IRQHandler                            - Undefined Weak Reference
    Wdt_IRQHandler                            - Undefined Weak Reference
    __cpp_initialize__aeabi_                  - Undefined Weak Reference
    __cxa_finalize                            - Undefined Weak Reference
    __decompress                              - Undefined Weak Reference
    _clock_init                               - Undefined Weak Reference
    _microlib_exit                            - Undefined Weak Reference
    __Vectors_End                            0x000000c0   Data           0  startup_hc32l17x.o(RESET)
    __Vectors_Size                           0x000000c0   Number         0  startup_hc32l17x.o ABSOLUTE
    __main                                   0x000000c1   Thumb Code     0  entry.o(.ARM.Collect$$$$00000000)
    _main_stk                                0x000000c1   Thumb Code     0  entry2.o(.ARM.Collect$$$$00000001)
    _main_scatterload                        0x000000c5   Thumb Code     0  entry5.o(.ARM.Collect$$$$00000004)
    __main_after_scatterload                 0x000000c9   Thumb Code     0  entry5.o(.ARM.Collect$$$$00000004)
    _main_clock                              0x000000c9   Thumb Code     0  entry7b.o(.ARM.Collect$$$$00000008)
    _main_cpp_init                           0x000000c9   Thumb Code     0  entry8b.o(.ARM.Collect$$$$0000000A)
    _main_init                               0x000000c9   Thumb Code     0  entry9a.o(.ARM.Collect$$$$0000000B)
    __rt_final_cpp                           0x000000d1   Thumb Code     0  entry10a.o(.ARM.Collect$$$$0000000D)
    __rt_final_exit                          0x000000d1   Thumb Code     0  entry11a.o(.ARM.Collect$$$$0000000F)
    Reset_Handler                            0x000000d5   Thumb Code    26  startup_hc32l17x.o(.text)
    NMI_Handler                              0x000000ef   Thumb Code     2  startup_hc32l17x.o(.text)
    SVC_Handler                              0x000000f3   Thumb Code     2  startup_hc32l17x.o(.text)
    PendSV_Handler                           0x000000f5   Thumb Code     2  startup_hc32l17x.o(.text)
    __aeabi_uidiv                            0x00000111   Thumb Code     0  uidiv.o(.text)
    __aeabi_uidivmod                         0x00000111   Thumb Code    44  uidiv.o(.text)
    __aeabi_idiv                             0x0000013d   Thumb Code     0  idiv.o(.text)
    __aeabi_idivmod                          0x0000013d   Thumb Code    40  idiv.o(.text)
    __aeabi_memcpy                           0x00000165   Thumb Code    36  memcpya.o(.text)
    __aeabi_memcpy4                          0x00000165   Thumb Code     0  memcpya.o(.text)
    __aeabi_memcpy8                          0x00000165   Thumb Code     0  memcpya.o(.text)
    __aeabi_memset                           0x00000189   Thumb Code    14  memseta.o(.text)
    __aeabi_memset4                          0x00000189   Thumb Code     0  memseta.o(.text)
    __aeabi_memset8                          0x00000189   Thumb Code     0  memseta.o(.text)
    __aeabi_memclr                           0x00000197   Thumb Code     4  memseta.o(.text)
    __aeabi_memclr4                          0x00000197   Thumb Code     0  memseta.o(.text)
    __aeabi_memclr8                          0x00000197   Thumb Code     0  memseta.o(.text)
    _memset$wrapper                          0x0000019b   Thumb Code    18  memseta.o(.text)
    strlen                                   0x000001ad   Thumb Code    14  strlen.o(.text)
    strcmp                                   0x000001bb   Thumb Code    28  strcmp.o(.text)
    memcmp                                   0x000001d7   Thumb Code    26  memcmp.o(.text)
    __aeabi_uread4                           0x000001f1   Thumb Code    20  uread4.o(.text)
    __rt_uread4                              0x000001f1   Thumb Code     0  uread4.o(.text)
    _uread4                                  0x000001f1   Thumb Code     0  uread4.o(.text)
    __aeabi_fadd                             0x00000205   Thumb Code   162  fadd.o(.text)
    __aeabi_fsub                             0x000002a7   Thumb Code     8  fadd.o(.text)
    __aeabi_frsub                            0x000002af   Thumb Code     8  fadd.o(.text)
    __aeabi_fdiv                             0x000002b7   Thumb Code   124  fdiv.o(.text)
    __aeabi_ui2f                             0x00000333   Thumb Code    14  ffltui.o(.text)
    __aeabi_f2uiz                            0x00000341   Thumb Code    40  ffixui.o(.text)
    __aeabi_uldivmod                         0x00000369   Thumb Code    96  uldiv.o(.text)
    __I$use$fp                               0x000003c9   Thumb Code     0  iusefp.o(.text)
    _float_round                             0x000003c9   Thumb Code    16  fepilogue.o(.text)
    _float_epilogue                          0x000003d9   Thumb Code   114  fepilogue.o(.text)
    __scatterload                            0x0000044d   Thumb Code    28  init.o(.text)
    __scatterload_rt2                        0x0000044d   Thumb Code     0  init.o(.text)
    __aeabi_llsl                             0x00000471   Thumb Code    32  llshl.o(.text)
    _ll_shift_l                              0x00000471   Thumb Code     0  llshl.o(.text)
    __aeabi_llsr                             0x00000491   Thumb Code    34  llushr.o(.text)
    _ll_ushift_r                             0x00000491   Thumb Code     0  llushr.o(.text)
    main                                     0x000004b3   Thumb Code    14  system_hc32l17x.o(i.$Sub$$main)
    ADC_DAC_IRQHandler                       0x000004c1   Thumb Code    12  interrupts_hc32l17x.o(i.ADC_DAC_IRQHandler)
    CLKTRIM_IRQHandler                       0x000004cd   Thumb Code     8  interrupts_hc32l17x.o(i.CLKTRIM_IRQHandler)
    DMAC_IRQHandler                          0x000004d5   Thumb Code     8  interrupts_hc32l17x.o(i.DMAC_IRQHandler)
    FLASH_RAM_IRQHandler                     0x000004dd   Thumb Code    12  interrupts_hc32l17x.o(i.FLASH_RAM_IRQHandler)
    Flash_LockAll                            0x000004e9   Thumb Code    28  flash.o(i.Flash_LockAll)
    Flash_SectorErase                        0x00000511   Thumb Code   158  flash.o(i.Flash_SectorErase)
    Flash_UnlockAll                          0x000005c1   Thumb Code    32  flash.o(i.Flash_UnlockAll)
    Flash_WriteByte                          0x000005ed   Thumb Code   158  flash.o(i.Flash_WriteByte)
    Flash_WriteHalfWord                      0x0000069d   Thumb Code   158  flash.o(i.Flash_WriteHalfWord)
    Flash_WriteWord                          0x0000074d   Thumb Code   158  flash.o(i.Flash_WriteWord)
    Gpio_Init                                0x000007fd   Thumb Code   144  gpio.o(i.Gpio_Init)
    Gpio_SetAfMode                           0x00000899   Thumb Code    16  gpio.o(i.Gpio_SetAfMode)
    HardFault_Handler                        0x000008ad   Thumb Code    16  interrupts_hc32l17x.o(i.HardFault_Handler)
    I2C0_IRQHandler                          0x000008bd   Thumb Code     8  interrupts_hc32l17x.o(i.I2C0_IRQHandler)
    I2C1_IRQHandler                          0x000008c5   Thumb Code     8  interrupts_hc32l17x.o(i.I2C1_IRQHandler)
    LCD_IRQHandler                           0x000008cd   Thumb Code     8  interrupts_hc32l17x.o(i.LCD_IRQHandler)
    LPTIM0_1_IRQHandler                      0x000008d5   Thumb Code    12  interrupts_hc32l17x.o(i.LPTIM0_1_IRQHandler)
    LPUART0_IRQHandler                       0x000008e1   Thumb Code     8  interrupts_hc32l17x.o(i.LPUART0_IRQHandler)
    LPUART1_IRQHandler                       0x000008e9   Thumb Code     8  interrupts_hc32l17x.o(i.LPUART1_IRQHandler)
    LVD_IRQHandler                           0x000008f1   Thumb Code     8  interrupts_hc32l17x.o(i.LVD_IRQHandler)
    PCA_IRQHandler                           0x000008f9   Thumb Code     8  interrupts_hc32l17x.o(i.PCA_IRQHandler)
    PCNT_IRQHandler                          0x00000901   Thumb Code     8  interrupts_hc32l17x.o(i.PCNT_IRQHandler)
    PORTA_IRQHandler                         0x00000909   Thumb Code     8  interrupts_hc32l17x.o(i.PORTA_IRQHandler)
    PORTB_IRQHandler                         0x00000911   Thumb Code     8  interrupts_hc32l17x.o(i.PORTB_IRQHandler)
    PORTC_E_IRQHandler                       0x00000919   Thumb Code    12  interrupts_hc32l17x.o(i.PORTC_E_IRQHandler)
    PORTD_F_IRQHandler                       0x00000925   Thumb Code    12  interrupts_hc32l17x.o(i.PORTD_F_IRQHandler)
    RTC_IRQHandler                           0x00000931   Thumb Code     8  interrupts_hc32l17x.o(i.RTC_IRQHandler)
    SPI0_IRQHandler                          0x00000939   Thumb Code     8  interrupts_hc32l17x.o(i.SPI0_IRQHandler)
    SPI1_IRQHandler                          0x00000941   Thumb Code     8  interrupts_hc32l17x.o(i.SPI1_IRQHandler)
    SetBit                                   0x00000949   Thumb Code    30  ddl.o(i.SetBit)
    SysTick_Handler                          0x00000967   Thumb Code     8  interrupts_hc32l17x.o(i.SysTick_Handler)
    Sysctrl_GetHClkFreq                      0x00000971   Thumb Code   354  sysctrl.o(i.Sysctrl_GetHClkFreq)
    Sysctrl_GetPClkFreq                      0x00000ae5   Thumb Code    28  sysctrl.o(i.Sysctrl_GetPClkFreq)
    Sysctrl_SetPeripheralGate                0x00000b05   Thumb Code    72  sysctrl.o(i.Sysctrl_SetPeripheralGate)
    SystemCoreClockUpdate                    0x00000b55   Thumb Code    12  system_hc32l17x.o(i.SystemCoreClockUpdate)
    SystemInit                               0x00000b65   Thumb Code    56  system_hc32l17x.o(i.SystemInit)
    TIM0_IRQHandler                          0x00000ba5   Thumb Code     8  interrupts_hc32l17x.o(i.TIM0_IRQHandler)
    TIM1_IRQHandler                          0x00000bad   Thumb Code     8  interrupts_hc32l17x.o(i.TIM1_IRQHandler)
    TIM2_IRQHandler                          0x00000bb5   Thumb Code     8  interrupts_hc32l17x.o(i.TIM2_IRQHandler)
    TIM3_IRQHandler                          0x00000bbd   Thumb Code     8  interrupts_hc32l17x.o(i.TIM3_IRQHandler)
    TIM4_IRQHandler                          0x00000bc5   Thumb Code     8  interrupts_hc32l17x.o(i.TIM4_IRQHandler)
    TIM5_IRQHandler                          0x00000bcd   Thumb Code     8  interrupts_hc32l17x.o(i.TIM5_IRQHandler)
    TIM6_IRQHandler                          0x00000bd5   Thumb Code     8  interrupts_hc32l17x.o(i.TIM6_IRQHandler)
    UART0_2_IRQHandler                       0x00000bdd   Thumb Code    12  interrupts_hc32l17x.o(i.UART0_2_IRQHandler)
    UART1_3_IRQHandler                       0x00000be9   Thumb Code    12  interrupts_hc32l17x.o(i.UART1_3_IRQHandler)
    Uart_ClrStatus                           0x00000bf5   Thumb Code    22  uart.o(i.Uart_ClrStatus)
    Uart_EnableFunc                          0x00000c0b   Thumb Code    20  uart.o(i.Uart_EnableFunc)
    Uart_EnableIrq                           0x00000c1f   Thumb Code    20  uart.o(i.Uart_EnableIrq)
    Uart_Init                                0x00000c35   Thumb Code   144  uart.o(i.Uart_Init)
    Uart_SendDataIt                          0x00000cc9   Thumb Code    18  uart.o(i.Uart_SendDataIt)
    VC0_IRQHandler                           0x00000cdb   Thumb Code     8  interrupts_hc32l17x.o(i.VC0_IRQHandler)
    VC1_2_IRQHandler                         0x00000ce3   Thumb Code    12  interrupts_hc32l17x.o(i.VC1_2_IRQHandler)
    WDT_IRQHandler                           0x00000cef   Thumb Code     8  interrupts_hc32l17x.o(i.WDT_IRQHandler)
    __0sprintf$5                             0x00000d41   Thumb Code    36  printf5.o(i.__0sprintf$5)
    __1sprintf$5                             0x00000d41   Thumb Code     0  printf5.o(i.__0sprintf$5)
    __2sprintf                               0x00000d41   Thumb Code     0  printf5.o(i.__0sprintf$5)
    __ARM_common_switch8                     0x00000d69   Thumb Code    28  adc.o(i.__ARM_common_switch8)
    __aeabi_assert                           0x00000d85   Thumb Code   110  retarget_io.o(i.__aeabi_assert)
    __scatterload_copy                       0x00000e21   Thumb Code    14  handlers.o(i.__scatterload_copy)
    __scatterload_null                       0x00000e2f   Thumb Code     2  handlers.o(i.__scatterload_null)
    __scatterload_zeroinit                   0x00000e31   Thumb Code    14  handlers.o(i.__scatterload_zeroinit)
    abort                                    0x0000150f   Thumb Code     4  retarget_io.o(i.abort)
    cfs_demo_erase_product_nv                0x00001515   Thumb Code    12  cfs_demo.o(i.cfs_demo_erase_product_nv)
    cfs_demo_init                            0x00001525   Thumb Code    50  cfs_demo.o(i.cfs_demo_init)
    cfs_demo_product_current_id_get          0x00001565   Thumb Code    12  cfs_demo.o(i.cfs_demo_product_current_id_get)
    cfs_demo_product_current_valid_id_get    0x00001575   Thumb Code    12  cfs_demo.o(i.cfs_demo_product_current_valid_id_get)
    cfs_demo_read_product_nv                 0x00001585   Thumb Code    44  cfs_demo.o(i.cfs_demo_read_product_nv)
    cfs_demo_write_product_nv                0x000015b5   Thumb Code    40  cfs_demo.o(i.cfs_demo_write_product_nv)
    cfs_memory_add_write_flash_fixed_data    0x000015e1   Thumb Code   282  cfs_system_memory.o(i.cfs_memory_add_write_flash_fixed_data)
    cfs_memory_calculate_fixed_id_flash_address 0x000016fb   Thumb Code   122  cfs_system_memory.o(i.cfs_memory_calculate_fixed_id_flash_address)
    cfs_memory_compute_memory_fill_length    0x00001775   Thumb Code    40  cfs_system_memory.o(i.cfs_memory_compute_memory_fill_length)
    cfs_memory_fixe_valid_id_number          0x000017ed   Thumb Code   132  cfs_system_memory.o(i.cfs_memory_fixe_valid_id_number)
    cfs_memory_flash_data_clear              0x00001871   Thumb Code    22  cfs_system_memory.o(i.cfs_memory_flash_data_clear)
    cfs_memory_general_block_buffer_init     0x00001887   Thumb Code     2  cfs_system_memory.o(i.cfs_memory_general_block_buffer_init)
    cfs_memory_read_flash_fixed_data         0x00001889   Thumb Code   144  cfs_system_memory.o(i.cfs_memory_read_flash_fixed_data)
    cfs_memory_read_verify_flash_data_id     0x00001919   Thumb Code   126  cfs_system_memory.o(i.cfs_memory_read_verify_flash_data_id)
    cfs_middle_add_data_write                0x00001997   Thumb Code   130  cfs_system_middle.o(i.cfs_middle_add_data_write)
    cfs_middle_add_object_init               0x00001a19   Thumb Code   214  cfs_system_middle.o(i.cfs_middle_add_object_init)
    cfs_middle_check_address                 0x00001b5d   Thumb Code   100  cfs_system_middle.o(i.cfs_middle_check_address)
    cfs_middle_data_read                     0x00001bc5   Thumb Code    76  cfs_system_middle.o(i.cfs_middle_data_read)
    cfs_middle_find_object                   0x00001c11   Thumb Code    86  cfs_system_middle.o(i.cfs_middle_find_object)
    cfs_middle_get_current_id                0x00001cd5   Thumb Code    14  cfs_system_middle.o(i.cfs_middle_get_current_id)
    cfs_middle_get_current_valid_id          0x00001ce3   Thumb Code    12  cfs_system_middle.o(i.cfs_middle_get_current_valid_id)
    cfs_middle_object_id_init                0x00001cf1   Thumb Code    72  cfs_system_middle.o(i.cfs_middle_object_id_init)
    cfs_nv_add_write                         0x00001da1   Thumb Code    54  cycle_flash_system.o(i.cfs_nv_add_write)
    cfs_nv_clear                             0x00001dd7   Thumb Code    28  cycle_flash_system.o(i.cfs_nv_clear)
    cfs_nv_get_current_id                    0x00001df3   Thumb Code    28  cycle_flash_system.o(i.cfs_nv_get_current_id)
    cfs_nv_get_current_valid_id              0x00001e0f   Thumb Code    26  cycle_flash_system.o(i.cfs_nv_get_current_valid_id)
    cfs_nv_object_init                       0x00001e29   Thumb Code   144  cycle_flash_system.o(i.cfs_nv_object_init)
    cfs_nv_read                              0x00001f69   Thumb Code    60  cycle_flash_system.o(i.cfs_nv_read)
    cfs_port_system_flash_erasing_page       0x00001fa5   Thumb Code    38  cfs_port_device_flash.o(i.cfs_port_system_flash_erasing_page)
    cfs_port_system_flash_lock_disable       0x00001fcb   Thumb Code     4  cfs_port_device_flash.o(i.cfs_port_system_flash_lock_disable)
    cfs_port_system_flash_lock_enable        0x00001fcf   Thumb Code     4  cfs_port_device_flash.o(i.cfs_port_system_flash_lock_enable)
    cfs_port_system_flash_write_byte         0x00001fd3   Thumb Code    38  cfs_port_device_flash.o(i.cfs_port_system_flash_write_byte)
    cfs_port_system_flash_write_half_word    0x00001ff9   Thumb Code    56  cfs_port_device_flash.o(i.cfs_port_system_flash_write_half_word)
    cfs_port_system_flash_write_word         0x00002031   Thumb Code    56  cfs_port_device_flash.o(i.cfs_port_system_flash_write_word)
    cfs_system_oc_flash_data_clear           0x00002069   Thumb Code    24  cfs_system_middle.o(i.cfs_system_oc_flash_data_clear)
    cfs_system_utils_check                   0x00002081   Thumb Code    26  cfs_system_utils.o(i.cfs_system_utils_check)
    ddl_memclr                               0x0000209b   Thumb Code    32  ddl.o(i.ddl_memclr)
    delay1ms                                 0x000020bd   Thumb Code    76  ddl.o(i.delay1ms)
    fputc                                    0x00002115   Thumb Code    26  retarget_io.o(i.fputc)
    fputs                                    0x00002135   Thumb Code    24  fputs.o(i.fputs)
    $Super$$main                             0x0000214d   Thumb Code   500  main.o(i.main)
    malloc                                   0x000024e9   Thumb Code    92  malloc.o(i.malloc)
    system_ble_uart0_send_string             0x00002559   Thumb Code    38  system_uart.o(i.system_ble_uart0_send_string)
    system_uart0_config_init                 0x00002581   Thumb Code   134  system_uart.o(i.system_uart0_config_init)
    system_uart0_port_init                   0x0000260d   Thumb Code    72  system_uart.o(i.system_uart0_port_init)
    Region$$Table$$Base                      0x000026d4   Number         0  anon$$obj.o(Region$$Table)
    Region$$Table$$Limit                     0x000026f4   Number         0  anon$$obj.o(Region$$Table)
    SystemCoreClock                          0x20000000   Data           4  system_hc32l17x.o(.data)
    addr_read                                0x20000008   Data           4  main.o(.data)
    addr_write                               0x2000000c   Data           4  main.o(.data)
    id                                       0x20000010   Data           4  main.o(.data)
    data                                     0x20000014   Data         100  main.o(.data)
    data_1                                   0x20000078   Data         100  main.o(.data)
    __stderr                                 0x200000e8   Data           4  stderr.o(.data)
    __microlib_freelist                      0x200000ec   Data           4  mvars.o(.data)
    __microlib_freelist_initialised          0x200000f0   Data           4  mvars.o(.data)
    data_read                                0x200000f4   Data         100  main.o(.bss)
    uart_data                                0x20000158   Data         100  main.o(.bss)
    UART0_Fram_Record                        0x200001bc   Data          12  system_uart.o(.bss)
    __heap_base                              0x200001c8   Data           0  startup_hc32l17x.o(HEAP)
    __heap_limit                             0x200005c8   Data           0  startup_hc32l17x.o(HEAP)
    __initial_sp                             0x200009c8   Data           0  startup_hc32l17x.o(STACK)



==============================================================================

Memory Map of the image

  Image Entry point : 0x000000c1

  Load Region LR_IROM1 (Base: 0x00000000, Size: 0x000027e8, Max: 0x00020000, ABSOLUTE)

    Execution Region ER_IROM1 (Exec base: 0x00000000, Load base: 0x00000000, Size: 0x000026f4, Max: 0x00020000, ABSOLUTE)

    Exec Addr    Load Addr    Size         Type   Attr      Idx    E Section Name        Object

    0x00000000   0x00000000   0x000000c0   Data   RO          338    RESET               startup_hc32l17x.o
    0x000000c0   0x000000c0   0x00000000   Code   RO         4553  * .ARM.Collect$$$$00000000  mc_p.l(entry.o)
    0x000000c0   0x000000c0   0x00000004   Code   RO         4876    .ARM.Collect$$$$00000001  mc_p.l(entry2.o)
    0x000000c4   0x000000c4   0x00000004   Code   RO         4879    .ARM.Collect$$$$00000004  mc_p.l(entry5.o)
    0x000000c8   0x000000c8   0x00000000   Code   RO         4881    .ARM.Collect$$$$00000008  mc_p.l(entry7b.o)
    0x000000c8   0x000000c8   0x00000000   Code   RO         4883    .ARM.Collect$$$$0000000A  mc_p.l(entry8b.o)
    0x000000c8   0x000000c8   0x00000008   Code   RO         4884    .ARM.Collect$$$$0000000B  mc_p.l(entry9a.o)
    0x000000d0   0x000000d0   0x00000000   Code   RO         4886    .ARM.Collect$$$$0000000D  mc_p.l(entry10a.o)
    0x000000d0   0x000000d0   0x00000000   Code   RO         4888    .ARM.Collect$$$$0000000F  mc_p.l(entry11a.o)
    0x000000d0   0x000000d0   0x00000004   Code   RO         4877    .ARM.Collect$$$$00002712  mc_p.l(entry2.o)
    0x000000d4   0x000000d4   0x0000003c   Code   RO          339    .text               startup_hc32l17x.o
    0x00000110   0x00000110   0x0000002c   Code   RO         4561    .text               mc_p.l(uidiv.o)
    0x0000013c   0x0000013c   0x00000028   Code   RO         4563    .text               mc_p.l(idiv.o)
    0x00000164   0x00000164   0x00000024   Code   RO         4565    .text               mc_p.l(memcpya.o)
    0x00000188   0x00000188   0x00000024   Code   RO         4567    .text               mc_p.l(memseta.o)
    0x000001ac   0x000001ac   0x0000000e   Code   RO         4569    .text               mc_p.l(strlen.o)
    0x000001ba   0x000001ba   0x0000001c   Code   RO         4571    .text               mc_p.l(strcmp.o)
    0x000001d6   0x000001d6   0x0000001a   Code   RO         4573    .text               mc_p.l(memcmp.o)
    0x000001f0   0x000001f0   0x00000014   Code   RO         4866    .text               mc_p.l(uread4.o)
    0x00000204   0x00000204   0x000000b2   Code   RO         4868    .text               mf_p.l(fadd.o)
    0x000002b6   0x000002b6   0x0000007c   Code   RO         4870    .text               mf_p.l(fdiv.o)
    0x00000332   0x00000332   0x0000000e   Code   RO         4872    .text               mf_p.l(ffltui.o)
    0x00000340   0x00000340   0x00000028   Code   RO         4874    .text               mf_p.l(ffixui.o)
    0x00000368   0x00000368   0x00000060   Code   RO         4891    .text               mc_p.l(uldiv.o)
    0x000003c8   0x000003c8   0x00000000   Code   RO         4895    .text               mc_p.l(iusefp.o)
    0x000003c8   0x000003c8   0x00000082   Code   RO         4896    .text               mf_p.l(fepilogue.o)
    0x0000044a   0x0000044a   0x00000002   PAD
    0x0000044c   0x0000044c   0x00000024   Code   RO         4908    .text               mc_p.l(init.o)
    0x00000470   0x00000470   0x00000020   Code   RO         4910    .text               mc_p.l(llshl.o)
    0x00000490   0x00000490   0x00000022   Code   RO         4912    .text               mc_p.l(llushr.o)
    0x000004b2   0x000004b2   0x0000000e   Code   RO          288    i.$Sub$$main        system_hc32l17x.o
    0x000004c0   0x000004c0   0x0000000c   Code   RO            3    i.ADC_DAC_IRQHandler  interrupts_hc32l17x.o
    0x000004cc   0x000004cc   0x00000008   Code   RO            4    i.CLKTRIM_IRQHandler  interrupts_hc32l17x.o
    0x000004d4   0x000004d4   0x00000008   Code   RO            5    i.DMAC_IRQHandler   interrupts_hc32l17x.o
    0x000004dc   0x000004dc   0x0000000c   Code   RO            7    i.FLASH_RAM_IRQHandler  interrupts_hc32l17x.o
    0x000004e8   0x000004e8   0x00000028   Code   RO         1796    i.Flash_LockAll     flash.o
    0x00000510   0x00000510   0x000000b0   Code   RO         1798    i.Flash_SectorErase  flash.o
    0x000005c0   0x000005c0   0x0000002c   Code   RO         1799    i.Flash_UnlockAll   flash.o
    0x000005ec   0x000005ec   0x000000b0   Code   RO         1801    i.Flash_WriteByte   flash.o
    0x0000069c   0x0000069c   0x000000b0   Code   RO         1802    i.Flash_WriteHalfWord  flash.o
    0x0000074c   0x0000074c   0x000000b0   Code   RO         1803    i.Flash_WriteWord   flash.o
    0x000007fc   0x000007fc   0x0000009c   Code   RO         1906    i.Gpio_Init         gpio.o
    0x00000898   0x00000898   0x00000014   Code   RO         1908    i.Gpio_SetAfMode    gpio.o
    0x000008ac   0x000008ac   0x00000010   Code   RO            8    i.HardFault_Handler  interrupts_hc32l17x.o
    0x000008bc   0x000008bc   0x00000008   Code   RO            9    i.I2C0_IRQHandler   interrupts_hc32l17x.o
    0x000008c4   0x000008c4   0x00000008   Code   RO           10    i.I2C1_IRQHandler   interrupts_hc32l17x.o
    0x000008cc   0x000008cc   0x00000008   Code   RO           11    i.LCD_IRQHandler    interrupts_hc32l17x.o
    0x000008d4   0x000008d4   0x0000000c   Code   RO           12    i.LPTIM0_1_IRQHandler  interrupts_hc32l17x.o
    0x000008e0   0x000008e0   0x00000008   Code   RO           13    i.LPUART0_IRQHandler  interrupts_hc32l17x.o
    0x000008e8   0x000008e8   0x00000008   Code   RO           14    i.LPUART1_IRQHandler  interrupts_hc32l17x.o
    0x000008f0   0x000008f0   0x00000008   Code   RO           15    i.LVD_IRQHandler    interrupts_hc32l17x.o
    0x000008f8   0x000008f8   0x00000008   Code   RO           16    i.PCA_IRQHandler    interrupts_hc32l17x.o
    0x00000900   0x00000900   0x00000008   Code   RO           17    i.PCNT_IRQHandler   interrupts_hc32l17x.o
    0x00000908   0x00000908   0x00000008   Code   RO           18    i.PORTA_IRQHandler  interrupts_hc32l17x.o
    0x00000910   0x00000910   0x00000008   Code   RO           19    i.PORTB_IRQHandler  interrupts_hc32l17x.o
    0x00000918   0x00000918   0x0000000c   Code   RO           20    i.PORTC_E_IRQHandler  interrupts_hc32l17x.o
    0x00000924   0x00000924   0x0000000c   Code   RO           21    i.PORTD_F_IRQHandler  interrupts_hc32l17x.o
    0x00000930   0x00000930   0x00000008   Code   RO           22    i.RTC_IRQHandler    interrupts_hc32l17x.o
    0x00000938   0x00000938   0x00000008   Code   RO           23    i.SPI0_IRQHandler   interrupts_hc32l17x.o
    0x00000940   0x00000940   0x00000008   Code   RO           24    i.SPI1_IRQHandler   interrupts_hc32l17x.o
    0x00000948   0x00000948   0x0000001e   Code   RO         1528    i.SetBit            ddl.o
    0x00000966   0x00000966   0x00000008   Code   RO           25    i.SysTick_Handler   interrupts_hc32l17x.o
    0x0000096e   0x0000096e   0x00000002   PAD
    0x00000970   0x00000970   0x00000174   Code   RO         3159    i.Sysctrl_GetHClkFreq  sysctrl.o
    0x00000ae4   0x00000ae4   0x00000020   Code   RO         3160    i.Sysctrl_GetPClkFreq  sysctrl.o
    0x00000b04   0x00000b04   0x00000050   Code   RO         3167    i.Sysctrl_SetPeripheralGate  sysctrl.o
    0x00000b54   0x00000b54   0x00000010   Code   RO          289    i.SystemCoreClockUpdate  system_hc32l17x.o
    0x00000b64   0x00000b64   0x00000040   Code   RO          290    i.SystemInit        system_hc32l17x.o
    0x00000ba4   0x00000ba4   0x00000008   Code   RO           26    i.TIM0_IRQHandler   interrupts_hc32l17x.o
    0x00000bac   0x00000bac   0x00000008   Code   RO           27    i.TIM1_IRQHandler   interrupts_hc32l17x.o
    0x00000bb4   0x00000bb4   0x00000008   Code   RO           28    i.TIM2_IRQHandler   interrupts_hc32l17x.o
    0x00000bbc   0x00000bbc   0x00000008   Code   RO           29    i.TIM3_IRQHandler   interrupts_hc32l17x.o
    0x00000bc4   0x00000bc4   0x00000008   Code   RO           30    i.TIM4_IRQHandler   interrupts_hc32l17x.o
    0x00000bcc   0x00000bcc   0x00000008   Code   RO           31    i.TIM5_IRQHandler   interrupts_hc32l17x.o
    0x00000bd4   0x00000bd4   0x00000008   Code   RO           32    i.TIM6_IRQHandler   interrupts_hc32l17x.o
    0x00000bdc   0x00000bdc   0x0000000c   Code   RO           33    i.UART0_2_IRQHandler  interrupts_hc32l17x.o
    0x00000be8   0x00000be8   0x0000000c   Code   RO           34    i.UART1_3_IRQHandler  interrupts_hc32l17x.o
    0x00000bf4   0x00000bf4   0x00000016   Code   RO         3768    i.Uart_ClrStatus    uart.o
    0x00000c0a   0x00000c0a   0x00000014   Code   RO         3771    i.Uart_EnableFunc   uart.o
    0x00000c1e   0x00000c1e   0x00000014   Code   RO         3772    i.Uart_EnableIrq    uart.o
    0x00000c32   0x00000c32   0x00000002   PAD
    0x00000c34   0x00000c34   0x00000094   Code   RO         3778    i.Uart_Init         uart.o
    0x00000cc8   0x00000cc8   0x00000012   Code   RO         3780    i.Uart_SendDataIt   uart.o
    0x00000cda   0x00000cda   0x00000008   Code   RO           35    i.VC0_IRQHandler    interrupts_hc32l17x.o
    0x00000ce2   0x00000ce2   0x0000000c   Code   RO           36    i.VC1_2_IRQHandler  interrupts_hc32l17x.o
    0x00000cee   0x00000cee   0x00000008   Code   RO           37    i.WDT_IRQHandler    interrupts_hc32l17x.o
    0x00000cf6   0x00000cf6   0x00000002   PAD
    0x00000cf8   0x00000cf8   0x00000048   Code   RO          291    i._InitHidePin      system_hc32l17x.o
    0x00000d40   0x00000d40   0x00000028   Code   RO         4712    i.__0sprintf$5      mc_p.l(printf5.o)
    0x00000d68   0x00000d68   0x0000001c   Code   RO          528    i.__ARM_common_switch8  adc.o
    0x00000d84   0x00000d84   0x0000009c   Code   RO         4501    i.__aeabi_assert    retarget_io.o
    0x00000e20   0x00000e20   0x0000000e   Code   RO         4922    i.__scatterload_copy  mc_p.l(handlers.o)
    0x00000e2e   0x00000e2e   0x00000002   Code   RO         4923    i.__scatterload_null  mc_p.l(handlers.o)
    0x00000e30   0x00000e30   0x0000000e   Code   RO         4924    i.__scatterload_zeroinit  mc_p.l(handlers.o)
    0x00000e3e   0x00000e3e   0x00000032   Code   RO         4141    i._checking_flash_block_is_null_values  cfs_system_memory.o
    0x00000e70   0x00000e70   0x0000004e   Code   RO         4142    i._contrast_flash_data_block  cfs_system_memory.o
    0x00000ebe   0x00000ebe   0x00000018   Code   RO         4143    i._erasing_flash_page  cfs_system_memory.o
    0x00000ed6   0x00000ed6   0x0000001e   Code   RO         4144    i._erasing_page_flash_data  cfs_system_memory.o
    0x00000ef4   0x00000ef4   0x00000130   Code   RO         4240    i._fixed_data_storage_id_search  cfs_system_middle.o
    0x00001024   0x00001024   0x000002dc   Code   RO         4717    i._printf_core      mc_p.l(printf5.o)
    0x00001300   0x00001300   0x00000030   Code   RO         4241    i._read_fixed_flash_id  cfs_system_middle.o
    0x00001330   0x00001330   0x0000000a   Code   RO         4719    i._sputc            mc_p.l(printf5.o)
    0x0000133a   0x0000133a   0x00000002   PAD
    0x0000133c   0x0000133c   0x0000004c   Code   RO         4317    i._utils_crc16_xmodem_check  cfs_system_utils.o
    0x00001388   0x00001388   0x000000c8   Code   RO         4145    i._write_flash_data  cfs_system_memory.o
    0x00001450   0x00001450   0x000000be   Code   RO         4146    i._write_flash_data_block  cfs_system_memory.o
    0x0000150e   0x0000150e   0x00000004   Code   RO         4503    i.abort             retarget_io.o
    0x00001512   0x00001512   0x00000002   PAD
    0x00001514   0x00001514   0x00000010   Code   RO         4445    i.cfs_demo_erase_product_nv  cfs_demo.o
    0x00001524   0x00001524   0x00000040   Code   RO         4446    i.cfs_demo_init     cfs_demo.o
    0x00001564   0x00001564   0x00000010   Code   RO         4447    i.cfs_demo_product_current_id_get  cfs_demo.o
    0x00001574   0x00001574   0x00000010   Code   RO         4448    i.cfs_demo_product_current_valid_id_get  cfs_demo.o
    0x00001584   0x00001584   0x00000030   Code   RO         4449    i.cfs_demo_read_product_nv  cfs_demo.o
    0x000015b4   0x000015b4   0x0000002c   Code   RO         4450    i.cfs_demo_write_product_nv  cfs_demo.o
    0x000015e0   0x000015e0   0x0000011a   Code   RO         4147    i.cfs_memory_add_write_flash_fixed_data  cfs_system_memory.o
    0x000016fa   0x000016fa   0x0000007a   Code   RO         4148    i.cfs_memory_calculate_fixed_id_flash_address  cfs_system_memory.o
    0x00001774   0x00001774   0x00000078   Code   RO         4149    i.cfs_memory_compute_memory_fill_length  cfs_system_memory.o
    0x000017ec   0x000017ec   0x00000084   Code   RO         4150    i.cfs_memory_fixe_valid_id_number  cfs_system_memory.o
    0x00001870   0x00001870   0x00000016   Code   RO         4151    i.cfs_memory_flash_data_clear  cfs_system_memory.o
    0x00001886   0x00001886   0x00000002   Code   RO         4152    i.cfs_memory_general_block_buffer_init  cfs_system_memory.o
    0x00001888   0x00001888   0x00000090   Code   RO         4153    i.cfs_memory_read_flash_fixed_data  cfs_system_memory.o
    0x00001918   0x00001918   0x0000007e   Code   RO         4154    i.cfs_memory_read_verify_flash_data_id  cfs_system_memory.o
    0x00001996   0x00001996   0x00000082   Code   RO         4242    i.cfs_middle_add_data_write  cfs_system_middle.o
    0x00001a18   0x00001a18   0x00000144   Code   RO         4243    i.cfs_middle_add_object_init  cfs_system_middle.o
    0x00001b5c   0x00001b5c   0x00000068   Code   RO         4244    i.cfs_middle_check_address  cfs_system_middle.o
    0x00001bc4   0x00001bc4   0x0000004c   Code   RO         4245    i.cfs_middle_data_read  cfs_system_middle.o
    0x00001c10   0x00001c10   0x000000c4   Code   RO         4246    i.cfs_middle_find_object  cfs_system_middle.o
    0x00001cd4   0x00001cd4   0x0000000e   Code   RO         4247    i.cfs_middle_get_current_id  cfs_system_middle.o
    0x00001ce2   0x00001ce2   0x0000000c   Code   RO         4248    i.cfs_middle_get_current_valid_id  cfs_system_middle.o
    0x00001cee   0x00001cee   0x00000002   PAD
    0x00001cf0   0x00001cf0   0x000000b0   Code   RO         4249    i.cfs_middle_object_id_init  cfs_system_middle.o
    0x00001da0   0x00001da0   0x00000036   Code   RO         4337    i.cfs_nv_add_write  cycle_flash_system.o
    0x00001dd6   0x00001dd6   0x0000001c   Code   RO         4338    i.cfs_nv_clear      cycle_flash_system.o
    0x00001df2   0x00001df2   0x0000001c   Code   RO         4339    i.cfs_nv_get_current_id  cycle_flash_system.o
    0x00001e0e   0x00001e0e   0x0000001a   Code   RO         4340    i.cfs_nv_get_current_valid_id  cycle_flash_system.o
    0x00001e28   0x00001e28   0x00000140   Code   RO         4341    i.cfs_nv_object_init  cycle_flash_system.o
    0x00001f68   0x00001f68   0x0000003c   Code   RO         4342    i.cfs_nv_read       cycle_flash_system.o
    0x00001fa4   0x00001fa4   0x00000026   Code   RO         4381    i.cfs_port_system_flash_erasing_page  cfs_port_device_flash.o
    0x00001fca   0x00001fca   0x00000004   Code   RO         4382    i.cfs_port_system_flash_lock_disable  cfs_port_device_flash.o
    0x00001fce   0x00001fce   0x00000004   Code   RO         4383    i.cfs_port_system_flash_lock_enable  cfs_port_device_flash.o
    0x00001fd2   0x00001fd2   0x00000026   Code   RO         4385    i.cfs_port_system_flash_write_byte  cfs_port_device_flash.o
    0x00001ff8   0x00001ff8   0x00000038   Code   RO         4387    i.cfs_port_system_flash_write_half_word  cfs_port_device_flash.o
    0x00002030   0x00002030   0x00000038   Code   RO         4388    i.cfs_port_system_flash_write_word  cfs_port_device_flash.o
    0x00002068   0x00002068   0x00000018   Code   RO         4250    i.cfs_system_oc_flash_data_clear  cfs_system_middle.o
    0x00002080   0x00002080   0x0000001a   Code   RO         4318    i.cfs_system_utils_check  cfs_system_utils.o
    0x0000209a   0x0000209a   0x00000020   Code   RO         1529    i.ddl_memclr        ddl.o
    0x000020ba   0x000020ba   0x00000002   PAD
    0x000020bc   0x000020bc   0x00000058   Code   RO         1532    i.delay1ms          ddl.o
    0x00002114   0x00002114   0x00000020   Code   RO         4505    i.fputc             retarget_io.o
    0x00002134   0x00002134   0x00000018   Code   RO         4556    i.fputs             mc_p.l(fputs.o)
    0x0000214c   0x0000214c   0x0000039c   Code   RO         4029    i.main              main.o
    0x000024e8   0x000024e8   0x0000006c   Code   RO         4839    i.malloc            mc_p.l(malloc.o)
    0x00002554   0x00002554   0x00000004   Code   RO         4506    i.stderr_putchar    retarget_io.o
    0x00002558   0x00002558   0x00000026   Code   RO         4095    i.system_ble_uart0_send_string  system_uart.o
    0x0000257e   0x0000257e   0x00000002   PAD
    0x00002580   0x00002580   0x0000008c   Code   RO         4096    i.system_uart0_config_init  system_uart.o
    0x0000260c   0x0000260c   0x00000048   Code   RO         4098    i.system_uart0_port_init  system_uart.o
    0x00002654   0x00002654   0x00000018   Data   RO         3179    .constdata          sysctrl.o
    0x0000266c   0x0000266c   0x00000008   Data   RO         3785    .constdata          uart.o
    0x00002674   0x00002674   0x00000010   Data   RO         4251    .constdata          cfs_system_middle.o
    0x00002684   0x00002684   0x0000004e   Data   RO         4252    .conststring        cfs_system_middle.o
    0x000026d2   0x000026d2   0x00000002   PAD
    0x000026d4   0x000026d4   0x00000020   Data   RO         4920    Region$$Table       anon$$obj.o


    Execution Region RW_IRAM1 (Exec base: 0x20000000, Load base: 0x000026f4, Size: 0x000009c8, Max: 0x00004000, ABSOLUTE)

    Exec Addr    Load Addr    Size         Type   Attr      Idx    E Section Name        Object

    0x20000000   0x000026f4   0x00000004   Data   RW          292    .data               system_hc32l17x.o
    0x20000004   0x000026f8   0x00000001   Data   RW         3180    .data               sysctrl.o
    0x20000005   0x000026f9   0x00000003   PAD
    0x20000008   0x000026fc   0x000000d4   Data   RW         4031    .data               main.o
    0x200000dc   0x000027d0   0x00000004   Data   RW         4253    .data               cfs_system_middle.o
    0x200000e0   0x000027d4   0x00000005   Data   RW         4451    .data               cfs_demo.o
    0x200000e5   0x000027d9   0x00000003   PAD
    0x200000e8   0x000027dc   0x00000004   Data   RW         4560    .data               mc_p.l(stderr.o)
    0x200000ec   0x000027e0   0x00000004   Data   RW         4893    .data               mc_p.l(mvars.o)
    0x200000f0   0x000027e4   0x00000004   Data   RW         4894    .data               mc_p.l(mvars.o)
    0x200000f4        -       0x000000c8   Zero   RW         4030    .bss                main.o
    0x200001bc        -       0x0000000c   Zero   RW         4099    .bss                system_uart.o
    0x200001c8        -       0x00000400   Zero   RW          337    HEAP                startup_hc32l17x.o
    0x200005c8        -       0x00000400   Zero   RW          336    STACK               startup_hc32l17x.o


==============================================================================

Image component sizes


      Code (inc. data)   RO Data    RW Data    ZI Data      Debug   Object Name

        28          0          0          0          0         76   adc.o
       204         34          0          5          0       3737   cfs_demo.o
       196          0          0          0          0       4420   cfs_port_device_flash.o
      1522         80          0          0          0      11807   cfs_system_memory.o
      1408        334         94          4          0       9695   cfs_system_middle.o
       102          6          0          0          0       2069   cfs_system_utils.o
       516        176          0          0          0       5075   cycle_flash_system.o
       150         12          0          0          0       2137   ddl.o
       788         96          0          0          0       4872   flash.o
       176         16          0          0          0      39065   gpio.o
       312          0          0          0          0     162184   interrupts_hc32l17x.o
       924        424          0        212        200       3281   main.o
       196         52          0          0          0       4325   retarget_io.o
        60         22        192          0       2048        640   startup_hc32l17x.o
       484         38         24          1          0       3528   sysctrl.o
       166         24          0          4          0       2156   system_hc32l17x.o
       250          6          0          0         12       2487   system_uart.o
       228          4          8          0          0       4890   uart.o

    ----------------------------------------------------------------------
      7724       1324        352        232       2260     266444   Object Totals
         0          0         32          0          0          0   (incl. Generated)
        14          0          2          6          0          0   (incl. Padding)

    ----------------------------------------------------------------------

      Code (inc. data)   RO Data    RW Data    ZI Data      Debug   Library Member Name

         0          0          0          0          0          0   entry.o
         0          0          0          0          0          0   entry10a.o
         0          0          0          0          0          0   entry11a.o
         8          4          0          0          0          0   entry2.o
         4          0          0          0          0          0   entry5.o
         0          0          0          0          0          0   entry7b.o
         0          0          0          0          0          0   entry8b.o
         8          4          0          0          0          0   entry9a.o
        24          0          0          0          0         72   fputs.o
        30          0          0          0          0          0   handlers.o
        40          0          0          0          0         72   idiv.o
        36          8          0          0          0         68   init.o
         0          0          0          0          0          0   iusefp.o
        32          0          0          0          0         68   llshl.o
        34          0          0          0          0         68   llushr.o
       108         16          0          0          0         76   malloc.o
        26          0          0          0          0         72   memcmp.o
        36          0          0          0          0         60   memcpya.o
        36          0          0          0          0        100   memseta.o
         0          0          0          8          0          0   mvars.o
       782         48          0          0          0        228   printf5.o
         0          0          0          4          0          0   stderr.o
        28          0          0          0          0         68   strcmp.o
        14          0          0          0          0         60   strlen.o
        44          0          0          0          0         72   uidiv.o
        96          0          0          0          0         84   uldiv.o
        20          0          0          0          0         60   uread4.o
       178          0          0          0          0        108   fadd.o
       124          0          0          0          0         72   fdiv.o
       130          0          0          0          0        144   fepilogue.o
        40          0          0          0          0         60   ffixui.o
        14          0          0          0          0         68   ffltui.o

    ----------------------------------------------------------------------
      1896         80          0         12          0       1680   Library Totals
         4          0          0          0          0          0   (incl. Padding)

    ----------------------------------------------------------------------

      Code (inc. data)   RO Data    RW Data    ZI Data      Debug   Library Name

      1406         80          0         12          0       1228   mc_p.l
       486          0          0          0          0        452   mf_p.l

    ----------------------------------------------------------------------
      1896         80          0         12          0       1680   Library Totals

    ----------------------------------------------------------------------

==============================================================================


      Code (inc. data)   RO Data    RW Data    ZI Data      Debug   

      9620       1404        352        244       2260     262732   Grand Totals
      9620       1404        352        244       2260     262732   ELF Image Totals
      9620       1404        352        244          0          0   ROM Totals

==============================================================================

    Total RO  Size (Code + RO Data)                 9972 (   9.74kB)
    Total RW  Size (RW Data + ZI Data)              2504 (   2.45kB)
    Total ROM Size (Code + RO Data + RW Data)      10216 (   9.98kB)

==============================================================================

