<html>
<body>
<pre>
<h1>µVision Build Log</h1>
<h2>Tool Versions:</h2>
IDE-Version: ¦ÌVision V5.28.0.0
Copyright (C) 2019 ARM Ltd and ARM Germany GmbH. All rights reserved.
License Information: 123 123, 123, LIC=PE7DL-0V7FZ-305NC-71JRH-RE7BQ-KLH0E
 
Tool Versions:
Toolchain:       MDK-ARM Plus  Version: 5.28.0.0
Toolchain Path:  C:\Software\Programme\Keil_v5\ARM\ARMCC\Bin
C Compiler:      Armcc.exe V5.06 update 6 (build 750)
Assembler:       Armasm.exe V5.06 update 6 (build 750)
Linker/Locator:  ArmLink.exe V5.06 update 6 (build 750)
Library Manager: ArmAr.exe V5.06 update 6 (build 750)
Hex Converter:   FromElf.exe V5.06 update 6 (build 750)
CPU DLL:         SARMCM3.DLL V5.28.0.0
Dialog DLL:      DARMCM1.DLL V1.19.2.0
Target DLL:      UL2CM3.DLL V1.162.16.0
Dialog DLL:      TARMCM1.DLL V1.14.1.0
 
<h2>Project:</h2>
C:\GitRepository\CycleFlash\cycleflash\demo\HC32L176KATA\project\MDK\test_CycleFlash.uvprojx
Project File Date:  08/15/2024

<h2>Output:</h2>
*** Using Compiler 'V5.06 update 6 (build 750)', folder: 'C:\Software\Programme\Keil_v5\ARM\ARMCC\Bin'
Rebuild target 'CycleFlash'
assembling startup_hc32l17x.s...
compiling system_hc32l17x.c...
compiling dac.c...
compiling aes.c...
compiling bgr.c...
compiling ddl.c...
compiling debug.c...
compiling crc.c...
compiling interrupts_hc32l17x.c...
compiling adc.c...
compiling bt.c...
compiling adt.c...
compiling dmac.c...
compiling flash.c...
compiling gpio.c...
compiling lcd.c...
compiling lpm.c...
compiling lptim.c...
compiling i2c.c...
compiling opa.c...
compiling lvd.c...
compiling lpuart.c...
compiling pca.c...
compiling pcnt.c...
compiling ram.c...
compiling reset.c...
compiling rtc.c...
compiling spi.c...
compiling trng.c...
compiling trim.c...
compiling uart.c...
compiling sysctrl.c...
compiling vc.c...
compiling wdt.c...
compiling timer3.c...
compiling main.c...
compiling cfs_system_utils.c...
compiling cfs_DEMO.c...
compiling retarget_io.c...
compiling system_uart.c...
compiling cfs_system_oc.c...
compiling cycle_flash_system.c...
compiling cfs_port_device_flash.c...
linking...
Program Size: Code=10736 RO-data=552 RW-data=80 ZI-data=2192  
FromELF: creating hex file...
After Build - User command #1: C:\Software\Programme\Keil_v5\\ARM\ARMCC\bin\fromelf.exe --bin --output=Bincfs_test.bin .\Objects\cfs_test.axf
".\Objects\cfs_test.axf" - 0 Error(s), 0 Warning(s).

<h2>Software Packages used:</h2>

Package Vendor: ARM
                http://www.keil.com/pack/ARM.CMSIS.5.5.1.pack
                ARM.CMSIS.5.5.1
                CMSIS (Cortex Microcontroller Software Interface Standard)
   * Component: CORE Version: 5.2.0

Package Vendor: HDSC
                https://raw.githubusercontent.com/hdscmcu/pack/master/HDSC.HC32L17X.1.0.0.pack
                HDSC.HC32L17X.1.0.0
                HC32L17X ARM Cortex-M0+ Device Family Pack

Package Vendor: Keil
                http://www.keil.com/pack/Keil.ARM_Compiler.1.6.1.pack
                Keil.ARM_Compiler.1.6.1
                Keil ARM Compiler extensions for ARM Compiler 5 and ARM Compiler 6
   * Component: STDERR Variant: Breakpoint Version: 1.2.0

<h2>Collection of Component include folders:</h2>
  .\RTE\_CycleFlash
  C:\Users\11983\AppData\Local\Arm\Packs\ARM\CMSIS\5.5.1\CMSIS\Core\Include
  C:\Users\11983\AppData\Local\Arm\Packs\HDSC\HC32L17X\1.0.0\Device\Include

<h2>Collection of Component Files used:</h2>

   * Component: ARM::CMSIS:CORE:5.2.0

   * Component: Keil.ARM Compiler::Compiler:I/O:STDERR:Breakpoint:1.2.0
      Source file:   Source\retarget_io.c
Build Time Elapsed:  00:00:03
</pre>
</body>
</html>
