Component: ARM Compiler 5.06 update 6 (build 750) Tool: armlink [4d35ed]

==============================================================================

Section Cross References

    interrupts_hc32l17x.o(i.EnableNvic) refers to interrupts_hc32l17x.o(i.__NVIC_SetPriority) for __NVIC_SetPriority
    system_hc32l17x.o(i.$Sub$$main) refers to system_hc32l17x.o(i.SystemInit) for SystemInit
    system_hc32l17x.o(i.$Sub$$main) refers to main.o(i.main) for $Super$$main
    system_hc32l17x.o(i.SystemCoreClockUpdate) refers to sysctrl.o(i.Sysctrl_GetHClkFreq) for Sysctrl_GetHClkFreq
    system_hc32l17x.o(i.SystemCoreClockUpdate) refers to system_hc32l17x.o(.data) for SystemCoreClock
    system_hc32l17x.o(i.SystemInit) refers to system_hc32l17x.o(i.SystemCoreClockUpdate) for SystemCoreClockUpdate
    system_hc32l17x.o(i.SystemInit) refers to system_hc32l17x.o(i._InitHidePin) for _InitHidePin
    startup_hc32l17x.o(RESET) refers to startup_hc32l17x.o(STACK) for __initial_sp
    startup_hc32l17x.o(RESET) refers to startup_hc32l17x.o(.text) for Reset_Handler
    startup_hc32l17x.o(RESET) refers to interrupts_hc32l17x.o(i.HardFault_Handler) for HardFault_Handler
    startup_hc32l17x.o(RESET) refers to interrupts_hc32l17x.o(i.SysTick_Handler) for SysTick_Handler
    startup_hc32l17x.o(RESET) refers to interrupts_hc32l17x.o(i.PORTA_IRQHandler) for PORTA_IRQHandler
    startup_hc32l17x.o(RESET) refers to interrupts_hc32l17x.o(i.PORTB_IRQHandler) for PORTB_IRQHandler
    startup_hc32l17x.o(RESET) refers to interrupts_hc32l17x.o(i.PORTC_E_IRQHandler) for PORTC_E_IRQHandler
    startup_hc32l17x.o(RESET) refers to interrupts_hc32l17x.o(i.PORTD_F_IRQHandler) for PORTD_F_IRQHandler
    startup_hc32l17x.o(RESET) refers to interrupts_hc32l17x.o(i.DMAC_IRQHandler) for DMAC_IRQHandler
    startup_hc32l17x.o(RESET) refers to interrupts_hc32l17x.o(i.TIM3_IRQHandler) for TIM3_IRQHandler
    startup_hc32l17x.o(RESET) refers to interrupts_hc32l17x.o(i.UART0_2_IRQHandler) for UART0_2_IRQHandler
    startup_hc32l17x.o(RESET) refers to interrupts_hc32l17x.o(i.UART1_3_IRQHandler) for UART1_3_IRQHandler
    startup_hc32l17x.o(RESET) refers to interrupts_hc32l17x.o(i.LPUART0_IRQHandler) for LPUART0_IRQHandler
    startup_hc32l17x.o(RESET) refers to interrupts_hc32l17x.o(i.LPUART1_IRQHandler) for LPUART1_IRQHandler
    startup_hc32l17x.o(RESET) refers to interrupts_hc32l17x.o(i.SPI0_IRQHandler) for SPI0_IRQHandler
    startup_hc32l17x.o(RESET) refers to interrupts_hc32l17x.o(i.SPI1_IRQHandler) for SPI1_IRQHandler
    startup_hc32l17x.o(RESET) refers to interrupts_hc32l17x.o(i.I2C0_IRQHandler) for I2C0_IRQHandler
    startup_hc32l17x.o(RESET) refers to interrupts_hc32l17x.o(i.I2C1_IRQHandler) for I2C1_IRQHandler
    startup_hc32l17x.o(RESET) refers to interrupts_hc32l17x.o(i.TIM0_IRQHandler) for TIM0_IRQHandler
    startup_hc32l17x.o(RESET) refers to interrupts_hc32l17x.o(i.TIM1_IRQHandler) for TIM1_IRQHandler
    startup_hc32l17x.o(RESET) refers to interrupts_hc32l17x.o(i.TIM2_IRQHandler) for TIM2_IRQHandler
    startup_hc32l17x.o(RESET) refers to interrupts_hc32l17x.o(i.LPTIM0_1_IRQHandler) for LPTIM0_1_IRQHandler
    startup_hc32l17x.o(RESET) refers to interrupts_hc32l17x.o(i.TIM4_IRQHandler) for TIM4_IRQHandler
    startup_hc32l17x.o(RESET) refers to interrupts_hc32l17x.o(i.TIM5_IRQHandler) for TIM5_IRQHandler
    startup_hc32l17x.o(RESET) refers to interrupts_hc32l17x.o(i.TIM6_IRQHandler) for TIM6_IRQHandler
    startup_hc32l17x.o(RESET) refers to interrupts_hc32l17x.o(i.PCA_IRQHandler) for PCA_IRQHandler
    startup_hc32l17x.o(RESET) refers to interrupts_hc32l17x.o(i.WDT_IRQHandler) for WDT_IRQHandler
    startup_hc32l17x.o(RESET) refers to interrupts_hc32l17x.o(i.RTC_IRQHandler) for RTC_IRQHandler
    startup_hc32l17x.o(RESET) refers to interrupts_hc32l17x.o(i.ADC_DAC_IRQHandler) for ADC_DAC_IRQHandler
    startup_hc32l17x.o(RESET) refers to interrupts_hc32l17x.o(i.PCNT_IRQHandler) for PCNT_IRQHandler
    startup_hc32l17x.o(RESET) refers to interrupts_hc32l17x.o(i.VC0_IRQHandler) for VC0_IRQHandler
    startup_hc32l17x.o(RESET) refers to interrupts_hc32l17x.o(i.VC1_2_IRQHandler) for VC1_2_IRQHandler
    startup_hc32l17x.o(RESET) refers to interrupts_hc32l17x.o(i.LVD_IRQHandler) for LVD_IRQHandler
    startup_hc32l17x.o(RESET) refers to interrupts_hc32l17x.o(i.LCD_IRQHandler) for LCD_IRQHandler
    startup_hc32l17x.o(RESET) refers to interrupts_hc32l17x.o(i.FLASH_RAM_IRQHandler) for FLASH_RAM_IRQHandler
    startup_hc32l17x.o(RESET) refers to interrupts_hc32l17x.o(i.CLKTRIM_IRQHandler) for CLKTRIM_IRQHandler
    startup_hc32l17x.o(.text) refers to system_hc32l17x.o(i.SystemInit) for SystemInit
    startup_hc32l17x.o(.text) refers to entry.o(.ARM.Collect$$$$00000000) for __main
    adc.o(i.Adc_CfgSqrChannel) refers to adc.o(i.__ARM_common_switch8) for __ARM_common_switch8
    adc.o(i.Adc_Init) refers to ddl.o(i.delay10us) for delay10us
    adt.o(i.Adt_Disable3Cfg) refers to adt.o(i.Adt_ClearBrakePort) for Adt_ClearBrakePort
[...]
    Removing timer3.o(i.Tim3_M1_Cnt16Set), (28 bytes).
    Removing timer3.o(i.Tim3_M1_Input_Cfg), (172 bytes).
    Removing timer3.o(i.Tim3_M1_PWC_CapValueGet), (16 bytes).
    Removing timer3.o(i.Tim3_M1_PWC_Edge_Sel), (152 bytes).
    Removing timer3.o(i.Tim3_M1_Run), (24 bytes).
    Removing timer3.o(i.Tim3_M1_Stop), (20 bytes).
    Removing timer3.o(i.Tim3_M23_ARRSet), (48 bytes).
    Removing timer3.o(i.Tim3_M23_BrakeInput_Cfg), (280 bytes).
    Removing timer3.o(i.Tim3_M23_CCR_Get), (96 bytes).
    Removing timer3.o(i.Tim3_M23_CCR_Set), (168 bytes).
    Removing timer3.o(i.Tim3_M23_Cnt16Get), (16 bytes).
    Removing timer3.o(i.Tim3_M23_Cnt16Set), (28 bytes).
    Removing timer3.o(i.Tim3_M23_DT_Cfg), (56 bytes).
    Removing timer3.o(i.Tim3_M23_ETRInput_Cfg), (60 bytes).
    Removing timer3.o(i.Tim3_M23_EnDMA), (216 bytes).
    Removing timer3.o(i.Tim3_M23_EnPWM_Output), (56 bytes).
    Removing timer3.o(i.Tim3_M23_EnSwBk), (24 bytes).
    Removing timer3.o(i.Tim3_M23_EnSwTrig), (24 bytes).
    Removing timer3.o(i.Tim3_M23_EnSwTrigCapCmpA), (76 bytes).
    Removing timer3.o(i.Tim3_M23_EnSwTrigCapCmpB), (76 bytes).
    Removing timer3.o(i.Tim3_M23_EnSwUev), (24 bytes).
    Removing timer3.o(i.Tim3_M23_GateFuncSel), (84 bytes).
    Removing timer3.o(i.Tim3_M23_MasterSlave_Set), (104 bytes).
    Removing timer3.o(i.Tim3_M23_OCRefClr), (60 bytes).
    Removing timer3.o(i.Tim3_M23_PortInput_Cfg), (544 bytes).
    Removing timer3.o(i.Tim3_M23_PortOutput_Cfg), (692 bytes).
    Removing timer3.o(i.Tim3_M23_Run), (24 bytes).
    Removing timer3.o(i.Tim3_M23_SetValidPeriod), (28 bytes).
    Removing timer3.o(i.Tim3_M23_Stop), (20 bytes).
    Removing timer3.o(i.Tim3_M23_TrigADC_Cfg), (188 bytes).
    Removing timer3.o(i.Tim3_Mode0_DisableIrq), (24 bytes).
    Removing timer3.o(i.Tim3_Mode0_EnableIrq), (24 bytes).
    Removing timer3.o(i.Tim3_Mode0_Init), (172 bytes).
    Removing timer3.o(i.Tim3_Mode1_DisableIrq), (60 bytes).
    Removing timer3.o(i.Tim3_Mode1_EnableIrq), (64 bytes).
    Removing timer3.o(i.Tim3_Mode1_Init), (104 bytes).
    Removing timer3.o(i.Tim3_Mode23_DisableIrq), (188 bytes).
    Removing timer3.o(i.Tim3_Mode23_EnableIrq), (204 bytes).
    Removing timer3.o(i.Tim3_Mode23_Init), (192 bytes).
    Removing trim.o(.rev16_text), (4 bytes).
    Removing trim.o(.revsh_text), (4 bytes).
    Removing trim.o(i.Trim_CalCntGet), (12 bytes).
    Removing trim.o(i.Trim_ClearIntFlag), (20 bytes).
    Removing trim.o(i.Trim_DisableIrq), (20 bytes).
    Removing trim.o(i.Trim_EnableIrq), (20 bytes).
    Removing trim.o(i.Trim_GetIntFlag), (24 bytes).
    Removing trim.o(i.Trim_Init), (40 bytes).
    Removing trim.o(i.Trim_RefCntGet), (12 bytes).
    Removing trim.o(i.Trim_Run), (20 bytes).
    Removing trim.o(i.Trim_Stop), (20 bytes).
    Removing trng.o(.rev16_text), (4 bytes).
    Removing trng.o(.revsh_text), (4 bytes).
    Removing trng.o(i.Trng_Generate), (168 bytes).
    Removing trng.o(i.Trng_GetData0), (12 bytes).
    Removing trng.o(i.Trng_GetData1), (12 bytes).
    Removing trng.o(i.Trng_Init), (168 bytes).
    Removing uart.o(.rev16_text), (4 bytes).
    Removing uart.o(.revsh_text), (4 bytes).
    Removing uart.o(i.Uart_ClrIsr), (8 bytes).
    Removing uart.o(i.Uart_DisableFunc), (20 bytes).
    Removing uart.o(i.Uart_DisableIrq), (20 bytes).
    Removing uart.o(i.Uart_GetIsr), (8 bytes).
    Removing uart.o(i.Uart_GetRb8), (10 bytes).
    Removing uart.o(i.Uart_GetStatus), (24 bytes).
    Removing uart.o(i.Uart_HdModeDisable), (12 bytes).
    Removing uart.o(i.Uart_HdModeEnable), (14 bytes).
    Removing uart.o(i.Uart_ReceiveData), (8 bytes).
    Removing uart.o(i.Uart_SendDataPoll), (58 bytes).
    Removing uart.o(i.Uart_SetMultiMode), (34 bytes).
    Removing uart.o(i.Uart_SetSaddr), (8 bytes).
    Removing uart.o(i.Uart_SetTb8), (20 bytes).
    Removing vc.o(.rev16_text), (4 bytes).
    Removing vc.o(.revsh_text), (4 bytes).
    Removing vc.o(i.Vc_CfgItType), (140 bytes).
    Removing vc.o(i.Vc_ClearItStatus), (20 bytes).
    Removing vc.o(i.Vc_Cmd), (72 bytes).
    Removing vc.o(i.Vc_DacInit), (96 bytes).
    Removing vc.o(i.Vc_GetItStatus), (24 bytes).
    Removing vc.o(i.Vc_Init), (484 bytes).
    Removing vc.o(i.Vc_ItCfg), (72 bytes).
    Removing wdt.o(.rev16_text), (4 bytes).
    Removing wdt.o(.revsh_text), (4 bytes).
    Removing wdt.o(i.Wdt_Feed), (16 bytes).
    Removing wdt.o(i.Wdt_GetIrqStatus), (24 bytes).
    Removing wdt.o(i.Wdt_Init), (44 bytes).
    Removing wdt.o(i.Wdt_IrqClr), (16 bytes).
    Removing wdt.o(i.Wdt_ReadWdtValue), (16 bytes).
    Removing wdt.o(i.Wdt_ReadwdtStatus), (24 bytes).
    Removing wdt.o(i.Wdt_Start), (16 bytes).
    Removing wdt.o(i.Wdt_WriteWdtLoad), (24 bytes).
    Removing main.o(.rev16_text), (4 bytes).
    Removing main.o(.revsh_text), (4 bytes).
    Removing system_uart.o(.rev16_text), (4 bytes).
    Removing system_uart.o(.revsh_text), (4 bytes).
    Removing system_uart.o(i.system_uart0_config_off), (116 bytes).
    Removing cfs_system_utils.o(i.cfs_system_utils_crc_8_check), (90 bytes).
    Removing cfs_port_device_flash.o(.rev16_text), (4 bytes).
    Removing cfs_port_device_flash.o(.revsh_text), (4 bytes).
    Removing retarget_io.o(i.__backspace), (8 bytes).
    Removing retarget_io.o(i.fgetc), (8 bytes).
    Removing dadd.o(.text), (356 bytes).
    Removing dmul.o(.text), (208 bytes).
    Removing ddiv.o(.text), (240 bytes).
    Removing dfixul.o(.text), (64 bytes).
    Removing cdrcmple.o(.text), (40 bytes).
    Removing depilogue.o(.text), (190 bytes).
    Removing depilogue.o(i.__ARM_clz), (46 bytes).

572 unused section(s) (total 29090 bytes) removed from the image.

==============================================================================

Image Symbol Table

    Local Symbols

    Symbol Name                              Value     Ov Type        Size  Object(Section)

    RESET                                    0x00000000   Section      192  startup_hc32l17x.o(RESET)
    ../clib/microlib/division.c              0x00000000   Number         0  idiv.o ABSOLUTE
    ../clib/microlib/division.c              0x00000000   Number         0  uidiv.o ABSOLUTE
    ../clib/microlib/division.c              0x00000000   Number         0  uldiv.o ABSOLUTE
    ../clib/microlib/init/entry.s            0x00000000   Number         0  entry9b.o ABSOLUTE
    ../clib/microlib/init/entry.s            0x00000000   Number         0  entry8a.o ABSOLUTE
    ../clib/microlib/init/entry.s            0x00000000   Number         0  entry9a.o ABSOLUTE
    ../clib/microlib/init/entry.s            0x00000000   Number         0  entry10b.o ABSOLUTE
    ../clib/microlib/init/entry.s            0x00000000   Number         0  entry10a.o ABSOLUTE
    ../clib/microlib/init/entry.s            0x00000000   Number         0  entry7a.o ABSOLUTE
    ../clib/microlib/init/entry.s            0x00000000   Number         0  entry.o ABSOLUTE
    ../clib/microlib/init/entry.s            0x00000000   Number         0  entry8b.o ABSOLUTE
    ../clib/microlib/init/entry.s            0x00000000   Number         0  entry11a.o ABSOLUTE
    ../clib/microlib/init/entry.s            0x00000000   Number         0  entry2.o ABSOLUTE
    ../clib/microlib/init/entry.s            0x00000000   Number         0  entry5.o ABSOLUTE
    ../clib/microlib/init/entry.s            0x00000000   Number         0  entry7b.o ABSOLUTE
    ../clib/microlib/init/entry.s            0x00000000   Number         0  entry11b.o ABSOLUTE
    ../clib/microlib/longlong.c              0x00000000   Number         0  llushr.o ABSOLUTE
    ../clib/microlib/longlong.c              0x00000000   Number         0  llsshr.o ABSOLUTE
    ../clib/microlib/longlong.c              0x00000000   Number         0  llshl.o ABSOLUTE
    ../clib/microlib/malloc/malloc.c         0x00000000   Number         0  mallocr.o ABSOLUTE
    ../clib/microlib/malloc/malloc.c         0x00000000   Number         0  malloc.o ABSOLUTE
    ../clib/microlib/malloc/malloc.c         0x00000000   Number         0  mallocra.o ABSOLUTE
    ../clib/microlib/malloc/malloc.c         0x00000000   Number         0  malloca.o ABSOLUTE
    ../clib/microlib/malloc/mvars.c          0x00000000   Number         0  mvars.o ABSOLUTE
    ../clib/microlib/printf/printf.c         0x00000000   Number         0  printf2.o ABSOLUTE
    ../clib/microlib/printf/printf.c         0x00000000   Number         0  printf3.o ABSOLUTE
    ../clib/microlib/printf/printf.c         0x00000000   Number         0  printf4.o ABSOLUTE
    ../clib/microlib/printf/printf.c         0x00000000   Number         0  printf5.o ABSOLUTE
    ../clib/microlib/printf/printf.c         0x00000000   Number         0  printf8.o ABSOLUTE
    ../clib/microlib/printf/printf.c         0x00000000   Number         0  printf6.o ABSOLUTE
    ../clib/microlib/printf/printf.c         0x00000000   Number         0  printfa.o ABSOLUTE
    ../clib/microlib/printf/printf.c         0x00000000   Number         0  printf7.o ABSOLUTE
    ../clib/microlib/printf/printf.c         0x00000000   Number         0  printf1.o ABSOLUTE
    ../clib/microlib/printf/printf.c         0x00000000   Number         0  printfb.o ABSOLUTE
    ../clib/microlib/printf/printf.c         0x00000000   Number         0  printf0.o ABSOLUTE
    ../clib/microlib/printf/stubs.s          0x00000000   Number         0  stubs.o ABSOLUTE
    ../clib/microlib/stdio/fputs.c           0x00000000   Number         0  fputs_e.o ABSOLUTE
    ../clib/microlib/stdio/fputs.c           0x00000000   Number         0  fputs.o ABSOLUTE
    ../clib/microlib/stdio/streams.c         0x00000000   Number         0  stderr.o ABSOLUTE
    ../clib/microlib/stdio/streams.c         0x00000000   Number         0  stdout.o ABSOLUTE
    ../clib/microlib/string/memcmp.c         0x00000000   Number         0  memcmp.o ABSOLUTE
    ../clib/microlib/string/memcpy.c         0x00000000   Number         0  memcpya.o ABSOLUTE
    ../clib/microlib/string/memcpy.c         0x00000000   Number         0  memcpyb.o ABSOLUTE
    ../clib/microlib/string/memset.c         0x00000000   Number         0  memseta.o ABSOLUTE
    ../clib/microlib/string/strlen.c         0x00000000   Number         0  strlen.o ABSOLUTE
    ../clib/microlib/stubs.s                 0x00000000   Number         0  iusefp.o ABSOLUTE
    ../fplib/microlib/fpadd.c                0x00000000   Number         0  dadd.o ABSOLUTE
    ../fplib/microlib/fpadd.c                0x00000000   Number         0  fadd.o ABSOLUTE
    ../fplib/microlib/fpdiv.c                0x00000000   Number         0  fdiv.o ABSOLUTE
    ../fplib/microlib/fpdiv.c                0x00000000   Number         0  ddiv.o ABSOLUTE
    ../fplib/microlib/fpepilogue.c           0x00000000   Number         0  depilogue.o ABSOLUTE
    ../fplib/microlib/fpepilogue.c           0x00000000   Number         0  fepilogue.o ABSOLUTE
    ../fplib/microlib/fpfix.c                0x00000000   Number         0  ffixui.o ABSOLUTE
    ../fplib/microlib/fpfix.c                0x00000000   Number         0  dfixul.o ABSOLUTE
    ../fplib/microlib/fpflt.c                0x00000000   Number         0  ffltui.o ABSOLUTE
    ../fplib/microlib/fpmul.c                0x00000000   Number         0  dmul.o ABSOLUTE
    ..\..\cfs\cfs_DEMO.c                     0x00000000   Number         0  cfs_demo.o ABSOLUTE
    ..\..\cfs\cfs_port_device_flash.c        0x00000000   Number         0  cfs_port_device_flash.o ABSOLUTE
    ..\..\common\interrupts_hc32l17x.c       0x00000000   Number         0  interrupts_hc32l17x.o ABSOLUTE
    ..\..\common\startup_hc32l17x.s          0x00000000   Number         0  startup_hc32l17x.o ABSOLUTE
    ..\..\common\system_hc32l17x.c           0x00000000   Number         0  system_hc32l17x.o ABSOLUTE
    ..\..\driver\src\adc.c                   0x00000000   Number         0  adc.o ABSOLUTE
    ..\..\driver\src\adt.c                   0x00000000   Number         0  adt.o ABSOLUTE
    ..\..\driver\src\aes.c                   0x00000000   Number         0  aes.o ABSOLUTE
    ..\..\driver\src\bgr.c                   0x00000000   Number         0  bgr.o ABSOLUTE
    ..\..\driver\src\bt.c                    0x00000000   Number         0  bt.o ABSOLUTE
    ..\..\driver\src\crc.c                   0x00000000   Number         0  crc.o ABSOLUTE
    ..\..\driver\src\dac.c                   0x00000000   Number         0  dac.o ABSOLUTE
    ..\..\driver\src\ddl.c                   0x00000000   Number         0  ddl.o ABSOLUTE
    ..\..\driver\src\debug.c                 0x00000000   Number         0  debug.o ABSOLUTE
    ..\..\driver\src\dmac.c                  0x00000000   Number         0  dmac.o ABSOLUTE
    ..\..\driver\src\flash.c                 0x00000000   Number         0  flash.o ABSOLUTE
    ..\..\driver\src\gpio.c                  0x00000000   Number         0  gpio.o ABSOLUTE
    ..\..\driver\src\i2c.c                   0x00000000   Number         0  i2c.o ABSOLUTE
    ..\..\driver\src\lcd.c                   0x00000000   Number         0  lcd.o ABSOLUTE
    ..\..\driver\src\lpm.c                   0x00000000   Number         0  lpm.o ABSOLUTE
    ..\..\driver\src\lptim.c                 0x00000000   Number         0  lptim.o ABSOLUTE
    ..\..\driver\src\lpuart.c                0x00000000   Number         0  lpuart.o ABSOLUTE
    ..\..\driver\src\lvd.c                   0x00000000   Number         0  lvd.o ABSOLUTE
    ..\..\driver\src\opa.c                   0x00000000   Number         0  opa.o ABSOLUTE
    ..\..\driver\src\pca.c                   0x00000000   Number         0  pca.o ABSOLUTE
    ..\..\driver\src\pcnt.c                  0x00000000   Number         0  pcnt.o ABSOLUTE
    ..\..\driver\src\ram.c                   0x00000000   Number         0  ram.o ABSOLUTE
    ..\..\driver\src\reset.c                 0x00000000   Number         0  reset.o ABSOLUTE
    ..\..\driver\src\rtc.c                   0x00000000   Number         0  rtc.o ABSOLUTE
    ..\..\driver\src\spi.c                   0x00000000   Number         0  spi.o ABSOLUTE
    ..\..\driver\src\sysctrl.c               0x00000000   Number         0  sysctrl.o ABSOLUTE
    ..\..\driver\src\timer3.c                0x00000000   Number         0  timer3.o ABSOLUTE
    ..\..\driver\src\trim.c                  0x00000000   Number         0  trim.o ABSOLUTE
    ..\..\driver\src\trng.c                  0x00000000   Number         0  trng.o ABSOLUTE
    ..\..\driver\src\uart.c                  0x00000000   Number         0  uart.o ABSOLUTE
    ..\..\driver\src\vc.c                    0x00000000   Number         0  vc.o ABSOLUTE
    ..\..\driver\src\wdt.c                   0x00000000   Number         0  wdt.o ABSOLUTE
    ..\\..\\cfs\\cfs_port_device_flash.c     0x00000000   Number         0  cfs_port_device_flash.o ABSOLUTE
    ..\\..\\common\\interrupts_hc32l17x.c    0x00000000   Number         0  interrupts_hc32l17x.o ABSOLUTE
    ..\\..\\common\\system_hc32l17x.c        0x00000000   Number         0  system_hc32l17x.o ABSOLUTE
    ..\\..\\driver\\src\\adc.c               0x00000000   Number         0  adc.o ABSOLUTE
    ..\\..\\driver\\src\\adt.c               0x00000000   Number         0  adt.o ABSOLUTE
    ..\\..\\driver\\src\\aes.c               0x00000000   Number         0  aes.o ABSOLUTE
    ..\\..\\driver\\src\\bgr.c               0x00000000   Number         0  bgr.o ABSOLUTE
    ..\\..\\driver\\src\\bt.c                0x00000000   Number         0  bt.o ABSOLUTE
    ..\\..\\driver\\src\\crc.c               0x00000000   Number         0  crc.o ABSOLUTE
    ..\\..\\driver\\src\\dac.c               0x00000000   Number         0  dac.o ABSOLUTE
    ..\\..\\driver\\src\\ddl.c               0x00000000   Number         0  ddl.o ABSOLUTE
    ..\\..\\driver\\src\\debug.c             0x00000000   Number         0  debug.o ABSOLUTE
    ..\\..\\driver\\src\\dmac.c              0x00000000   Number         0  dmac.o ABSOLUTE
    ..\\..\\driver\\src\\flash.c             0x00000000   Number         0  flash.o ABSOLUTE
    ..\\..\\driver\\src\\gpio.c              0x00000000   Number         0  gpio.o ABSOLUTE
    ..\\..\\driver\\src\\i2c.c               0x00000000   Number         0  i2c.o ABSOLUTE
    ..\\..\\driver\\src\\lcd.c               0x00000000   Number         0  lcd.o ABSOLUTE
    ..\\..\\driver\\src\\lpm.c               0x00000000   Number         0  lpm.o ABSOLUTE
    ..\\..\\driver\\src\\lptim.c             0x00000000   Number         0  lptim.o ABSOLUTE
    ..\\..\\driver\\src\\lpuart.c            0x00000000   Number         0  lpuart.o ABSOLUTE
    ..\\..\\driver\\src\\lvd.c               0x00000000   Number         0  lvd.o ABSOLUTE
    ..\\..\\driver\\src\\opa.c               0x00000000   Number         0  opa.o ABSOLUTE
    ..\\..\\driver\\src\\pca.c               0x00000000   Number         0  pca.o ABSOLUTE
    ..\\..\\driver\\src\\pcnt.c              0x00000000   Number         0  pcnt.o ABSOLUTE
    ..\\..\\driver\\src\\ram.c               0x00000000   Number         0  ram.o ABSOLUTE
    ..\\..\\driver\\src\\reset.c             0x00000000   Number         0  reset.o ABSOLUTE
    ..\\..\\driver\\src\\rtc.c               0x00000000   Number         0  rtc.o ABSOLUTE
    ..\\..\\driver\\src\\spi.c               0x00000000   Number         0  spi.o ABSOLUTE
    ..\\..\\driver\\src\\sysctrl.c           0x00000000   Number         0  sysctrl.o ABSOLUTE
    ..\\..\\driver\\src\\timer3.c            0x00000000   Number         0  timer3.o ABSOLUTE
    ..\\..\\driver\\src\\trim.c              0x00000000   Number         0  trim.o ABSOLUTE
    ..\\..\\driver\\src\\trng.c              0x00000000   Number         0  trng.o ABSOLUTE
    ..\\..\\driver\\src\\uart.c              0x00000000   Number         0  uart.o ABSOLUTE
    ..\\..\\driver\\src\\vc.c                0x00000000   Number         0  vc.o ABSOLUTE
    ..\\..\\driver\\src\\wdt.c               0x00000000   Number         0  wdt.o ABSOLUTE
    ..\\source\\main.c                       0x00000000   Number         0  main.o ABSOLUTE
    ..\\user\\user_src\\system_uart.c        0x00000000   Number         0  system_uart.o ABSOLUTE
    ..\source\main.c                         0x00000000   Number         0  main.o ABSOLUTE
    ..\user\user_src\system_uart.c           0x00000000   Number         0  system_uart.o ABSOLUTE
    C:\GitRepository\CycleFlash\cycleflash\src\cfs_system_oc.c 0x00000000   Number         0  cfs_system_oc.o ABSOLUTE
    C:\GitRepository\CycleFlash\cycleflash\src\cfs_system_utils.c 0x00000000   Number         0  cfs_system_utils.o ABSOLUTE
    C:\GitRepository\CycleFlash\cycleflash\src\cycle_flash_system.c 0x00000000   Number         0  cycle_flash_system.o ABSOLUTE
    C:\Users\11983\AppData\Local\Arm\Packs\Keil\ARM_Compiler\1.6.1\Source\retarget_io.c 0x00000000   Number         0  retarget_io.o ABSOLUTE
    cdrcmple.s                               0x00000000   Number         0  cdrcmple.o ABSOLUTE
    dc.s                                     0x00000000   Number         0  dc.o ABSOLUTE
    handlers.s                               0x00000000   Number         0  handlers.o ABSOLUTE
    init.s                                   0x00000000   Number         0  init.o ABSOLUTE
    .ARM.Collect$$$$00000000                 0x000000c0   Section        0  entry.o(.ARM.Collect$$$$00000000)
    .ARM.Collect$$$$00000001                 0x000000c0   Section        4  entry2.o(.ARM.Collect$$$$00000001)
    .ARM.Collect$$$$00000004                 0x000000c4   Section        4  entry5.o(.ARM.Collect$$$$00000004)
    .ARM.Collect$$$$00000008                 0x000000c8   Section        0  entry7b.o(.ARM.Collect$$$$00000008)
    .ARM.Collect$$$$0000000A                 0x000000c8   Section        0  entry8b.o(.ARM.Collect$$$$0000000A)
    .ARM.Collect$$$$0000000B                 0x000000c8   Section        8  entry9a.o(.ARM.Collect$$$$0000000B)
    .ARM.Collect$$$$0000000D                 0x000000d0   Section        0  entry10a.o(.ARM.Collect$$$$0000000D)
    .ARM.Collect$$$$0000000F                 0x000000d0   Section        0  entry11a.o(.ARM.Collect$$$$0000000F)
    .ARM.Collect$$$$00002712                 0x000000d0   Section        4  entry2.o(.ARM.Collect$$$$00002712)
    __lit__00000000                          0x000000d0   Data           4  entry2.o(.ARM.Collect$$$$00002712)
    .text                                    0x000000d4   Section       60  startup_hc32l17x.o(.text)
    .text                                    0x00000110   Section        0  uidiv.o(.text)
    .text                                    0x0000013c   Section        0  idiv.o(.text)
    .text                                    0x00000164   Section        0  memcpya.o(.text)
    .text                                    0x00000188   Section        0  memseta.o(.text)
    .text                                    0x000001ac   Section        0  strlen.o(.text)
    .text                                    0x000001ba   Section        0  memcmp.o(.text)
    .text                                    0x000001d4   Section        0  fadd.o(.text)
    .text                                    0x00000286   Section        0  fdiv.o(.text)
    .text                                    0x00000302   Section        0  ffltui.o(.text)
    .text                                    0x00000310   Section        0  ffixui.o(.text)
    .text                                    0x00000338   Section        0  iusefp.o(.text)
    .text                                    0x00000338   Section        0  fepilogue.o(.text)
    .text                                    0x000003bc   Section       36  init.o(.text)
    i.$Sub$$main                             0x000003e0   Section        0  system_hc32l17x.o(i.$Sub$$main)
    i.ADC_DAC_IRQHandler                     0x000003ee   Section        0  interrupts_hc32l17x.o(i.ADC_DAC_IRQHandler)
    i.CLKTRIM_IRQHandler                     0x000003fa   Section        0  interrupts_hc32l17x.o(i.CLKTRIM_IRQHandler)
    i.DMAC_IRQHandler                        0x00000402   Section        0  interrupts_hc32l17x.o(i.DMAC_IRQHandler)
    i.FLASH_RAM_IRQHandler                   0x0000040a   Section        0  interrupts_hc32l17x.o(i.FLASH_RAM_IRQHandler)
    i.Flash_LockAll                          0x00000418   Section        0  flash.o(i.Flash_LockAll)
    i.Flash_SectorErase                      0x00000440   Section        0  flash.o(i.Flash_SectorErase)
    i.Flash_UnlockAll                        0x000004f0   Section        0  flash.o(i.Flash_UnlockAll)
    i.Flash_WriteByte                        0x0000051c   Section        0  flash.o(i.Flash_WriteByte)
    i.Flash_WriteHalfWord                    0x000005cc   Section        0  flash.o(i.Flash_WriteHalfWord)
    i.Flash_WriteWord                        0x0000067c   Section        0  flash.o(i.Flash_WriteWord)
    i.Gpio_Init                              0x0000072c   Section        0  gpio.o(i.Gpio_Init)
    i.Gpio_SetAfMode                         0x000007c8   Section        0  gpio.o(i.Gpio_SetAfMode)
    i.HardFault_Handler                      0x000007dc   Section        0  interrupts_hc32l17x.o(i.HardFault_Handler)
    i.I2C0_IRQHandler                        0x000007ec   Section        0  interrupts_hc32l17x.o(i.I2C0_IRQHandler)
    i.I2C1_IRQHandler                        0x000007f4   Section        0  interrupts_hc32l17x.o(i.I2C1_IRQHandler)
    i.LCD_IRQHandler                         0x000007fc   Section        0  interrupts_hc32l17x.o(i.LCD_IRQHandler)
    i.LPTIM0_1_IRQHandler                    0x00000804   Section        0  interrupts_hc32l17x.o(i.LPTIM0_1_IRQHandler)
    i.LPUART0_IRQHandler                     0x00000810   Section        0  interrupts_hc32l17x.o(i.LPUART0_IRQHandler)
    i.LPUART1_IRQHandler                     0x00000818   Section        0  interrupts_hc32l17x.o(i.LPUART1_IRQHandler)
    i.LVD_IRQHandler                         0x00000820   Section        0  interrupts_hc32l17x.o(i.LVD_IRQHandler)
    i.PCA_IRQHandler                         0x00000828   Section        0  interrupts_hc32l17x.o(i.PCA_IRQHandler)
    i.PCNT_IRQHandler                        0x00000830   Section        0  interrupts_hc32l17x.o(i.PCNT_IRQHandler)
    i.PORTA_IRQHandler                       0x00000838   Section        0  interrupts_hc32l17x.o(i.PORTA_IRQHandler)
    i.PORTB_IRQHandler                       0x00000840   Section        0  interrupts_hc32l17x.o(i.PORTB_IRQHandler)
    i.PORTC_E_IRQHandler                     0x00000848   Section        0  interrupts_hc32l17x.o(i.PORTC_E_IRQHandler)
    i.PORTD_F_IRQHandler                     0x00000854   Section        0  interrupts_hc32l17x.o(i.PORTD_F_IRQHandler)
    i.RTC_IRQHandler                         0x00000860   Section        0  interrupts_hc32l17x.o(i.RTC_IRQHandler)
    i.SPI0_IRQHandler                        0x00000868   Section        0  interrupts_hc32l17x.o(i.SPI0_IRQHandler)
    i.SPI1_IRQHandler                        0x00000870   Section        0  interrupts_hc32l17x.o(i.SPI1_IRQHandler)
    i.SetBit                                 0x00000878   Section        0  ddl.o(i.SetBit)
    i.SysTick_Handler                        0x00000896   Section        0  interrupts_hc32l17x.o(i.SysTick_Handler)
    i.Sysctrl_GetHClkFreq                    0x000008a0   Section        0  sysctrl.o(i.Sysctrl_GetHClkFreq)
    i.Sysctrl_GetPClkFreq                    0x00000a14   Section        0  sysctrl.o(i.Sysctrl_GetPClkFreq)
    i.Sysctrl_SetPeripheralGate              0x00000a34   Section        0  sysctrl.o(i.Sysctrl_SetPeripheralGate)
    i.SystemCoreClockUpdate                  0x00000a84   Section        0  system_hc32l17x.o(i.SystemCoreClockUpdate)
    i.SystemInit                             0x00000a94   Section        0  system_hc32l17x.o(i.SystemInit)
    i.TIM0_IRQHandler                        0x00000ad4   Section        0  interrupts_hc32l17x.o(i.TIM0_IRQHandler)
    i.TIM1_IRQHandler                        0x00000adc   Section        0  interrupts_hc32l17x.o(i.TIM1_IRQHandler)
    i.TIM2_IRQHandler                        0x00000ae4   Section        0  interrupts_hc32l17x.o(i.TIM2_IRQHandler)
    i.TIM3_IRQHandler                        0x00000aec   Section        0  interrupts_hc32l17x.o(i.TIM3_IRQHandler)
    i.TIM4_IRQHandler                        0x00000af4   Section        0  interrupts_hc32l17x.o(i.TIM4_IRQHandler)
    i.TIM5_IRQHandler                        0x00000afc   Section        0  interrupts_hc32l17x.o(i.TIM5_IRQHandler)
    i.TIM6_IRQHandler                        0x00000b04   Section        0  interrupts_hc32l17x.o(i.TIM6_IRQHandler)
    i.UART0_2_IRQHandler                     0x00000b0c   Section        0  interrupts_hc32l17x.o(i.UART0_2_IRQHandler)
    i.UART1_3_IRQHandler                     0x00000b18   Section        0  interrupts_hc32l17x.o(i.UART1_3_IRQHandler)
    i.Uart_ClrStatus                         0x00000b24   Section        0  uart.o(i.Uart_ClrStatus)
    i.Uart_EnableFunc                        0x00000b3a   Section        0  uart.o(i.Uart_EnableFunc)
    i.Uart_EnableIrq                         0x00000b4e   Section        0  uart.o(i.Uart_EnableIrq)
    i.Uart_Init                              0x00000b64   Section        0  uart.o(i.Uart_Init)
    i.Uart_SendDataIt                        0x00000bf8   Section        0  uart.o(i.Uart_SendDataIt)
    i.VC0_IRQHandler                         0x00000c0a   Section        0  interrupts_hc32l17x.o(i.VC0_IRQHandler)
    i.VC1_2_IRQHandler                       0x00000c12   Section        0  interrupts_hc32l17x.o(i.VC1_2_IRQHandler)
    i.WDT_IRQHandler                         0x00000c1e   Section        0  interrupts_hc32l17x.o(i.WDT_IRQHandler)
    i._InitHidePin                           0x00000c28   Section        0  system_hc32l17x.o(i._InitHidePin)
    _InitHidePin                             0x00000c29   Thumb Code    60  system_hc32l17x.o(i._InitHidePin)
    i.__0sprintf$3                           0x00000c70   Section        0  printf3.o(i.__0sprintf$3)
    i.__ARM_common_switch8                   0x00000c98   Section        0  adc.o(i.__ARM_common_switch8)
    i.__aeabi_assert                         0x00000cb4   Section        0  retarget_io.o(i.__aeabi_assert)
    i.__contrast_flash_data_block            0x00000d50   Section        0  cfs_system_oc.o(i.__contrast_flash_data_block)
    __contrast_flash_data_block              0x00000d51   Thumb Code    86  cfs_system_oc.o(i.__contrast_flash_data_block)
    i.__read_flash_data_block                0x00000da6   Section        0  cfs_system_oc.o(i.__read_flash_data_block)
    __read_flash_data_block                  0x00000da7   Thumb Code    62  cfs_system_oc.o(i.__read_flash_data_block)
    i.__scatterload_copy                     0x00000de4   Section       14  handlers.o(i.__scatterload_copy)
    i.__scatterload_null                     0x00000df2   Section        2  handlers.o(i.__scatterload_null)
    i.__scatterload_zeroinit                 0x00000df4   Section       14  handlers.o(i.__scatterload_zeroinit)
    i.__write_flash_data                     0x00000e02   Section        0  cfs_system_oc.o(i.__write_flash_data)
    __write_flash_data                       0x00000e03   Thumb Code   198  cfs_system_oc.o(i.__write_flash_data)
    i.__write_flash_data_block               0x00000ec8   Section        0  cfs_system_oc.o(i.__write_flash_data_block)
    __write_flash_data_block                 0x00000ec9   Thumb Code    62  cfs_system_oc.o(i.__write_flash_data_block)
    i._internal_flash_filesystem_read_nv     0x00000f08   Section        0  cfs_demo.o(i._internal_flash_filesystem_read_nv)
    _internal_flash_filesystem_read_nv       0x00000f09   Thumb Code    84  cfs_demo.o(i._internal_flash_filesystem_read_nv)
    i._internal_flash_filesystem_write_nv    0x00000f84   Section        0  cfs_demo.o(i._internal_flash_filesystem_write_nv)
    _internal_flash_filesystem_write_nv      0x00000f85   Thumb Code    86  cfs_demo.o(i._internal_flash_filesystem_write_nv)
    i._printf_core                           0x00001004   Section        0  printf3.o(i._printf_core)
    _printf_core                             0x00001005   Thumb Code   456  printf3.o(i._printf_core)
    i._sputc                                 0x000011d0   Section        0  printf3.o(i._sputc)
    _sputc                                   0x000011d1   Thumb Code    10  printf3.o(i._sputc)
    i.abort                                  0x000011da   Section        0  retarget_io.o(i.abort)
    i.cfs_filesystem_check_flash_repeat_address 0x000011de   Section        0  cycle_flash_system.o(i.cfs_filesystem_check_flash_repeat_address)
    cfs_filesystem_check_flash_repeat_address 0x000011df   Thumb Code    26  cycle_flash_system.o(i.cfs_filesystem_check_flash_repeat_address)
    i.cfs_filesystem_cycle_data_write        0x000011f8   Section        0  cycle_flash_system.o(i.cfs_filesystem_cycle_data_write)
    cfs_filesystem_cycle_data_write          0x000011f9   Thumb Code   140  cycle_flash_system.o(i.cfs_filesystem_cycle_data_write)
    i.cfs_filesystem_fixed_data_write        0x00001284   Section        0  cycle_flash_system.o(i.cfs_filesystem_fixed_data_write)
    cfs_filesystem_fixed_data_write          0x00001285   Thumb Code   134  cycle_flash_system.o(i.cfs_filesystem_fixed_data_write)
    i.cfs_filesystem_flsh_data_read          0x00001364   Section        0  cycle_flash_system.o(i.cfs_filesystem_flsh_data_read)
    cfs_filesystem_flsh_data_read            0x00001365   Thumb Code    44  cycle_flash_system.o(i.cfs_filesystem_flsh_data_read)
    i.cfs_filesystem_object_add_oc_object    0x00001390   Section        0  cycle_flash_system.o(i.cfs_filesystem_object_add_oc_object)
    cfs_filesystem_object_add_oc_object      0x00001391   Thumb Code    56  cycle_flash_system.o(i.cfs_filesystem_object_add_oc_object)
    i.cfs_filesystem_object_id_init          0x000013cc   Section        0  cycle_flash_system.o(i.cfs_filesystem_object_id_init)
    cfs_filesystem_object_id_init            0x000013cd   Thumb Code    92  cycle_flash_system.o(i.cfs_filesystem_object_id_init)
    i.cfs_filesystem_tight_data_page_id_init 0x0000147c   Section        0  cycle_flash_system.o(i.cfs_filesystem_tight_data_page_id_init)
    cfs_filesystem_tight_data_page_id_init   0x0000147d   Thumb Code   338  cycle_flash_system.o(i.cfs_filesystem_tight_data_page_id_init)
    i.cfs_nv_clear                           0x000015d0   Section        0  cycle_flash_system.o(i.cfs_nv_clear)
    i.cfs_nv_get_current_id                  0x00001658   Section        0  cycle_flash_system.o(i.cfs_nv_get_current_id)
    i.cfs_nv_get_current_valid_id            0x00001678   Section        0  cycle_flash_system.o(i.cfs_nv_get_current_valid_id)
    i.cfs_nv_object_delete                   0x00001698   Section        0  cycle_flash_system.o(i.cfs_nv_object_delete)
    i.cfs_nv_object_init                     0x000016b8   Section        0  cycle_flash_system.o(i.cfs_nv_object_init)
    i.cfs_nv_read                            0x000017ec   Section        0  cycle_flash_system.o(i.cfs_nv_read)
    i.cfs_nv_write                           0x00001904   Section        0  cycle_flash_system.o(i.cfs_nv_write)
    i.cfs_port_system_flash_erasing_page     0x000019bc   Section        0  cfs_port_device_flash.o(i.cfs_port_system_flash_erasing_page)
    i.cfs_port_system_flash_init             0x000019e8   Section        0  cfs_port_device_flash.o(i.cfs_port_system_flash_init)
    i.cfs_port_system_flash_lock_disable     0x00001a00   Section        0  cfs_port_device_flash.o(i.cfs_port_system_flash_lock_disable)
    i.cfs_port_system_flash_lock_enable      0x00001a04   Section        0  cfs_port_device_flash.o(i.cfs_port_system_flash_lock_enable)
    i.cfs_port_system_flash_read             0x00001a08   Section        0  cfs_port_device_flash.o(i.cfs_port_system_flash_read)
    i.cfs_port_system_flash_read_checking_null_values 0x00001a1c   Section        0  cfs_port_device_flash.o(i.cfs_port_system_flash_read_checking_null_values)
    i.cfs_port_system_flash_read_contrast    0x00001a40   Section        0  cfs_port_device_flash.o(i.cfs_port_system_flash_read_contrast)
    i.cfs_port_system_flash_write_byte       0x00001a5c   Section        0  cfs_port_device_flash.o(i.cfs_port_system_flash_write_byte)
    i.cfs_port_system_flash_write_half_word  0x00001a82   Section        0  cfs_port_device_flash.o(i.cfs_port_system_flash_write_half_word)
    i.cfs_port_system_flash_write_word       0x00001abc   Section        0  cfs_port_device_flash.o(i.cfs_port_system_flash_write_word)
    i.cfs_system_oc_add_object               0x00001b00   Section        0  cfs_system_oc.o(i.cfs_system_oc_add_object)
    i.cfs_system_oc_add_write_flash_data     0x00001b8c   Section        0  cfs_system_oc.o(i.cfs_system_oc_add_write_flash_data)
    i.cfs_system_oc_flash_checking_null_values 0x00001c70   Section        0  cfs_system_oc.o(i.cfs_system_oc_flash_checking_null_values)
    i.cfs_system_oc_flash_data_clear         0x00001c8e   Section        0  cfs_system_oc.o(i.cfs_system_oc_flash_data_clear)
    i.cfs_system_oc_flash_repeat_address     0x00001ca0   Section        0  cfs_system_oc.o(i.cfs_system_oc_flash_repeat_address)
    i.cfs_system_oc_object_delete            0x00001d10   Section        0  cfs_system_oc.o(i.cfs_system_oc_object_delete)
    i.cfs_system_oc_object_id_get            0x00001d84   Section        0  cfs_system_oc.o(i.cfs_system_oc_object_id_get)
    i.cfs_system_oc_object_id_set            0x00001d8a   Section        0  cfs_system_oc.o(i.cfs_system_oc_object_id_set)
    i.cfs_system_oc_object_linked_crc_16_verify 0x00001d92   Section        0  cfs_system_oc.o(i.cfs_system_oc_object_linked_crc_16_verify)
    i.cfs_system_oc_object_struct_type_get   0x00001db0   Section        0  cfs_system_oc.o(i.cfs_system_oc_object_struct_type_get)
    i.cfs_system_oc_object_valid_id_number_get 0x00001db8   Section        0  cfs_system_oc.o(i.cfs_system_oc_object_valid_id_number_get)
    i.cfs_system_oc_object_valid_id_number_set 0x00001dbe   Section        0  cfs_system_oc.o(i.cfs_system_oc_object_valid_id_number_set)
    i.cfs_system_oc_read_flash_data          0x00001dc8   Section        0  cfs_system_oc.o(i.cfs_system_oc_read_flash_data)
    i.cfs_system_oc_set_write_flash_data     0x00001eb4   Section        0  cfs_system_oc.o(i.cfs_system_oc_set_write_flash_data)
    i.cfs_system_oc_system_object_get        0x00002004   Section        0  cfs_system_oc.o(i.cfs_system_oc_system_object_get)
    i.cfs_system_oc_valid_data_number        0x0000200a   Section        0  cfs_system_oc.o(i.cfs_system_oc_valid_data_number)
    i.cfs_system_oc_via_id_calculate_addr    0x000020d4   Section        0  cfs_system_oc.o(i.cfs_system_oc_via_id_calculate_addr)
    i.cfs_system_utils_crc16_xmodem_check    0x000021d4   Section        0  cfs_system_utils.o(i.cfs_system_utils_crc16_xmodem_check)
    i.cfs_system_utils_crc16_xmodem_check_data_block 0x00002224   Section        0  cfs_system_utils.o(i.cfs_system_utils_crc16_xmodem_check_data_block)
    i.ddl_memclr                             0x00002318   Section        0  ddl.o(i.ddl_memclr)
    i.delay1ms                               0x00002338   Section        0  ddl.o(i.delay1ms)
    i.flash_filesystem_erase_product_nv      0x00002390   Section        0  cfs_demo.o(i.flash_filesystem_erase_product_nv)
    i.flash_filesystem_init                  0x000023a0   Section        0  cfs_demo.o(i.flash_filesystem_init)
    i.flash_filesystem_product_current_id_get 0x000023fc   Section        0  cfs_demo.o(i.flash_filesystem_product_current_id_get)
    i.flash_filesystem_product_current_valid_id_get 0x0000240c   Section        0  cfs_demo.o(i.flash_filesystem_product_current_valid_id_get)
    i.flash_filesystem_product_delete_object 0x0000241c   Section        0  cfs_demo.o(i.flash_filesystem_product_delete_object)
    i.flash_filesystem_read_product_nv       0x0000242c   Section        0  cfs_demo.o(i.flash_filesystem_read_product_nv)
    i.flash_filesystem_write_product_nv      0x00002454   Section        0  cfs_demo.o(i.flash_filesystem_write_product_nv)
    i.fputc                                  0x0000247c   Section        0  retarget_io.o(i.fputc)
    i.fputs                                  0x0000249c   Section        0  fputs.o(i.fputs)
    i.free                                   0x000024b4   Section        0  malloc.o(i.free)
    i.main                                   0x00002508   Section        0  main.o(i.main)
    i.malloc                                 0x00002944   Section        0  malloc.o(i.malloc)
    i.stderr_putchar                         0x000029b0   Section        0  retarget_io.o(i.stderr_putchar)
    stderr_putchar                           0x000029b1   Thumb Code     4  retarget_io.o(i.stderr_putchar)
    i.system_ble_uart0_send_string           0x000029b4   Section        0  system_uart.o(i.system_ble_uart0_send_string)
    i.system_uart0_config_init               0x000029dc   Section        0  system_uart.o(i.system_uart0_config_init)
    i.system_uart0_port_init                 0x00002a68   Section        0  system_uart.o(i.system_uart0_port_init)
    .constdata                               0x00002ab0   Section       24  sysctrl.o(.constdata)
    .constdata                               0x00002ac8   Section        8  uart.o(.constdata)
    .conststring                             0x00002ad0   Section       92  cfs_system_oc.o(.conststring)
    .conststring                             0x00002b2c   Section      201  cycle_flash_system.o(.conststring)
    .data                                    0x20000000   Section        4  system_hc32l17x.o(.data)
    .data                                    0x20000004   Section        1  sysctrl.o(.data)
    bDacPeriBac                              0x20000004   Data           1  sysctrl.o(.data)
    .data                                    0x20000008   Section       32  main.o(.data)
    .data                                    0x20000028   Section        8  cfs_system_oc.o(.data)
    cfs_system_object_head                   0x20000028   Data           4  cfs_system_oc.o(.data)
    cfs_system_object_tail                   0x2000002c   Data           4  cfs_system_oc.o(.data)
    .data                                    0x20000030   Section        4  cycle_flash_system.o(.data)
    .data                                    0x20000038   Section        9  cfs_demo.o(.data)
    product_filesystem                       0x20000038   Data           8  cfs_demo.o(.data)
    filesystem_success_init                  0x20000040   Data           1  cfs_demo.o(.data)
    .data                                    0x20000041   Section        1  cfs_port_device_flash.o(.data)
    cfs_port_flash_init_flag                 0x20000041   Data           1  cfs_port_device_flash.o(.data)
    .data                                    0x20000044   Section        4  stderr.o(.data)
    .data                                    0x20000048   Section        4  mvars.o(.data)
    .data                                    0x2000004c   Section        4  mvars.o(.data)
    .bss                                     0x20000050   Section      128  main.o(.bss)
    .bss                                     0x200000d0   Section       12  system_uart.o(.bss)
    HEAP                                     0x200000e0   Section     1024  startup_hc32l17x.o(HEAP)
    STACK                                    0x200004e0   Section     1024  startup_hc32l17x.o(STACK)

    Global Symbols

    Symbol Name                              Value     Ov Type        Size  Object(Section)

    BuildAttributes$$THM_ISAv3M$S$PE$A:L22$X:L11$S22$IEEE1$IW$USESV6$~STKCKD$USESV7$~SHL$OTIME$ROPI$EBA8$MICROLIB$REQ8$PRES8$EABIv2 0x00000000   Number         0  anon$$obj.o ABSOLUTE
    __ARM_use_no_argv                        0x00000000   Number         0  main.o ABSOLUTE
    __Vectors                                0x00000000   Data           0  startup_hc32l17x.o(RESET)
    _printf_a                                0x00000000   Number         0  stubs.o ABSOLUTE
    _printf_c                                0x00000000   Number         0  stubs.o ABSOLUTE
    _printf_charcount                        0x00000000   Number         0  stubs.o ABSOLUTE
    _printf_d                                0x00000000   Number         0  stubs.o ABSOLUTE
    _printf_e                                0x00000000   Number         0  stubs.o ABSOLUTE
    _printf_f                                0x00000000   Number         0  stubs.o ABSOLUTE
    _printf_flags                            0x00000000   Number         0  stubs.o ABSOLUTE
    _printf_fp_dec                           0x00000000   Number         0  stubs.o ABSOLUTE
    _printf_fp_hex                           0x00000000   Number         0  stubs.o ABSOLUTE
    _printf_g                                0x00000000   Number         0  stubs.o ABSOLUTE
    _printf_i                                0x00000000   Number         0  stubs.o ABSOLUTE
    _printf_int_dec                          0x00000000   Number         0  stubs.o ABSOLUTE
    _printf_l                                0x00000000   Number         0  stubs.o ABSOLUTE
    _printf_lc                               0x00000000   Number         0  stubs.o ABSOLUTE
    _printf_ll                               0x00000000   Number         0  stubs.o ABSOLUTE
    _printf_lld                              0x00000000   Number         0  stubs.o ABSOLUTE
    _printf_lli                              0x00000000   Number         0  stubs.o ABSOLUTE
    _printf_llo                              0x00000000   Number         0  stubs.o ABSOLUTE
    _printf_llu                              0x00000000   Number         0  stubs.o ABSOLUTE
    _printf_llx                              0x00000000   Number         0  stubs.o ABSOLUTE
    _printf_longlong_dec                     0x00000000   Number         0  stubs.o ABSOLUTE
    _printf_longlong_hex                     0x00000000   Number         0  stubs.o ABSOLUTE
    _printf_longlong_oct                     0x00000000   Number         0  stubs.o ABSOLUTE
    _printf_ls                               0x00000000   Number         0  stubs.o ABSOLUTE
    _printf_mbtowc                           0x00000000   Number         0  stubs.o ABSOLUTE
    _printf_n                                0x00000000   Number         0  stubs.o ABSOLUTE
    _printf_o                                0x00000000   Number         0  stubs.o ABSOLUTE
    _printf_p                                0x00000000   Number         0  stubs.o ABSOLUTE
    _printf_percent                          0x00000000   Number         0  stubs.o ABSOLUTE
    _printf_pre_padding                      0x00000000   Number         0  stubs.o ABSOLUTE
    _printf_return_value                     0x00000000   Number         0  stubs.o ABSOLUTE
    _printf_s                                0x00000000   Number         0  stubs.o ABSOLUTE
    _printf_sizespec                         0x00000000   Number         0  stubs.o ABSOLUTE
    _printf_str                              0x00000000   Number         0  stubs.o ABSOLUTE
    _printf_truncate_signed                  0x00000000   Number         0  stubs.o ABSOLUTE
    _printf_truncate_unsigned                0x00000000   Number         0  stubs.o ABSOLUTE
    _printf_u                                0x00000000   Number         0  stubs.o ABSOLUTE
    _printf_wc                               0x00000000   Number         0  stubs.o ABSOLUTE
    _printf_wctomb                           0x00000000   Number         0  stubs.o ABSOLUTE
    _printf_widthprec                        0x00000000   Number         0  stubs.o ABSOLUTE
    _printf_x                                0x00000000   Number         0  stubs.o ABSOLUTE
    Adc_IRQHandler                            - Undefined Weak Reference
    ClkTrim_IRQHandler                        - Undefined Weak Reference
    Dac_IRQHandler                            - Undefined Weak Reference
    Dmac_IRQHandler                           - Undefined Weak Reference
    Flash_IRQHandler                          - Undefined Weak Reference
    I2c0_IRQHandler                           - Undefined Weak Reference
    I2c1_IRQHandler                           - Undefined Weak Reference
    Lcd_IRQHandler                            - Undefined Weak Reference
    LpTim0_IRQHandler                         - Undefined Weak Reference
    LpTim1_IRQHandler                         - Undefined Weak Reference
    LpUart0_IRQHandler                        - Undefined Weak Reference
    LpUart1_IRQHandler                        - Undefined Weak Reference
    Lvd_IRQHandler                            - Undefined Weak Reference
    Pca_IRQHandler                            - Undefined Weak Reference
    Pcnt_IRQHandler                           - Undefined Weak Reference
    PortA_IRQHandler                          - Undefined Weak Reference
    PortB_IRQHandler                          - Undefined Weak Reference
    PortC_IRQHandler                          - Undefined Weak Reference
    PortD_IRQHandler                          - Undefined Weak Reference
    PortE_IRQHandler                          - Undefined Weak Reference
    PortF_IRQHandler                          - Undefined Weak Reference
    Ram_IRQHandler                            - Undefined Weak Reference
    Rtc_IRQHandler                            - Undefined Weak Reference
    Spi0_IRQHandler                           - Undefined Weak Reference
    Spi1_IRQHandler                           - Undefined Weak Reference
    SysTick_IRQHandler                        - Undefined Weak Reference
    Tim0_IRQHandler                           - Undefined Weak Reference
    Tim1_IRQHandler                           - Undefined Weak Reference
    Tim2_IRQHandler                           - Undefined Weak Reference
    Tim3_IRQHandler                           - Undefined Weak Reference
    Tim4_IRQHandler                           - Undefined Weak Reference
    Tim5_IRQHandler                           - Undefined Weak Reference
    Tim6_IRQHandler                           - Undefined Weak Reference
    Uart0_IRQHandler                          - Undefined Weak Reference
    Uart1_IRQHandler                          - Undefined Weak Reference
    Uart2_IRQHandler                          - Undefined Weak Reference
    Uart3_IRQHandler                          - Undefined Weak Reference
    Vc0_IRQHandler                            - Undefined Weak Reference
    Vc1_IRQHandler                            - Undefined Weak Reference
    Vc2_IRQHandler                            - Undefined Weak Reference
    Wdt_IRQHandler                            - Undefined Weak Reference
    __cpp_initialize__aeabi_                  - Undefined Weak Reference
    __cxa_finalize                            - Undefined Weak Reference
    __decompress                              - Undefined Weak Reference
    _clock_init                               - Undefined Weak Reference
    _microlib_exit                            - Undefined Weak Reference
    __Vectors_End                            0x000000c0   Data           0  startup_hc32l17x.o(RESET)
    __Vectors_Size                           0x000000c0   Number         0  startup_hc32l17x.o ABSOLUTE
    __main                                   0x000000c1   Thumb Code     0  entry.o(.ARM.Collect$$$$00000000)
    _main_stk                                0x000000c1   Thumb Code     0  entry2.o(.ARM.Collect$$$$00000001)
    _main_scatterload                        0x000000c5   Thumb Code     0  entry5.o(.ARM.Collect$$$$00000004)
    __main_after_scatterload                 0x000000c9   Thumb Code     0  entry5.o(.ARM.Collect$$$$00000004)
    _main_clock                              0x000000c9   Thumb Code     0  entry7b.o(.ARM.Collect$$$$00000008)
    _main_cpp_init                           0x000000c9   Thumb Code     0  entry8b.o(.ARM.Collect$$$$0000000A)
    _main_init                               0x000000c9   Thumb Code     0  entry9a.o(.ARM.Collect$$$$0000000B)
    __rt_final_cpp                           0x000000d1   Thumb Code     0  entry10a.o(.ARM.Collect$$$$0000000D)
    __rt_final_exit                          0x000000d1   Thumb Code     0  entry11a.o(.ARM.Collect$$$$0000000F)
    Reset_Handler                            0x000000d5   Thumb Code    26  startup_hc32l17x.o(.text)
    NMI_Handler                              0x000000ef   Thumb Code     2  startup_hc32l17x.o(.text)
    SVC_Handler                              0x000000f3   Thumb Code     2  startup_hc32l17x.o(.text)
    PendSV_Handler                           0x000000f5   Thumb Code     2  startup_hc32l17x.o(.text)
    __aeabi_uidiv                            0x00000111   Thumb Code     0  uidiv.o(.text)
    __aeabi_uidivmod                         0x00000111   Thumb Code    44  uidiv.o(.text)
    __aeabi_idiv                             0x0000013d   Thumb Code     0  idiv.o(.text)
    __aeabi_idivmod                          0x0000013d   Thumb Code    40  idiv.o(.text)
    __aeabi_memcpy                           0x00000165   Thumb Code    36  memcpya.o(.text)
    __aeabi_memcpy4                          0x00000165   Thumb Code     0  memcpya.o(.text)
    __aeabi_memcpy8                          0x00000165   Thumb Code     0  memcpya.o(.text)
    __aeabi_memset                           0x00000189   Thumb Code    14  memseta.o(.text)
    __aeabi_memset4                          0x00000189   Thumb Code     0  memseta.o(.text)
    __aeabi_memset8                          0x00000189   Thumb Code     0  memseta.o(.text)
    __aeabi_memclr                           0x00000197   Thumb Code     4  memseta.o(.text)
    __aeabi_memclr4                          0x00000197   Thumb Code     0  memseta.o(.text)
    __aeabi_memclr8                          0x00000197   Thumb Code     0  memseta.o(.text)
    _memset$wrapper                          0x0000019b   Thumb Code    18  memseta.o(.text)
    strlen                                   0x000001ad   Thumb Code    14  strlen.o(.text)
    memcmp                                   0x000001bb   Thumb Code    26  memcmp.o(.text)
    __aeabi_fadd                             0x000001d5   Thumb Code   162  fadd.o(.text)
    __aeabi_fsub                             0x00000277   Thumb Code     8  fadd.o(.text)
    __aeabi_frsub                            0x0000027f   Thumb Code     8  fadd.o(.text)
    __aeabi_fdiv                             0x00000287   Thumb Code   124  fdiv.o(.text)
    __aeabi_ui2f                             0x00000303   Thumb Code    14  ffltui.o(.text)
    __aeabi_f2uiz                            0x00000311   Thumb Code    40  ffixui.o(.text)
    __I$use$fp                               0x00000339   Thumb Code     0  iusefp.o(.text)
    _float_round                             0x00000339   Thumb Code    16  fepilogue.o(.text)
    _float_epilogue                          0x00000349   Thumb Code   114  fepilogue.o(.text)
    __scatterload                            0x000003bd   Thumb Code    28  init.o(.text)
    __scatterload_rt2                        0x000003bd   Thumb Code     0  init.o(.text)
    main                                     0x000003e1   Thumb Code    14  system_hc32l17x.o(i.$Sub$$main)
    ADC_DAC_IRQHandler                       0x000003ef   Thumb Code    12  interrupts_hc32l17x.o(i.ADC_DAC_IRQHandler)
    CLKTRIM_IRQHandler                       0x000003fb   Thumb Code     8  interrupts_hc32l17x.o(i.CLKTRIM_IRQHandler)
    DMAC_IRQHandler                          0x00000403   Thumb Code     8  interrupts_hc32l17x.o(i.DMAC_IRQHandler)
    FLASH_RAM_IRQHandler                     0x0000040b   Thumb Code    12  interrupts_hc32l17x.o(i.FLASH_RAM_IRQHandler)
    Flash_LockAll                            0x00000419   Thumb Code    28  flash.o(i.Flash_LockAll)
    Flash_SectorErase                        0x00000441   Thumb Code   158  flash.o(i.Flash_SectorErase)
    Flash_UnlockAll                          0x000004f1   Thumb Code    32  flash.o(i.Flash_UnlockAll)
    Flash_WriteByte                          0x0000051d   Thumb Code   158  flash.o(i.Flash_WriteByte)
    Flash_WriteHalfWord                      0x000005cd   Thumb Code   158  flash.o(i.Flash_WriteHalfWord)
    Flash_WriteWord                          0x0000067d   Thumb Code   158  flash.o(i.Flash_WriteWord)
    Gpio_Init                                0x0000072d   Thumb Code   144  gpio.o(i.Gpio_Init)
    Gpio_SetAfMode                           0x000007c9   Thumb Code    16  gpio.o(i.Gpio_SetAfMode)
    HardFault_Handler                        0x000007dd   Thumb Code    16  interrupts_hc32l17x.o(i.HardFault_Handler)
    I2C0_IRQHandler                          0x000007ed   Thumb Code     8  interrupts_hc32l17x.o(i.I2C0_IRQHandler)
    I2C1_IRQHandler                          0x000007f5   Thumb Code     8  interrupts_hc32l17x.o(i.I2C1_IRQHandler)
    LCD_IRQHandler                           0x000007fd   Thumb Code     8  interrupts_hc32l17x.o(i.LCD_IRQHandler)
    LPTIM0_1_IRQHandler                      0x00000805   Thumb Code    12  interrupts_hc32l17x.o(i.LPTIM0_1_IRQHandler)
    LPUART0_IRQHandler                       0x00000811   Thumb Code     8  interrupts_hc32l17x.o(i.LPUART0_IRQHandler)
    LPUART1_IRQHandler                       0x00000819   Thumb Code     8  interrupts_hc32l17x.o(i.LPUART1_IRQHandler)
    LVD_IRQHandler                           0x00000821   Thumb Code     8  interrupts_hc32l17x.o(i.LVD_IRQHandler)
    PCA_IRQHandler                           0x00000829   Thumb Code     8  interrupts_hc32l17x.o(i.PCA_IRQHandler)
    PCNT_IRQHandler                          0x00000831   Thumb Code     8  interrupts_hc32l17x.o(i.PCNT_IRQHandler)
    PORTA_IRQHandler                         0x00000839   Thumb Code     8  interrupts_hc32l17x.o(i.PORTA_IRQHandler)
    PORTB_IRQHandler                         0x00000841   Thumb Code     8  interrupts_hc32l17x.o(i.PORTB_IRQHandler)
    PORTC_E_IRQHandler                       0x00000849   Thumb Code    12  interrupts_hc32l17x.o(i.PORTC_E_IRQHandler)
    PORTD_F_IRQHandler                       0x00000855   Thumb Code    12  interrupts_hc32l17x.o(i.PORTD_F_IRQHandler)
    RTC_IRQHandler                           0x00000861   Thumb Code     8  interrupts_hc32l17x.o(i.RTC_IRQHandler)
    SPI0_IRQHandler                          0x00000869   Thumb Code     8  interrupts_hc32l17x.o(i.SPI0_IRQHandler)
    SPI1_IRQHandler                          0x00000871   Thumb Code     8  interrupts_hc32l17x.o(i.SPI1_IRQHandler)
    SetBit                                   0x00000879   Thumb Code    30  ddl.o(i.SetBit)
    SysTick_Handler                          0x00000897   Thumb Code     8  interrupts_hc32l17x.o(i.SysTick_Handler)
    Sysctrl_GetHClkFreq                      0x000008a1   Thumb Code   354  sysctrl.o(i.Sysctrl_GetHClkFreq)
    Sysctrl_GetPClkFreq                      0x00000a15   Thumb Code    28  sysctrl.o(i.Sysctrl_GetPClkFreq)
    Sysctrl_SetPeripheralGate                0x00000a35   Thumb Code    72  sysctrl.o(i.Sysctrl_SetPeripheralGate)
    SystemCoreClockUpdate                    0x00000a85   Thumb Code    12  system_hc32l17x.o(i.SystemCoreClockUpdate)
    SystemInit                               0x00000a95   Thumb Code    56  system_hc32l17x.o(i.SystemInit)
    TIM0_IRQHandler                          0x00000ad5   Thumb Code     8  interrupts_hc32l17x.o(i.TIM0_IRQHandler)
    TIM1_IRQHandler                          0x00000add   Thumb Code     8  interrupts_hc32l17x.o(i.TIM1_IRQHandler)
    TIM2_IRQHandler                          0x00000ae5   Thumb Code     8  interrupts_hc32l17x.o(i.TIM2_IRQHandler)
    TIM3_IRQHandler                          0x00000aed   Thumb Code     8  interrupts_hc32l17x.o(i.TIM3_IRQHandler)
    TIM4_IRQHandler                          0x00000af5   Thumb Code     8  interrupts_hc32l17x.o(i.TIM4_IRQHandler)
    TIM5_IRQHandler                          0x00000afd   Thumb Code     8  interrupts_hc32l17x.o(i.TIM5_IRQHandler)
    TIM6_IRQHandler                          0x00000b05   Thumb Code     8  interrupts_hc32l17x.o(i.TIM6_IRQHandler)
    UART0_2_IRQHandler                       0x00000b0d   Thumb Code    12  interrupts_hc32l17x.o(i.UART0_2_IRQHandler)
    UART1_3_IRQHandler                       0x00000b19   Thumb Code    12  interrupts_hc32l17x.o(i.UART1_3_IRQHandler)
    Uart_ClrStatus                           0x00000b25   Thumb Code    22  uart.o(i.Uart_ClrStatus)
    Uart_EnableFunc                          0x00000b3b   Thumb Code    20  uart.o(i.Uart_EnableFunc)
    Uart_EnableIrq                           0x00000b4f   Thumb Code    20  uart.o(i.Uart_EnableIrq)
    Uart_Init                                0x00000b65   Thumb Code   144  uart.o(i.Uart_Init)
    Uart_SendDataIt                          0x00000bf9   Thumb Code    18  uart.o(i.Uart_SendDataIt)
    VC0_IRQHandler                           0x00000c0b   Thumb Code     8  interrupts_hc32l17x.o(i.VC0_IRQHandler)
    VC1_2_IRQHandler                         0x00000c13   Thumb Code    12  interrupts_hc32l17x.o(i.VC1_2_IRQHandler)
    WDT_IRQHandler                           0x00000c1f   Thumb Code     8  interrupts_hc32l17x.o(i.WDT_IRQHandler)
    __0sprintf$3                             0x00000c71   Thumb Code    36  printf3.o(i.__0sprintf$3)
    __1sprintf$3                             0x00000c71   Thumb Code     0  printf3.o(i.__0sprintf$3)
    __2sprintf                               0x00000c71   Thumb Code     0  printf3.o(i.__0sprintf$3)
    __ARM_common_switch8                     0x00000c99   Thumb Code    28  adc.o(i.__ARM_common_switch8)
    __aeabi_assert                           0x00000cb5   Thumb Code   110  retarget_io.o(i.__aeabi_assert)
    __scatterload_copy                       0x00000de5   Thumb Code    14  handlers.o(i.__scatterload_copy)
    __scatterload_null                       0x00000df3   Thumb Code     2  handlers.o(i.__scatterload_null)
    __scatterload_zeroinit                   0x00000df5   Thumb Code    14  handlers.o(i.__scatterload_zeroinit)
    abort                                    0x000011db   Thumb Code     4  retarget_io.o(i.abort)
    cfs_nv_clear                             0x000015d1   Thumb Code    58  cycle_flash_system.o(i.cfs_nv_clear)
    cfs_nv_get_current_id                    0x00001659   Thumb Code    32  cycle_flash_system.o(i.cfs_nv_get_current_id)
    cfs_nv_get_current_valid_id              0x00001679   Thumb Code    32  cycle_flash_system.o(i.cfs_nv_get_current_valid_id)
    cfs_nv_object_delete                     0x00001699   Thumb Code    30  cycle_flash_system.o(i.cfs_nv_object_delete)
    cfs_nv_object_init                       0x000016b9   Thumb Code   196  cycle_flash_system.o(i.cfs_nv_object_init)
    cfs_nv_read                              0x000017ed   Thumb Code   184  cycle_flash_system.o(i.cfs_nv_read)
    cfs_nv_write                             0x00001905   Thumb Code   112  cycle_flash_system.o(i.cfs_nv_write)
    cfs_port_system_flash_erasing_page       0x000019bd   Thumb Code    42  cfs_port_device_flash.o(i.cfs_port_system_flash_erasing_page)
    cfs_port_system_flash_init               0x000019e9   Thumb Code    20  cfs_port_device_flash.o(i.cfs_port_system_flash_init)
    cfs_port_system_flash_lock_disable       0x00001a01   Thumb Code     4  cfs_port_device_flash.o(i.cfs_port_system_flash_lock_disable)
    cfs_port_system_flash_lock_enable        0x00001a05   Thumb Code     4  cfs_port_device_flash.o(i.cfs_port_system_flash_lock_enable)
    cfs_port_system_flash_read               0x00001a09   Thumb Code    20  cfs_port_device_flash.o(i.cfs_port_system_flash_read)
    cfs_port_system_flash_read_checking_null_values 0x00001a1d   Thumb Code    36  cfs_port_device_flash.o(i.cfs_port_system_flash_read_checking_null_values)
    cfs_port_system_flash_read_contrast      0x00001a41   Thumb Code    28  cfs_port_device_flash.o(i.cfs_port_system_flash_read_contrast)
    cfs_port_system_flash_write_byte         0x00001a5d   Thumb Code    38  cfs_port_device_flash.o(i.cfs_port_system_flash_write_byte)
    cfs_port_system_flash_write_half_word    0x00001a83   Thumb Code    58  cfs_port_device_flash.o(i.cfs_port_system_flash_write_half_word)
    cfs_port_system_flash_write_word         0x00001abd   Thumb Code    68  cfs_port_device_flash.o(i.cfs_port_system_flash_write_word)
    cfs_system_oc_add_object                 0x00001b01   Thumb Code   132  cfs_system_oc.o(i.cfs_system_oc_add_object)
    cfs_system_oc_add_write_flash_data       0x00001b8d   Thumb Code   164  cfs_system_oc.o(i.cfs_system_oc_add_write_flash_data)
    cfs_system_oc_flash_checking_null_values 0x00001c71   Thumb Code    30  cfs_system_oc.o(i.cfs_system_oc_flash_checking_null_values)
    cfs_system_oc_flash_data_clear           0x00001c8f   Thumb Code    18  cfs_system_oc.o(i.cfs_system_oc_flash_data_clear)
    cfs_system_oc_flash_repeat_address       0x00001ca1   Thumb Code   106  cfs_system_oc.o(i.cfs_system_oc_flash_repeat_address)
    cfs_system_oc_object_delete              0x00001d11   Thumb Code   106  cfs_system_oc.o(i.cfs_system_oc_object_delete)
    cfs_system_oc_object_id_get              0x00001d85   Thumb Code     6  cfs_system_oc.o(i.cfs_system_oc_object_id_get)
    cfs_system_oc_object_id_set              0x00001d8b   Thumb Code     8  cfs_system_oc.o(i.cfs_system_oc_object_id_set)
    cfs_system_oc_object_linked_crc_16_verify 0x00001d93   Thumb Code    30  cfs_system_oc.o(i.cfs_system_oc_object_linked_crc_16_verify)
    cfs_system_oc_object_struct_type_get     0x00001db1   Thumb Code     8  cfs_system_oc.o(i.cfs_system_oc_object_struct_type_get)
    cfs_system_oc_object_valid_id_number_get 0x00001db9   Thumb Code     6  cfs_system_oc.o(i.cfs_system_oc_object_valid_id_number_get)
    cfs_system_oc_object_valid_id_number_set 0x00001dbf   Thumb Code     8  cfs_system_oc.o(i.cfs_system_oc_object_valid_id_number_set)
    cfs_system_oc_read_flash_data            0x00001dc9   Thumb Code   120  cfs_system_oc.o(i.cfs_system_oc_read_flash_data)
    cfs_system_oc_set_write_flash_data       0x00001eb5   Thumb Code   272  cfs_system_oc.o(i.cfs_system_oc_set_write_flash_data)
    cfs_system_oc_system_object_get          0x00002005   Thumb Code     6  cfs_system_oc.o(i.cfs_system_oc_system_object_get)
    cfs_system_oc_valid_data_number          0x0000200b   Thumb Code   202  cfs_system_oc.o(i.cfs_system_oc_valid_data_number)
    cfs_system_oc_via_id_calculate_addr      0x000020d5   Thumb Code   152  cfs_system_oc.o(i.cfs_system_oc_via_id_calculate_addr)
    cfs_system_utils_crc16_xmodem_check      0x000021d5   Thumb Code    76  cfs_system_utils.o(i.cfs_system_utils_crc16_xmodem_check)
    cfs_system_utils_crc16_xmodem_check_data_block 0x00002225   Thumb Code   122  cfs_system_utils.o(i.cfs_system_utils_crc16_xmodem_check_data_block)
    ddl_memclr                               0x00002319   Thumb Code    32  ddl.o(i.ddl_memclr)
    delay1ms                                 0x00002339   Thumb Code    76  ddl.o(i.delay1ms)
    flash_filesystem_erase_product_nv        0x00002391   Thumb Code    12  cfs_demo.o(i.flash_filesystem_erase_product_nv)
    flash_filesystem_init                    0x000023a1   Thumb Code    84  cfs_demo.o(i.flash_filesystem_init)
    flash_filesystem_product_current_id_get  0x000023fd   Thumb Code    12  cfs_demo.o(i.flash_filesystem_product_current_id_get)
    flash_filesystem_product_current_valid_id_get 0x0000240d   Thumb Code    12  cfs_demo.o(i.flash_filesystem_product_current_valid_id_get)
    flash_filesystem_product_delete_object   0x0000241d   Thumb Code    12  cfs_demo.o(i.flash_filesystem_product_delete_object)
    flash_filesystem_read_product_nv         0x0000242d   Thumb Code    36  cfs_demo.o(i.flash_filesystem_read_product_nv)
    flash_filesystem_write_product_nv        0x00002455   Thumb Code    36  cfs_demo.o(i.flash_filesystem_write_product_nv)
    fputc                                    0x0000247d   Thumb Code    26  retarget_io.o(i.fputc)
    fputs                                    0x0000249d   Thumb Code    24  fputs.o(i.fputs)
    free                                     0x000024b5   Thumb Code    80  malloc.o(i.free)
    $Super$$main                             0x00002509   Thumb Code   550  main.o(i.main)
    malloc                                   0x00002945   Thumb Code    92  malloc.o(i.malloc)
    system_ble_uart0_send_string             0x000029b5   Thumb Code    38  system_uart.o(i.system_ble_uart0_send_string)
    system_uart0_config_init                 0x000029dd   Thumb Code   134  system_uart.o(i.system_uart0_config_init)
    system_uart0_port_init                   0x00002a69   Thumb Code    72  system_uart.o(i.system_uart0_port_init)
    Region$$Table$$Base                      0x00002bf8   Number         0  anon$$obj.o(Region$$Table)
    Region$$Table$$Limit                     0x00002c18   Number         0  anon$$obj.o(Region$$Table)
    SystemCoreClock                          0x20000000   Data           4  system_hc32l17x.o(.data)
    id                                       0x20000008   Data           4  main.o(.data)
    data                                     0x2000000c   Data          28  main.o(.data)
    temp_cfs_object_linked_list              0x20000030   Data           4  cycle_flash_system.o(.data)
    __stderr                                 0x20000044   Data           4  stderr.o(.data)
    __microlib_freelist                      0x20000048   Data           4  mvars.o(.data)
    __microlib_freelist_initialised          0x2000004c   Data           4  mvars.o(.data)
    data_read                                0x20000050   Data          28  main.o(.bss)
    uart_data                                0x2000006c   Data         100  main.o(.bss)
    UART0_Fram_Record                        0x200000d0   Data          12  system_uart.o(.bss)
    __heap_base                              0x200000e0   Data           0  startup_hc32l17x.o(HEAP)
    __heap_limit                             0x200004e0   Data           0  startup_hc32l17x.o(HEAP)
    __initial_sp                             0x200008e0   Data           0  startup_hc32l17x.o(STACK)



==============================================================================

Memory Map of the image

  Image Entry point : 0x000000c1

  Load Region LR_IROM1 (Base: 0x00000000, Size: 0x00002c68, Max: 0x00020000, ABSOLUTE)

    Execution Region ER_IROM1 (Exec base: 0x00000000, Load base: 0x00000000, Size: 0x00002c18, Max: 0x00020000, ABSOLUTE)

    Exec Addr    Load Addr    Size         Type   Attr      Idx    E Section Name        Object

    0x00000000   0x00000000   0x000000c0   Data   RO          338    RESET               startup_hc32l17x.o
    0x000000c0   0x000000c0   0x00000000   Code   RO         4593  * .ARM.Collect$$$$00000000  mc_p.l(entry.o)
    0x000000c0   0x000000c0   0x00000004   Code   RO         4912    .ARM.Collect$$$$00000001  mc_p.l(entry2.o)
    0x000000c4   0x000000c4   0x00000004   Code   RO         4915    .ARM.Collect$$$$00000004  mc_p.l(entry5.o)
    0x000000c8   0x000000c8   0x00000000   Code   RO         4917    .ARM.Collect$$$$00000008  mc_p.l(entry7b.o)
    0x000000c8   0x000000c8   0x00000000   Code   RO         4919    .ARM.Collect$$$$0000000A  mc_p.l(entry8b.o)
    0x000000c8   0x000000c8   0x00000008   Code   RO         4920    .ARM.Collect$$$$0000000B  mc_p.l(entry9a.o)
    0x000000d0   0x000000d0   0x00000000   Code   RO         4922    .ARM.Collect$$$$0000000D  mc_p.l(entry10a.o)
    0x000000d0   0x000000d0   0x00000000   Code   RO         4924    .ARM.Collect$$$$0000000F  mc_p.l(entry11a.o)
    0x000000d0   0x000000d0   0x00000004   Code   RO         4913    .ARM.Collect$$$$00002712  mc_p.l(entry2.o)
    0x000000d4   0x000000d4   0x0000003c   Code   RO          339    .text               startup_hc32l17x.o
    0x00000110   0x00000110   0x0000002c   Code   RO         4601    .text               mc_p.l(uidiv.o)
    0x0000013c   0x0000013c   0x00000028   Code   RO         4603    .text               mc_p.l(idiv.o)
    0x00000164   0x00000164   0x00000024   Code   RO         4605    .text               mc_p.l(memcpya.o)
    0x00000188   0x00000188   0x00000024   Code   RO         4607    .text               mc_p.l(memseta.o)
    0x000001ac   0x000001ac   0x0000000e   Code   RO         4609    .text               mc_p.l(strlen.o)
    0x000001ba   0x000001ba   0x0000001a   Code   RO         4611    .text               mc_p.l(memcmp.o)
    0x000001d4   0x000001d4   0x000000b2   Code   RO         4904    .text               mf_p.l(fadd.o)
    0x00000286   0x00000286   0x0000007c   Code   RO         4906    .text               mf_p.l(fdiv.o)
    0x00000302   0x00000302   0x0000000e   Code   RO         4908    .text               mf_p.l(ffltui.o)
    0x00000310   0x00000310   0x00000028   Code   RO         4910    .text               mf_p.l(ffixui.o)
    0x00000338   0x00000338   0x00000000   Code   RO         4931    .text               mc_p.l(iusefp.o)
    0x00000338   0x00000338   0x00000082   Code   RO         4932    .text               mf_p.l(fepilogue.o)
    0x000003ba   0x000003ba   0x00000002   PAD
    0x000003bc   0x000003bc   0x00000024   Code   RO         4944    .text               mc_p.l(init.o)
    0x000003e0   0x000003e0   0x0000000e   Code   RO          288    i.$Sub$$main        system_hc32l17x.o
    0x000003ee   0x000003ee   0x0000000c   Code   RO            3    i.ADC_DAC_IRQHandler  interrupts_hc32l17x.o
    0x000003fa   0x000003fa   0x00000008   Code   RO            4    i.CLKTRIM_IRQHandler  interrupts_hc32l17x.o
    0x00000402   0x00000402   0x00000008   Code   RO            5    i.DMAC_IRQHandler   interrupts_hc32l17x.o
    0x0000040a   0x0000040a   0x0000000c   Code   RO            7    i.FLASH_RAM_IRQHandler  interrupts_hc32l17x.o
    0x00000416   0x00000416   0x00000002   PAD
    0x00000418   0x00000418   0x00000028   Code   RO         1796    i.Flash_LockAll     flash.o
    0x00000440   0x00000440   0x000000b0   Code   RO         1798    i.Flash_SectorErase  flash.o
    0x000004f0   0x000004f0   0x0000002c   Code   RO         1799    i.Flash_UnlockAll   flash.o
    0x0000051c   0x0000051c   0x000000b0   Code   RO         1801    i.Flash_WriteByte   flash.o
    0x000005cc   0x000005cc   0x000000b0   Code   RO         1802    i.Flash_WriteHalfWord  flash.o
    0x0000067c   0x0000067c   0x000000b0   Code   RO         1803    i.Flash_WriteWord   flash.o
    0x0000072c   0x0000072c   0x0000009c   Code   RO         1906    i.Gpio_Init         gpio.o
    0x000007c8   0x000007c8   0x00000014   Code   RO         1908    i.Gpio_SetAfMode    gpio.o
    0x000007dc   0x000007dc   0x00000010   Code   RO            8    i.HardFault_Handler  interrupts_hc32l17x.o
    0x000007ec   0x000007ec   0x00000008   Code   RO            9    i.I2C0_IRQHandler   interrupts_hc32l17x.o
    0x000007f4   0x000007f4   0x00000008   Code   RO           10    i.I2C1_IRQHandler   interrupts_hc32l17x.o
    0x000007fc   0x000007fc   0x00000008   Code   RO           11    i.LCD_IRQHandler    interrupts_hc32l17x.o
    0x00000804   0x00000804   0x0000000c   Code   RO           12    i.LPTIM0_1_IRQHandler  interrupts_hc32l17x.o
    0x00000810   0x00000810   0x00000008   Code   RO           13    i.LPUART0_IRQHandler  interrupts_hc32l17x.o
    0x00000818   0x00000818   0x00000008   Code   RO           14    i.LPUART1_IRQHandler  interrupts_hc32l17x.o
    0x00000820   0x00000820   0x00000008   Code   RO           15    i.LVD_IRQHandler    interrupts_hc32l17x.o
    0x00000828   0x00000828   0x00000008   Code   RO           16    i.PCA_IRQHandler    interrupts_hc32l17x.o
    0x00000830   0x00000830   0x00000008   Code   RO           17    i.PCNT_IRQHandler   interrupts_hc32l17x.o
    0x00000838   0x00000838   0x00000008   Code   RO           18    i.PORTA_IRQHandler  interrupts_hc32l17x.o
    0x00000840   0x00000840   0x00000008   Code   RO           19    i.PORTB_IRQHandler  interrupts_hc32l17x.o
    0x00000848   0x00000848   0x0000000c   Code   RO           20    i.PORTC_E_IRQHandler  interrupts_hc32l17x.o
    0x00000854   0x00000854   0x0000000c   Code   RO           21    i.PORTD_F_IRQHandler  interrupts_hc32l17x.o
    0x00000860   0x00000860   0x00000008   Code   RO           22    i.RTC_IRQHandler    interrupts_hc32l17x.o
    0x00000868   0x00000868   0x00000008   Code   RO           23    i.SPI0_IRQHandler   interrupts_hc32l17x.o
    0x00000870   0x00000870   0x00000008   Code   RO           24    i.SPI1_IRQHandler   interrupts_hc32l17x.o
    0x00000878   0x00000878   0x0000001e   Code   RO         1528    i.SetBit            ddl.o
    0x00000896   0x00000896   0x00000008   Code   RO           25    i.SysTick_Handler   interrupts_hc32l17x.o
    0x0000089e   0x0000089e   0x00000002   PAD
    0x000008a0   0x000008a0   0x00000174   Code   RO         3159    i.Sysctrl_GetHClkFreq  sysctrl.o
    0x00000a14   0x00000a14   0x00000020   Code   RO         3160    i.Sysctrl_GetPClkFreq  sysctrl.o
    0x00000a34   0x00000a34   0x00000050   Code   RO         3167    i.Sysctrl_SetPeripheralGate  sysctrl.o
    0x00000a84   0x00000a84   0x00000010   Code   RO          289    i.SystemCoreClockUpdate  system_hc32l17x.o
    0x00000a94   0x00000a94   0x00000040   Code   RO          290    i.SystemInit        system_hc32l17x.o
    0x00000ad4   0x00000ad4   0x00000008   Code   RO           26    i.TIM0_IRQHandler   interrupts_hc32l17x.o
    0x00000adc   0x00000adc   0x00000008   Code   RO           27    i.TIM1_IRQHandler   interrupts_hc32l17x.o
    0x00000ae4   0x00000ae4   0x00000008   Code   RO           28    i.TIM2_IRQHandler   interrupts_hc32l17x.o
    0x00000aec   0x00000aec   0x00000008   Code   RO           29    i.TIM3_IRQHandler   interrupts_hc32l17x.o
    0x00000af4   0x00000af4   0x00000008   Code   RO           30    i.TIM4_IRQHandler   interrupts_hc32l17x.o
    0x00000afc   0x00000afc   0x00000008   Code   RO           31    i.TIM5_IRQHandler   interrupts_hc32l17x.o
    0x00000b04   0x00000b04   0x00000008   Code   RO           32    i.TIM6_IRQHandler   interrupts_hc32l17x.o
    0x00000b0c   0x00000b0c   0x0000000c   Code   RO           33    i.UART0_2_IRQHandler  interrupts_hc32l17x.o
    0x00000b18   0x00000b18   0x0000000c   Code   RO           34    i.UART1_3_IRQHandler  interrupts_hc32l17x.o
    0x00000b24   0x00000b24   0x00000016   Code   RO         3768    i.Uart_ClrStatus    uart.o
    0x00000b3a   0x00000b3a   0x00000014   Code   RO         3771    i.Uart_EnableFunc   uart.o
    0x00000b4e   0x00000b4e   0x00000014   Code   RO         3772    i.Uart_EnableIrq    uart.o
    0x00000b62   0x00000b62   0x00000002   PAD
    0x00000b64   0x00000b64   0x00000094   Code   RO         3778    i.Uart_Init         uart.o
    0x00000bf8   0x00000bf8   0x00000012   Code   RO         3780    i.Uart_SendDataIt   uart.o
    0x00000c0a   0x00000c0a   0x00000008   Code   RO           35    i.VC0_IRQHandler    interrupts_hc32l17x.o
    0x00000c12   0x00000c12   0x0000000c   Code   RO           36    i.VC1_2_IRQHandler  interrupts_hc32l17x.o
    0x00000c1e   0x00000c1e   0x00000008   Code   RO           37    i.WDT_IRQHandler    interrupts_hc32l17x.o
    0x00000c26   0x00000c26   0x00000002   PAD
    0x00000c28   0x00000c28   0x00000048   Code   RO          291    i._InitHidePin      system_hc32l17x.o
    0x00000c70   0x00000c70   0x00000028   Code   RO         4706    i.__0sprintf$3      mc_p.l(printf3.o)
    0x00000c98   0x00000c98   0x0000001c   Code   RO          528    i.__ARM_common_switch8  adc.o
    0x00000cb4   0x00000cb4   0x0000009c   Code   RO         4541    i.__aeabi_assert    retarget_io.o
    0x00000d50   0x00000d50   0x00000056   Code   RO         4138    i.__contrast_flash_data_block  cfs_system_oc.o
    0x00000da6   0x00000da6   0x0000003e   Code   RO         4139    i.__read_flash_data_block  cfs_system_oc.o
    0x00000de4   0x00000de4   0x0000000e   Code   RO         4958    i.__scatterload_copy  mc_p.l(handlers.o)
    0x00000df2   0x00000df2   0x00000002   Code   RO         4959    i.__scatterload_null  mc_p.l(handlers.o)
    0x00000df4   0x00000df4   0x0000000e   Code   RO         4960    i.__scatterload_zeroinit  mc_p.l(handlers.o)
    0x00000e02   0x00000e02   0x000000c6   Code   RO         4140    i.__write_flash_data  cfs_system_oc.o
    0x00000ec8   0x00000ec8   0x0000003e   Code   RO         4141    i.__write_flash_data_block  cfs_system_oc.o
    0x00000f06   0x00000f06   0x00000002   PAD
    0x00000f08   0x00000f08   0x0000007c   Code   RO         4398    i._internal_flash_filesystem_read_nv  cfs_demo.o
    0x00000f84   0x00000f84   0x00000080   Code   RO         4399    i._internal_flash_filesystem_write_nv  cfs_demo.o
    0x00001004   0x00001004   0x000001cc   Code   RO         4711    i._printf_core      mc_p.l(printf3.o)
    0x000011d0   0x000011d0   0x0000000a   Code   RO         4713    i._sputc            mc_p.l(printf3.o)
    0x000011da   0x000011da   0x00000004   Code   RO         4543    i.abort             retarget_io.o
    0x000011de   0x000011de   0x0000001a   Code   RO         4311    i.cfs_filesystem_check_flash_repeat_address  cycle_flash_system.o
    0x000011f8   0x000011f8   0x0000008c   Code   RO         4312    i.cfs_filesystem_cycle_data_write  cycle_flash_system.o
    0x00001284   0x00001284   0x000000e0   Code   RO         4313    i.cfs_filesystem_fixed_data_write  cycle_flash_system.o
    0x00001364   0x00001364   0x0000002c   Code   RO         4314    i.cfs_filesystem_flsh_data_read  cycle_flash_system.o
    0x00001390   0x00001390   0x0000003c   Code   RO         4315    i.cfs_filesystem_object_add_oc_object  cycle_flash_system.o
    0x000013cc   0x000013cc   0x000000b0   Code   RO         4316    i.cfs_filesystem_object_id_init  cycle_flash_system.o
    0x0000147c   0x0000147c   0x00000152   Code   RO         4317    i.cfs_filesystem_tight_data_page_id_init  cycle_flash_system.o
    0x000015ce   0x000015ce   0x00000002   PAD
    0x000015d0   0x000015d0   0x00000088   Code   RO         4318    i.cfs_nv_clear      cycle_flash_system.o
    0x00001658   0x00001658   0x00000020   Code   RO         4319    i.cfs_nv_get_current_id  cycle_flash_system.o
    0x00001678   0x00001678   0x00000020   Code   RO         4320    i.cfs_nv_get_current_valid_id  cycle_flash_system.o
    0x00001698   0x00001698   0x0000001e   Code   RO         4321    i.cfs_nv_object_delete  cycle_flash_system.o
    0x000016b6   0x000016b6   0x00000002   PAD
    0x000016b8   0x000016b8   0x00000134   Code   RO         4322    i.cfs_nv_object_init  cycle_flash_system.o
    0x000017ec   0x000017ec   0x00000118   Code   RO         4323    i.cfs_nv_read       cycle_flash_system.o
    0x00001904   0x00001904   0x000000b8   Code   RO         4324    i.cfs_nv_write      cycle_flash_system.o
    0x000019bc   0x000019bc   0x0000002a   Code   RO         4463    i.cfs_port_system_flash_erasing_page  cfs_port_device_flash.o
    0x000019e6   0x000019e6   0x00000002   PAD
    0x000019e8   0x000019e8   0x00000018   Code   RO         4464    i.cfs_port_system_flash_init  cfs_port_device_flash.o
    0x00001a00   0x00001a00   0x00000004   Code   RO         4465    i.cfs_port_system_flash_lock_disable  cfs_port_device_flash.o
    0x00001a04   0x00001a04   0x00000004   Code   RO         4466    i.cfs_port_system_flash_lock_enable  cfs_port_device_flash.o
    0x00001a08   0x00001a08   0x00000014   Code   RO         4467    i.cfs_port_system_flash_read  cfs_port_device_flash.o
    0x00001a1c   0x00001a1c   0x00000024   Code   RO         4468    i.cfs_port_system_flash_read_checking_null_values  cfs_port_device_flash.o
    0x00001a40   0x00001a40   0x0000001c   Code   RO         4469    i.cfs_port_system_flash_read_contrast  cfs_port_device_flash.o
    0x00001a5c   0x00001a5c   0x00000026   Code   RO         4470    i.cfs_port_system_flash_write_byte  cfs_port_device_flash.o
    0x00001a82   0x00001a82   0x0000003a   Code   RO         4471    i.cfs_port_system_flash_write_half_word  cfs_port_device_flash.o
    0x00001abc   0x00001abc   0x00000044   Code   RO         4472    i.cfs_port_system_flash_write_word  cfs_port_device_flash.o
    0x00001b00   0x00001b00   0x0000008c   Code   RO         4142    i.cfs_system_oc_add_object  cfs_system_oc.o
    0x00001b8c   0x00001b8c   0x000000e4   Code   RO         4143    i.cfs_system_oc_add_write_flash_data  cfs_system_oc.o
    0x00001c70   0x00001c70   0x0000001e   Code   RO         4144    i.cfs_system_oc_flash_checking_null_values  cfs_system_oc.o
    0x00001c8e   0x00001c8e   0x00000012   Code   RO         4145    i.cfs_system_oc_flash_data_clear  cfs_system_oc.o
    0x00001ca0   0x00001ca0   0x00000070   Code   RO         4146    i.cfs_system_oc_flash_repeat_address  cfs_system_oc.o
    0x00001d10   0x00001d10   0x00000074   Code   RO         4147    i.cfs_system_oc_object_delete  cfs_system_oc.o
    0x00001d84   0x00001d84   0x00000006   Code   RO         4148    i.cfs_system_oc_object_id_get  cfs_system_oc.o
    0x00001d8a   0x00001d8a   0x00000008   Code   RO         4149    i.cfs_system_oc_object_id_set  cfs_system_oc.o
    0x00001d92   0x00001d92   0x0000001e   Code   RO         4150    i.cfs_system_oc_object_linked_crc_16_verify  cfs_system_oc.o
    0x00001db0   0x00001db0   0x00000008   Code   RO         4151    i.cfs_system_oc_object_struct_type_get  cfs_system_oc.o
    0x00001db8   0x00001db8   0x00000006   Code   RO         4152    i.cfs_system_oc_object_valid_id_number_get  cfs_system_oc.o
    0x00001dbe   0x00001dbe   0x00000008   Code   RO         4153    i.cfs_system_oc_object_valid_id_number_set  cfs_system_oc.o
    0x00001dc6   0x00001dc6   0x00000002   PAD
    0x00001dc8   0x00001dc8   0x000000ec   Code   RO         4154    i.cfs_system_oc_read_flash_data  cfs_system_oc.o
    0x00001eb4   0x00001eb4   0x00000150   Code   RO         4155    i.cfs_system_oc_set_write_flash_data  cfs_system_oc.o
    0x00002004   0x00002004   0x00000006   Code   RO         4156    i.cfs_system_oc_system_object_get  cfs_system_oc.o
    0x0000200a   0x0000200a   0x000000ca   Code   RO         4157    i.cfs_system_oc_valid_data_number  cfs_system_oc.o
    0x000020d4   0x000020d4   0x00000100   Code   RO         4158    i.cfs_system_oc_via_id_calculate_addr  cfs_system_oc.o
    0x000021d4   0x000021d4   0x00000050   Code   RO         4284    i.cfs_system_utils_crc16_xmodem_check  cfs_system_utils.o
    0x00002224   0x00002224   0x000000f4   Code   RO         4285    i.cfs_system_utils_crc16_xmodem_check_data_block  cfs_system_utils.o
    0x00002318   0x00002318   0x00000020   Code   RO         1529    i.ddl_memclr        ddl.o
    0x00002338   0x00002338   0x00000058   Code   RO         1532    i.delay1ms          ddl.o
    0x00002390   0x00002390   0x00000010   Code   RO         4400    i.flash_filesystem_erase_product_nv  cfs_demo.o
    0x000023a0   0x000023a0   0x0000005c   Code   RO         4401    i.flash_filesystem_init  cfs_demo.o
    0x000023fc   0x000023fc   0x00000010   Code   RO         4402    i.flash_filesystem_product_current_id_get  cfs_demo.o
    0x0000240c   0x0000240c   0x00000010   Code   RO         4403    i.flash_filesystem_product_current_valid_id_get  cfs_demo.o
    0x0000241c   0x0000241c   0x00000010   Code   RO         4404    i.flash_filesystem_product_delete_object  cfs_demo.o
    0x0000242c   0x0000242c   0x00000028   Code   RO         4405    i.flash_filesystem_read_product_nv  cfs_demo.o
    0x00002454   0x00002454   0x00000028   Code   RO         4406    i.flash_filesystem_write_product_nv  cfs_demo.o
    0x0000247c   0x0000247c   0x00000020   Code   RO         4545    i.fputc             retarget_io.o
    0x0000249c   0x0000249c   0x00000018   Code   RO         4596    i.fputs             mc_p.l(fputs.o)
    0x000024b4   0x000024b4   0x00000054   Code   RO         4876    i.free              mc_p.l(malloc.o)
    0x00002508   0x00002508   0x0000043c   Code   RO         4029    i.main              main.o
    0x00002944   0x00002944   0x0000006c   Code   RO         4877    i.malloc            mc_p.l(malloc.o)
    0x000029b0   0x000029b0   0x00000004   Code   RO         4546    i.stderr_putchar    retarget_io.o
    0x000029b4   0x000029b4   0x00000026   Code   RO         4092    i.system_ble_uart0_send_string  system_uart.o
    0x000029da   0x000029da   0x00000002   PAD
    0x000029dc   0x000029dc   0x0000008c   Code   RO         4093    i.system_uart0_config_init  system_uart.o
    0x00002a68   0x00002a68   0x00000048   Code   RO         4095    i.system_uart0_port_init  system_uart.o
    0x00002ab0   0x00002ab0   0x00000018   Data   RO         3179    .constdata          sysctrl.o
    0x00002ac8   0x00002ac8   0x00000008   Data   RO         3785    .constdata          uart.o
    0x00002ad0   0x00002ad0   0x0000005c   Data   RO         4159    .conststring        cfs_system_oc.o
    0x00002b2c   0x00002b2c   0x000000c9   Data   RO         4325    .conststring        cycle_flash_system.o
    0x00002bf5   0x00002bf5   0x00000003   PAD
    0x00002bf8   0x00002bf8   0x00000020   Data   RO         4956    Region$$Table       anon$$obj.o


    Execution Region RW_IRAM1 (Exec base: 0x20000000, Load base: 0x00002c18, Size: 0x000008e0, Max: 0x00004000, ABSOLUTE)

    Exec Addr    Load Addr    Size         Type   Attr      Idx    E Section Name        Object

    0x20000000   0x00002c18   0x00000004   Data   RW          292    .data               system_hc32l17x.o
    0x20000004   0x00002c1c   0x00000001   Data   RW         3180    .data               sysctrl.o
    0x20000005   0x00002c1d   0x00000003   PAD
    0x20000008   0x00002c20   0x00000020   Data   RW         4031    .data               main.o
    0x20000028   0x00002c40   0x00000008   Data   RW         4160    .data               cfs_system_oc.o
    0x20000030   0x00002c48   0x00000004   Data   RW         4326    .data               cycle_flash_system.o
    0x20000034   0x00002c4c   0x00000004   PAD
    0x20000038   0x00002c50   0x00000009   Data   RW         4407    .data               cfs_demo.o
    0x20000041   0x00002c59   0x00000001   Data   RW         4473    .data               cfs_port_device_flash.o
    0x20000042   0x00002c5a   0x00000002   PAD
    0x20000044   0x00002c5c   0x00000004   Data   RW         4600    .data               mc_p.l(stderr.o)
    0x20000048   0x00002c60   0x00000004   Data   RW         4929    .data               mc_p.l(mvars.o)
    0x2000004c   0x00002c64   0x00000004   Data   RW         4930    .data               mc_p.l(mvars.o)
    0x20000050        -       0x00000080   Zero   RW         4030    .bss                main.o
    0x200000d0        -       0x0000000c   Zero   RW         4096    .bss                system_uart.o
    0x200000dc   0x00002c68   0x00000004   PAD
    0x200000e0        -       0x00000400   Zero   RW          337    HEAP                startup_hc32l17x.o
    0x200004e0        -       0x00000400   Zero   RW          336    STACK               startup_hc32l17x.o


==============================================================================

Image component sizes


      Code (inc. data)   RO Data    RW Data    ZI Data      Debug   Object Name

        28          0          0          0          0         76   adc.o
       488        114          0          9          0       6766   cfs_demo.o
       322          4          0          1          0       7314   cfs_port_device_flash.o
      2154        372         92          8          0      16375   cfs_system_oc.o
       324        126          0          0          0       2535   cfs_system_utils.o
      2010        536        201          4          0      12348   cycle_flash_system.o
       150         12          0          0          0       2129   ddl.o
       788         96          0          0          0       4864   flash.o
       176         16          0          0          0      39061   gpio.o
       312          0          0          0          0     162124   interrupts_hc32l17x.o
      1084        534          0         32        128       3105   main.o
       196         52          0          0          0       4325   retarget_io.o
        60         22        192          0       2048        640   startup_hc32l17x.o
       484         38         24          1          0       3516   sysctrl.o
       166         24          0          4          0       2148   system_hc32l17x.o
       250          6          0          0         12       2479   system_uart.o
       228          4          8          0          0       4890   uart.o

    ----------------------------------------------------------------------
      9240       1956        552         68       2192     274695   Object Totals
         0          0         32          0          0          0   (incl. Generated)
        20          0          3          9          4          0   (incl. Padding)

    ----------------------------------------------------------------------

      Code (inc. data)   RO Data    RW Data    ZI Data      Debug   Library Member Name

         0          0          0          0          0          0   entry.o
         0          0          0          0          0          0   entry10a.o
         0          0          0          0          0          0   entry11a.o
         8          4          0          0          0          0   entry2.o
         4          0          0          0          0          0   entry5.o
         0          0          0          0          0          0   entry7b.o
         0          0          0          0          0          0   entry8b.o
         8          4          0          0          0          0   entry9a.o
        24          0          0          0          0         72   fputs.o
        30          0          0          0          0          0   handlers.o
        40          0          0          0          0         72   idiv.o
        36          8          0          0          0         68   init.o
         0          0          0          0          0          0   iusefp.o
       192         20          0          0          0        144   malloc.o
        26          0          0          0          0         72   memcmp.o
        36          0          0          0          0         60   memcpya.o
        36          0          0          0          0        100   memseta.o
         0          0          0          8          0          0   mvars.o
       510          8          0          0          0        228   printf3.o
         0          0          0          4          0          0   stderr.o
        14          0          0          0          0         60   strlen.o
        44          0          0          0          0         72   uidiv.o
       178          0          0          0          0        108   fadd.o
       124          0          0          0          0         72   fdiv.o
       130          0          0          0          0        144   fepilogue.o
        40          0          0          0          0         60   ffixui.o
        14          0          0          0          0         68   ffltui.o

    ----------------------------------------------------------------------
      1496         44          0         12          0       1400   Library Totals
         2          0          0          0          0          0   (incl. Padding)

    ----------------------------------------------------------------------

      Code (inc. data)   RO Data    RW Data    ZI Data      Debug   Library Name

      1008         44          0         12          0        948   mc_p.l
       486          0          0          0          0        452   mf_p.l

    ----------------------------------------------------------------------
      1496         44          0         12          0       1400   Library Totals

    ----------------------------------------------------------------------

==============================================================================


      Code (inc. data)   RO Data    RW Data    ZI Data      Debug   

     10736       2000        552         80       2192     270439   Grand Totals
     10736       2000        552         80       2192     270439   ELF Image Totals
     10736       2000        552         80          0          0   ROM Totals

==============================================================================

    Total RO  Size (Code + RO Data)                11288 (  11.02kB)
    Total RW  Size (RW Data + ZI Data)              2272 (   2.22kB)
    Total ROM Size (Code + RO Data + RW Data)      11368 (  11.10kB)

==============================================================================

